#-----------------------------------------------------------
# Vivado v2023.1 (64-bit)
# SW Build 3865809 on Sun May  7 15:05:29 MDT 2023
# IP Build 3864474 on Sun May  7 20:36:21 MDT 2023
# SharedData Build 3865790 on Sun May 07 13:33:03 MDT 2023
# Start of session at: Tue Mar 26 22:22:30 2024
# Process ID: 15592
# Current directory: D:/Xilinx/Project/200t/Quadrature_Demodulation/Quadrature_Demodulation.runs/synth_1
# Command line: vivado.exe -log Quadrature_Demodulation.vds -product Vivado -mode batch -messageDb vivado.pb -notrace -source Quadrature_Demodulation.tcl
# Log file: D:/Xilinx/Project/200t/Quadrature_Demodulation/Quadrature_Demodulation.runs/synth_1/Quadrature_Demodulation.vds
# Journal file: D:/Xilinx/Project/200t/Quadrature_Demodulation/Quadrature_Demodulation.runs/synth_1\vivado.jou
# Running On: Blessing, OS: Windows, CPU Frequency: 2688 MHz, CPU Physical cores: 14, Host memory: 34142 MB
#-----------------------------------------------------------
source Quadrature_Demodulation.tcl -notrace
