#-----------------------------------------------------------
# Vivado v2023.1 (64-bit)
# SW Build 3865809 on Sun May  7 15:05:29 MDT 2023
# IP Build 3864474 on Sun May  7 20:36:21 MDT 2023
# SharedData Build 3865790 on Sun May 07 13:33:03 MDT 2023
# Start of session at: Wed Jul 24 22:26:29 2024
# Process ID: 11940
# Current directory: D:/Xilinx/Project/200t/Quadrature_Demodulation
# Command line: vivado.exe -gui_launcher_event rodinguilauncherevent1864 D:\Xilinx\Project\200t\Quadrature_Demodulation\Quadrature_Demodulation.xpr
# Log file: D:/Xilinx/Project/200t/Quadrature_Demodulation/vivado.log
# Journal file: D:/Xilinx/Project/200t/Quadrature_Demodulation\vivado.jou
# Running On: Blessing, OS: Windows, CPU Frequency: 2688 MHz, CPU Physical cores: 14, Host memory: 34142 MB
#-----------------------------------------------------------
start_gui
Sourcing tcl script 'D:/Xilinx/Vivado/2023.1/scripts/Vivado_init.tcl'
open_project D:/Xilinx/Project/200t/Quadrature_Demodulation/Quadrature_Demodulation.xpr
WARNING: [Board 49-26] cannot add Board Part xilinx.com:kc705:part0:1.6 available at D:/Xilinx/Vivado/2023.1/data/xhub/boards/XilinxBoardStore/boards/Xilinx/kc705/1.6/board.xml as part xc7k325tffg900-2 specified in board_part file is either invalid or not available
WARNING: [Board 49-26] cannot add Board Part xilinx.com:kcu105:part0:1.6 available at D:/Xilinx/Vivado/2023.1/data/xhub/boards/XilinxBoardStore/boards/Xilinx/kcu105/1.6/board.xml as part xcku040-ffva1156-2-e specified in board_part file is either invalid or not available
WARNING: [Board 49-26] cannot add Board Part xilinx.com:kcu105:part0:1.7 available at D:/Xilinx/Vivado/2023.1/data/xhub/boards/XilinxBoardStore/boards/Xilinx/kcu105/1.7/board.xml as part xcku040-ffva1156-2-e specified in board_part file is either invalid or not available
WARNING: [Board 49-26] cannot add Board Part xilinx.com:kcu1500:part0:1.2 available at D:/Xilinx/Vivado/2023.1/data/xhub/boards/XilinxBoardStore/boards/Xilinx/kcu1500/1.2/board.xml as part xcku115-flvb2104-2-e specified in board_part file is either invalid or not available
WARNING: [Board 49-26] cannot add Board Part xilinx.com:vc707:part0:1.4 available at D:/Xilinx/Vivado/2023.1/data/xhub/boards/XilinxBoardStore/boards/Xilinx/vc707/1.4/board.xml as part xc7vx485tffg1761-2 specified in board_part file is either invalid or not available
WARNING: [Board 49-26] cannot add Board Part xilinx.com:vc709:part0:1.8 available at D:/Xilinx/Vivado/2023.1/data/xhub/boards/XilinxBoardStore/boards/Xilinx/vc709/1.8/board.xml as part xc7vx690tffg1761-2 specified in board_part file is either invalid or not available
WARNING: [Board 49-26] cannot add Board Part xilinx.com:vck190:part0:2.2 available at D:/Xilinx/Vivado/2023.1/data/xhub/boards/XilinxBoardStore/boards/Xilinx/vck190/production/2.2/board.xml as part xcvc1902-vsva2197-2mp-e-s specified in board_part file is either invalid or not available
WARNING: [Board 49-26] cannot add Board Part xilinx.com:vck190:part0:3.0 available at D:/Xilinx/Vivado/2023.1/data/xhub/boards/XilinxBoardStore/boards/Xilinx/vck190/production/3.0/board.xml as part xcvc1902-vsva2197-2mp-e-s specified in board_part file is either invalid or not available
WARNING: [Board 49-26] cannot add Board Part xilinx.com:vck190:part0:3.1 available at D:/Xilinx/Vivado/2023.1/data/xhub/boards/XilinxBoardStore/boards/Xilinx/vck190/production/3.1/board.xml as part xcvc1902-vsva2197-2mp-e-s specified in board_part file is either invalid or not available
WARNING: [Board 49-26] cannot add Board Part xilinx.com:vck190:part0:3.2 available at D:/Xilinx/Vivado/2023.1/data/xhub/boards/XilinxBoardStore/boards/Xilinx/vck190/production/3.2/board.xml as part xcvc1902-vsva2197-2mp-e-s specified in board_part file is either invalid or not available
WARNING: [Board 49-26] cannot add Board Part xilinx.com:vck190_newl:part0:1.0 available at D:/Xilinx/Vivado/2023.1/data/xhub/boards/XilinxBoardStore/boards/Xilinx/vck190_newl/production/1.0/board.xml as part xcvc1902-vsva2197-2mp-e-s specified in board_part file is either invalid or not available
WARNING: [Board 49-26] cannot add Board Part xilinx.com:vck190_newl:part0:1.1 available at D:/Xilinx/Vivado/2023.1/data/xhub/boards/XilinxBoardStore/boards/Xilinx/vck190_newl/production/1.1/board.xml as part xcvc1902-vsva2197-2mp-e-s specified in board_part file is either invalid or not available
WARNING: [Board 49-26] cannot add Board Part xilinx.com:vcu108:part0:1.6 available at D:/Xilinx/Vivado/2023.1/data/xhub/boards/XilinxBoardStore/boards/Xilinx/vcu108/1.6/board.xml as part xcvu095-ffva2104-2-e specified in board_part file is either invalid or not available
WARNING: [Board 49-26] cannot add Board Part xilinx.com:vcu108:part0:1.7 available at D:/Xilinx/Vivado/2023.1/data/xhub/boards/XilinxBoardStore/boards/Xilinx/vcu108/1.7/board.xml as part xcvu095-ffva2104-2-e specified in board_part file is either invalid or not available
WARNING: [Board 49-26] cannot add Board Part xilinx.com:vcu110:part0:1.4 available at D:/Xilinx/Vivado/2023.1/data/xhub/boards/XilinxBoardStore/boards/Xilinx/vcu110/1.4/board.xml as part xcvu190-flgc2104-2-e specified in board_part file is either invalid or not available
WARNING: [Board 49-26] cannot add Board Part xilinx.com:vcu118:part0:2.0 available at D:/Xilinx/Vivado/2023.1/data/xhub/boards/XilinxBoardStore/boards/Xilinx/vcu118/2.0/board.xml as part xcvu9p-flga2104-2l-e specified in board_part file is either invalid or not available
WARNING: [Board 49-26] cannot add Board Part xilinx.com:vcu118:part0:2.3 available at D:/Xilinx/Vivado/2023.1/data/xhub/boards/XilinxBoardStore/boards/Xilinx/vcu118/2.3/board.xml as part xcvu9p-flga2104-2l-e specified in board_part file is either invalid or not available
WARNING: [Board 49-26] cannot add Board Part xilinx.com:vcu118:part0:2.4 available at D:/Xilinx/Vivado/2023.1/data/xhub/boards/XilinxBoardStore/boards/Xilinx/vcu118/2.4/board.xml as part xcvu9p-flga2104-2l-e specified in board_part file is either invalid or not available
WARNING: [Board 49-26] cannot add Board Part xilinx.com:vcu129:part0:1.0 available at D:/Xilinx/Vivado/2023.1/data/xhub/boards/XilinxBoardStore/boards/Xilinx/vcu129/production/1.0/board.xml as part xcvu29p-fsga2577-2l-e specified in board_part file is either invalid or not available
WARNING: [Board 49-26] cannot add Board Part xilinx.com:vcu1525:part0:1.3 available at D:/Xilinx/Vivado/2023.1/data/xhub/boards/XilinxBoardStore/boards/Xilinx/vcu1525/1.3/board.xml as part xcvu9p-fsgd2104-2l-e specified in board_part file is either invalid or not available
WARNING: [Board 49-26] cannot add Board Part xilinx.com:vek280_es:part0:1.0 available at D:/Xilinx/Vivado/2023.1/data/xhub/boards/XilinxBoardStore/boards/Xilinx/vek280/es/rev_a/1.0/board.xml as part xcve2802-vsvh1760-2lp-e-s-es1 specified in board_part file is either invalid or not available
WARNING: [Board 49-26] cannot add Board Part xilinx.com:vek280_es:part0:1.1 available at D:/Xilinx/Vivado/2023.1/data/xhub/boards/XilinxBoardStore/boards/Xilinx/vek280/es/rev_a/1.1/board.xml as part xcve2802-vsvh1760-2lp-e-s-es1 specified in board_part file is either invalid or not available
WARNING: [Board 49-26] cannot add Board Part xilinx.com:vek280_es_revb:part0:1.0 available at D:/Xilinx/Vivado/2023.1/data/xhub/boards/XilinxBoardStore/boards/Xilinx/vek280/es/rev_b/1.0/board.xml as part xcve2802-vsvh1760-2mp-e-s-es1 specified in board_part file is either invalid or not available
WARNING: [Board 49-26] cannot add Board Part xilinx.com:vek280_es_revb:part0:1.1 available at D:/Xilinx/Vivado/2023.1/data/xhub/boards/XilinxBoardStore/boards/Xilinx/vek280/es/rev_b/1.1/board.xml as part xcve2802-vsvh1760-2mp-e-s-es1 specified in board_part file is either invalid or not available
WARNING: [Board 49-26] cannot add Board Part xilinx.com:vermeo_t1_mpsoc:part0:1.0 available at D:/Xilinx/Vivado/2023.1/data/xhub/boards/XilinxBoardStore/boards/Xilinx/vermeo_t1_mpsoc/1.0/board.xml as part xczu19eg-ffvd1760-2l-e specified in board_part file is either invalid or not available
WARNING: [Board 49-26] cannot add Board Part xilinx.com:vermeo_t1_rfsoc:part0:1.0 available at D:/Xilinx/Vivado/2023.1/data/xhub/boards/XilinxBoardStore/boards/Xilinx/vermeo_t1_rfsoc/1.0/board.xml as part xczu21dr-ffvd1156-2l-e specified in board_part file is either invalid or not available
WARNING: [Board 49-26] cannot add Board Part xilinx.com:vhk158:part0:1.0 available at D:/Xilinx/Vivado/2023.1/data/xhub/boards/XilinxBoardStore/boards/Xilinx/vhk158/production/1.0/board.xml as part xcvh1582-vsva3697-2mp-e-s specified in board_part file is either invalid or not available
WARNING: [Board 49-26] cannot add Board Part xilinx.com:vhk158_es:part0:1.0 available at D:/Xilinx/Vivado/2023.1/data/xhub/boards/XilinxBoardStore/boards/Xilinx/vhk158/es/1.0/board.xml as part xcvh1582-vsva3697-2mp-e-s-es1 specified in board_part file is either invalid or not available
WARNING: [Board 49-26] cannot add Board Part xilinx.com:vhk158_es:part0:1.1 available at D:/Xilinx/Vivado/2023.1/data/xhub/boards/XilinxBoardStore/boards/Xilinx/vhk158/es/1.1/board.xml as part xcvh1582-vsva3697-2mp-e-s-es1 specified in board_part file is either invalid or not available
WARNING: [Board 49-26] cannot add Board Part xilinx.com:vmk180:part0:2.2 available at D:/Xilinx/Vivado/2023.1/data/xhub/boards/XilinxBoardStore/boards/Xilinx/vmk180/production/2.2/board.xml as part xcvm1802-vsva2197-2mp-e-s specified in board_part file is either invalid or not available
WARNING: [Board 49-26] cannot add Board Part xilinx.com:vmk180:part0:3.0 available at D:/Xilinx/Vivado/2023.1/data/xhub/boards/XilinxBoardStore/boards/Xilinx/vmk180/production/3.0/board.xml as part xcvm1802-vsva2197-2mp-e-s specified in board_part file is either invalid or not available
WARNING: [Board 49-26] cannot add Board Part xilinx.com:vmk180:part0:3.1 available at D:/Xilinx/Vivado/2023.1/data/xhub/boards/XilinxBoardStore/boards/Xilinx/vmk180/production/3.1/board.xml as part xcvm1802-vsva2197-2mp-e-s specified in board_part file is either invalid or not available
WARNING: [Board 49-26] cannot add Board Part xilinx.com:vmk180:part0:3.2 available at D:/Xilinx/Vivado/2023.1/data/xhub/boards/XilinxBoardStore/boards/Xilinx/vmk180/production/3.2/board.xml as part xcvm1802-vsva2197-2mp-e-s specified in board_part file is either invalid or not available
WARNING: [Board 49-26] cannot add Board Part xilinx.com:vmk180_newl:part0:1.0 available at D:/Xilinx/Vivado/2023.1/data/xhub/boards/XilinxBoardStore/boards/Xilinx/vmk180_newl/production/1.0/board.xml as part xcvm1802-vsva2197-2mp-e-s specified in board_part file is either invalid or not available
WARNING: [Board 49-26] cannot add Board Part xilinx.com:vmk180_newl:part0:1.1 available at D:/Xilinx/Vivado/2023.1/data/xhub/boards/XilinxBoardStore/boards/Xilinx/vmk180_newl/production/1.1/board.xml as part xcvm1802-vsva2197-2mp-e-s specified in board_part file is either invalid or not available
WARNING: [Board 49-26] cannot add Board Part xilinx.com:vpk120:part0:1.0 available at D:/Xilinx/Vivado/2023.1/data/xhub/boards/XilinxBoardStore/boards/Xilinx/vpk120/production/1.0/board.xml as part xcvp1202-vsva2785-2mp-e-s specified in board_part file is either invalid or not available
WARNING: [Board 49-26] cannot add Board Part xilinx.com:vpk120:part0:1.1 available at D:/Xilinx/Vivado/2023.1/data/xhub/boards/XilinxBoardStore/boards/Xilinx/vpk120/production/1.1/board.xml as part xcvp1202-vsva2785-2mp-e-s specified in board_part file is either invalid or not available
WARNING: [Board 49-26] cannot add Board Part xilinx.com:vpk120_es:part0:1.2 available at D:/Xilinx/Vivado/2023.1/data/xhub/boards/XilinxBoardStore/boards/Xilinx/vpk120/es/1.2/board.xml as part xcvp1202-vsva2785-2mp-e-s-es1 specified in board_part file is either invalid or not available
WARNING: [Board 49-26] cannot add Board Part xilinx.com:vpk120_es:part0:1.3 available at D:/Xilinx/Vivado/2023.1/data/xhub/boards/XilinxBoardStore/boards/Xilinx/vpk120/es/1.3/board.xml as part xcvp1202-vsva2785-2mp-e-s-es1 specified in board_part file is either invalid or not available
WARNING: [Board 49-26] cannot add Board Part xilinx.com:vpk120_es_revb:part0:1.0 available at D:/Xilinx/Vivado/2023.1/data/xhub/boards/XilinxBoardStore/boards/Xilinx/vpk120_revb/es/1.0/board.xml as part xcvp1202-vsva2785-2mp-e-s-es1 specified in board_part file is either invalid or not available
WARNING: [Board 49-26] cannot add Board Part xilinx.com:vpk120_es_revb:part0:1.1 available at D:/Xilinx/Vivado/2023.1/data/xhub/boards/XilinxBoardStore/boards/Xilinx/vpk120_revb/es/1.1/board.xml as part xcvp1202-vsva2785-2mp-e-s-es1 specified in board_part file is either invalid or not available
WARNING: [Board 49-26] cannot add Board Part xilinx.com:vpk180:part0:1.0 available at D:/Xilinx/Vivado/2023.1/data/xhub/boards/XilinxBoardStore/boards/Xilinx/vpk180/production/1.0/board.xml as part xcvp1802-lsvc4072-2mp-e-s specified in board_part file is either invalid or not available
WARNING: [Board 49-26] cannot add Board Part xilinx.com:vpk180:part0:1.1 available at D:/Xilinx/Vivado/2023.1/data/xhub/boards/XilinxBoardStore/boards/Xilinx/vpk180/production/1.1/board.xml as part xcvp1802-lsvc4072-2mp-e-s specified in board_part file is either invalid or not available
WARNING: [Board 49-26] cannot add Board Part xilinx.com:vpk180_es:part0:1.0 available at D:/Xilinx/Vivado/2023.1/data/xhub/boards/XilinxBoardStore/boards/Xilinx/vpk180/es/1.0/board.xml as part xcvp1802-lsvc4072-2mp-e-s-es1 specified in board_part file is either invalid or not available
WARNING: [Board 49-26] cannot add Board Part xilinx.com:vpk180_es:part0:1.1 available at D:/Xilinx/Vivado/2023.1/data/xhub/boards/XilinxBoardStore/boards/Xilinx/vpk180/es/1.1/board.xml as part xcvp1802-lsvc4072-2mp-e-s-es1 specified in board_part file is either invalid or not available
WARNING: [Board 49-26] cannot add Board Part xilinx.com:zc706:part0:1.4 available at D:/Xilinx/Vivado/2023.1/data/xhub/boards/XilinxBoardStore/boards/Xilinx/zc706/1.4/board.xml as part xc7z045ffg900-2 specified in board_part file is either invalid or not available
WARNING: [Board 49-26] cannot add Board Part xilinx.com:zcu102:part0:3.3 available at D:/Xilinx/Vivado/2023.1/data/xhub/boards/XilinxBoardStore/boards/Xilinx/zcu102/3.3/board.xml as part xczu9eg-ffvb1156-2-e specified in board_part file is either invalid or not available
WARNING: [Board 49-26] cannot add Board Part xilinx.com:zcu102:part0:3.4 available at D:/Xilinx/Vivado/2023.1/data/xhub/boards/XilinxBoardStore/boards/Xilinx/zcu102/3.4/board.xml as part xczu9eg-ffvb1156-2-e specified in board_part file is either invalid or not available
WARNING: [Board 49-26] cannot add Board Part xilinx.com:zcu111:part0:1.2 available at D:/Xilinx/Vivado/2023.1/data/xhub/boards/XilinxBoardStore/boards/Xilinx/zcu111/1.2/board.xml as part xczu28dr-ffvg1517-2-e specified in board_part file is either invalid or not available
WARNING: [Board 49-26] cannot add Board Part xilinx.com:zcu111:part0:1.3 available at D:/Xilinx/Vivado/2023.1/data/xhub/boards/XilinxBoardStore/boards/Xilinx/zcu111/1.3/board.xml as part xczu28dr-ffvg1517-2-e specified in board_part file is either invalid or not available
WARNING: [Board 49-26] cannot add Board Part xilinx.com:zcu111:part0:1.4 available at D:/Xilinx/Vivado/2023.1/data/xhub/boards/XilinxBoardStore/boards/Xilinx/zcu111/1.4/board.xml as part xczu28dr-ffvg1517-2-e specified in board_part file is either invalid or not available
WARNING: [Board 49-26] cannot add Board Part xilinx.com:zcu1275:part0:1.0 available at D:/Xilinx/Vivado/2023.1/data/xhub/boards/XilinxBoardStore/boards/Xilinx/zcu1275/1.0/board.xml as part xczu29dr-ffvf1760-2-e specified in board_part file is either invalid or not available
WARNING: [Board 49-26] cannot add Board Part xilinx.com:zcu1285:part0:1.0 available at D:/Xilinx/Vivado/2023.1/data/xhub/boards/XilinxBoardStore/boards/Xilinx/zcu1285/1.0/board.xml as part xczu39dr-ffvf1760-2-i specified in board_part file is either invalid or not available
WARNING: [Board 49-26] cannot add Board Part xilinx.com:zcu208:part0:2.0 available at D:/Xilinx/Vivado/2023.1/data/xhub/boards/XilinxBoardStore/boards/Xilinx/zcu208/production/2.0/board.xml as part xczu48dr-fsvg1517-2-e specified in board_part file is either invalid or not available
WARNING: [Board 49-26] cannot add Board Part xilinx.com:zcu208ld:part0:2.0 available at D:/Xilinx/Vivado/2023.1/data/xhub/boards/XilinxBoardStore/boards/Xilinx/zcu208ld/production/2.0/board.xml as part xczu58dr-fsvg1517-2-i specified in board_part file is either invalid or not available
WARNING: [Board 49-26] cannot add Board Part xilinx.com:zcu216:part0:2.0 available at D:/Xilinx/Vivado/2023.1/data/xhub/boards/XilinxBoardStore/boards/Xilinx/zcu216/production/2.0/board.xml as part xczu49dr-ffvf1760-2-e specified in board_part file is either invalid or not available
WARNING: [Board 49-26] cannot add Board Part xilinx.com:zcu216ld:part0:2.0 available at D:/Xilinx/Vivado/2023.1/data/xhub/boards/XilinxBoardStore/boards/Xilinx/zcu216ld/production/2.0/board.xml as part xczu59dr-ffvf1760-2-i specified in board_part file is either invalid or not available
WARNING: [Board 49-26] cannot add Board Part xilinx.com:zcu670:part0:2.0 available at D:/Xilinx/Vivado/2023.1/data/xhub/boards/XilinxBoardStore/boards/Xilinx/zcu670/2.0/board.xml as part xczu67dr-fsve1156-2-i specified in board_part file is either invalid or not available
WARNING: [Board 49-26] cannot add Board Part xilinx.com:zcu670ld:part0:1.0 available at D:/Xilinx/Vivado/2023.1/data/xhub/boards/XilinxBoardStore/boards/Xilinx/zcu670ld/1.0/board.xml as part xczu57dr-fsve1156-2-i specified in board_part file is either invalid or not available
Scanning sources...
Finished scanning sources
INFO: [IP_Flow 19-234] Refreshing IP repositories
INFO: [IP_Flow 19-1704] No user IP repositories specified
INFO: [IP_Flow 19-2313] Loaded Vivado IP repository 'D:/Xilinx/Vivado/2023.1/data/ip'.
open_project: Time (s): cpu = 00:00:06 ; elapsed = 00:00:09 . Memory (MB): peak = 1543.332 ; gain = 397.504
update_compile_order -fileset sources_1
synth_design -rtl -rtl_skip_mlo -name rtl_1
Command: synth_design -rtl -rtl_skip_mlo -name rtl_1
Starting synth_design
Using part: xc7a200tfbg484-1
Top: Quadrature_Demodulation
INFO: [Device 21-403] Loading part xc7a200tfbg484-1
INFO: [Synth 8-11241] undeclared symbol 'rd_en2', assumed default net type 'wire' [D:/Xilinx/Project/200t/Quadrature_Demodulation/Quadrature_Demodulation.srcs/sources_1/new/Demodulation.v:464]
---------------------------------------------------------------------------------
Starting RTL Elaboration : Time (s): cpu = 00:00:01 ; elapsed = 00:00:05 . Memory (MB): peak = 2445.637 ; gain = 394.551
---------------------------------------------------------------------------------
INFO: [Synth 8-6157] synthesizing module 'Quadrature_Demodulation' [D:/Xilinx/Project/200t/Quadrature_Demodulation/Quadrature_Demodulation.srcs/sources_1/new/Quadrature_Demodulation.v:1]
INFO: [Synth 8-6157] synthesizing module 'clk_wiz_0' [D:/Xilinx/Project/200t/Quadrature_Demodulation/.Xil/Vivado-11940-Blessing/realtime/clk_wiz_0_stub.v:6]
INFO: [Synth 8-6155] done synthesizing module 'clk_wiz_0' (0#1) [D:/Xilinx/Project/200t/Quadrature_Demodulation/.Xil/Vivado-11940-Blessing/realtime/clk_wiz_0_stub.v:6]
INFO: [Synth 8-6157] synthesizing module 'Demodulation' [D:/Xilinx/Project/200t/Quadrature_Demodulation/Quadrature_Demodulation.srcs/sources_1/new/Demodulation.v:1]
INFO: [Synth 8-6157] synthesizing module 'dds_compiler_1' [D:/Xilinx/Project/200t/Quadrature_Demodulation/.Xil/Vivado-11940-Blessing/realtime/dds_compiler_1_stub.v:6]
INFO: [Synth 8-6155] done synthesizing module 'dds_compiler_1' (0#1) [D:/Xilinx/Project/200t/Quadrature_Demodulation/.Xil/Vivado-11940-Blessing/realtime/dds_compiler_1_stub.v:6]
INFO: [Synth 8-6157] synthesizing module 'DDS_FREQ_CONFIG' [D:/Xilinx/Project/200t/Quadrature_Demodulation/Quadrature_Demodulation.srcs/sources_1/new/DDS_FREQ_CONFIG.v:1]
INFO: [Synth 8-6155] done synthesizing module 'DDS_FREQ_CONFIG' (0#1) [D:/Xilinx/Project/200t/Quadrature_Demodulation/Quadrature_Demodulation.srcs/sources_1/new/DDS_FREQ_CONFIG.v:1]
INFO: [Synth 8-6157] synthesizing module 'SCAN_CONTROL' [D:/Xilinx/Project/200t/Quadrature_Demodulation/Quadrature_Demodulation.srcs/sources_1/new/SCAN_CONTROL.v:1]
	Parameter freq_init bound to: 8'b00011110 
	Parameter freq_max bound to: 8'b00011110 
	Parameter freq_min bound to: 8'b00001010 
INFO: [Synth 8-6155] done synthesizing module 'SCAN_CONTROL' (0#1) [D:/Xilinx/Project/200t/Quadrature_Demodulation/Quadrature_Demodulation.srcs/sources_1/new/SCAN_CONTROL.v:1]
INFO: [Synth 8-6157] synthesizing module 'HS_AD9481_IN' [D:/Xilinx/Project/200t/Quadrature_Demodulation/Quadrature_Demodulation.srcs/sources_1/new/HS_AD9481_IN.v:1]
INFO: [Synth 8-6157] synthesizing module 'fifo_generator_0' [D:/Xilinx/Project/200t/Quadrature_Demodulation/.Xil/Vivado-11940-Blessing/realtime/fifo_generator_0_stub.v:6]
INFO: [Synth 8-6155] done synthesizing module 'fifo_generator_0' (0#1) [D:/Xilinx/Project/200t/Quadrature_Demodulation/.Xil/Vivado-11940-Blessing/realtime/fifo_generator_0_stub.v:6]
WARNING: [Synth 8-689] width (8) of port connection 'dout' does not match port width (16) of module 'fifo_generator_0' [D:/Xilinx/Project/200t/Quadrature_Demodulation/Quadrature_Demodulation.srcs/sources_1/new/HS_AD9481_IN.v:56]
INFO: [Synth 8-6155] done synthesizing module 'HS_AD9481_IN' (0#1) [D:/Xilinx/Project/200t/Quadrature_Demodulation/Quadrature_Demodulation.srcs/sources_1/new/HS_AD9481_IN.v:1]
INFO: [Synth 8-6157] synthesizing module 'AD_trans' [D:/Xilinx/Project/200t/Quadrature_Demodulation/Quadrature_Demodulation.srcs/sources_1/new/AD_trans.v:4]
INFO: [Synth 8-6155] done synthesizing module 'AD_trans' (0#1) [D:/Xilinx/Project/200t/Quadrature_Demodulation/Quadrature_Demodulation.srcs/sources_1/new/AD_trans.v:4]
INFO: [Synth 8-6157] synthesizing module 'mult_gen_0' [D:/Xilinx/Project/200t/Quadrature_Demodulation/.Xil/Vivado-11940-Blessing/realtime/mult_gen_0_stub.v:6]
INFO: [Synth 8-6155] done synthesizing module 'mult_gen_0' (0#1) [D:/Xilinx/Project/200t/Quadrature_Demodulation/.Xil/Vivado-11940-Blessing/realtime/mult_gen_0_stub.v:6]
INFO: [Synth 8-6157] synthesizing module 'fir_compiler_1' [D:/Xilinx/Project/200t/Quadrature_Demodulation/.Xil/Vivado-11940-Blessing/realtime/fir_compiler_1_stub.v:6]
INFO: [Synth 8-6155] done synthesizing module 'fir_compiler_1' (0#1) [D:/Xilinx/Project/200t/Quadrature_Demodulation/.Xil/Vivado-11940-Blessing/realtime/fir_compiler_1_stub.v:6]
INFO: [Synth 8-6157] synthesizing module 'cic_compiler_16bit' [D:/Xilinx/Project/200t/Quadrature_Demodulation/.Xil/Vivado-11940-Blessing/realtime/cic_compiler_16bit_stub.v:6]
INFO: [Synth 8-6155] done synthesizing module 'cic_compiler_16bit' (0#1) [D:/Xilinx/Project/200t/Quadrature_Demodulation/.Xil/Vivado-11940-Blessing/realtime/cic_compiler_16bit_stub.v:6]
INFO: [Synth 8-6157] synthesizing module 'fifo_generator_fft' [D:/Xilinx/Project/200t/Quadrature_Demodulation/.Xil/Vivado-11940-Blessing/realtime/fifo_generator_fft_stub.v:6]
INFO: [Synth 8-6155] done synthesizing module 'fifo_generator_fft' (0#1) [D:/Xilinx/Project/200t/Quadrature_Demodulation/.Xil/Vivado-11940-Blessing/realtime/fifo_generator_fft_stub.v:6]
WARNING: [Synth 8-7071] port 'wr_rst_busy' of module 'fifo_generator_fft' is unconnected for instance 'u_fifo_generator_fft' [D:/Xilinx/Project/200t/Quadrature_Demodulation/Quadrature_Demodulation.srcs/sources_1/new/Demodulation.v:206]
WARNING: [Synth 8-7071] port 'rd_rst_busy' of module 'fifo_generator_fft' is unconnected for instance 'u_fifo_generator_fft' [D:/Xilinx/Project/200t/Quadrature_Demodulation/Quadrature_Demodulation.srcs/sources_1/new/Demodulation.v:206]
WARNING: [Synth 8-7023] instance 'u_fifo_generator_fft' of module 'fifo_generator_fft' has 11 connections declared, but only 9 given [D:/Xilinx/Project/200t/Quadrature_Demodulation/Quadrature_Demodulation.srcs/sources_1/new/Demodulation.v:206]
INFO: [Synth 8-6157] synthesizing module 'FFT' [D:/Xilinx/Project/200t/Quadrature_Demodulation/Quadrature_Demodulation.srcs/sources_1/new/FFT.v:1]
INFO: [Synth 8-6157] synthesizing module 'FFT_NonRealTIME' [D:/Xilinx/Project/200t/Quadrature_Demodulation/Quadrature_Demodulation.srcs/sources_1/new/FFT_NonRealTIME.v:1]
	Parameter Npoint bound to: 4096 - type: integer 
INFO: [Synth 8-6157] synthesizing module 'xfft_0' [D:/Xilinx/Project/200t/Quadrature_Demodulation/.Xil/Vivado-11940-Blessing/realtime/xfft_0_stub.v:6]
INFO: [Synth 8-6155] done synthesizing module 'xfft_0' (0#1) [D:/Xilinx/Project/200t/Quadrature_Demodulation/.Xil/Vivado-11940-Blessing/realtime/xfft_0_stub.v:6]
INFO: [Synth 8-6155] done synthesizing module 'FFT_NonRealTIME' (0#1) [D:/Xilinx/Project/200t/Quadrature_Demodulation/Quadrature_Demodulation.srcs/sources_1/new/FFT_NonRealTIME.v:1]
INFO: [Synth 8-6157] synthesizing module 'bram_16x2048' [D:/Xilinx/Project/200t/Quadrature_Demodulation/.Xil/Vivado-11940-Blessing/realtime/bram_16x2048_stub.v:6]
INFO: [Synth 8-6155] done synthesizing module 'bram_16x2048' (0#1) [D:/Xilinx/Project/200t/Quadrature_Demodulation/.Xil/Vivado-11940-Blessing/realtime/bram_16x2048_stub.v:6]
INFO: [Synth 8-6155] done synthesizing module 'FFT' (0#1) [D:/Xilinx/Project/200t/Quadrature_Demodulation/Quadrature_Demodulation.srcs/sources_1/new/FFT.v:1]
INFO: [Synth 8-6157] synthesizing module 'GET_LineNum_FFT' [D:/Xilinx/Project/200t/Quadrature_Demodulation/Quadrature_Demodulation.srcs/sources_1/new/GET_LineNum_FFT.v:1]
	Parameter threshold bound to: 16'b0000001010111100 
INFO: [Synth 8-6155] done synthesizing module 'GET_LineNum_FFT' (0#1) [D:/Xilinx/Project/200t/Quadrature_Demodulation/Quadrature_Demodulation.srcs/sources_1/new/GET_LineNum_FFT.v:1]
INFO: [Synth 8-6157] synthesizing module 'mode_control' [D:/Xilinx/Project/200t/Quadrature_Demodulation/Quadrature_Demodulation.srcs/sources_1/new/mode_control.v:1]
INFO: [Synth 8-6155] done synthesizing module 'mode_control' (0#1) [D:/Xilinx/Project/200t/Quadrature_Demodulation/Quadrature_Demodulation.srcs/sources_1/new/mode_control.v:1]
INFO: [Synth 8-6157] synthesizing module 'mult_gen_1' [D:/Xilinx/Project/200t/Quadrature_Demodulation/.Xil/Vivado-11940-Blessing/realtime/mult_gen_1_stub.v:6]
INFO: [Synth 8-6155] done synthesizing module 'mult_gen_1' (0#1) [D:/Xilinx/Project/200t/Quadrature_Demodulation/.Xil/Vivado-11940-Blessing/realtime/mult_gen_1_stub.v:6]
INFO: [Synth 8-6157] synthesizing module 'c_add_0' [D:/Xilinx/Project/200t/Quadrature_Demodulation/.Xil/Vivado-11940-Blessing/realtime/c_add_0_stub.v:6]
INFO: [Synth 8-6155] done synthesizing module 'c_add_0' (0#1) [D:/Xilinx/Project/200t/Quadrature_Demodulation/.Xil/Vivado-11940-Blessing/realtime/c_add_0_stub.v:6]
INFO: [Synth 8-6157] synthesizing module 'cordic_0' [D:/Xilinx/Project/200t/Quadrature_Demodulation/.Xil/Vivado-11940-Blessing/realtime/cordic_0_stub.v:6]
INFO: [Synth 8-6155] done synthesizing module 'cordic_0' (0#1) [D:/Xilinx/Project/200t/Quadrature_Demodulation/.Xil/Vivado-11940-Blessing/realtime/cordic_0_stub.v:6]
INFO: [Synth 8-6157] synthesizing module 'FM_DEMOD' [D:/Xilinx/Project/200t/Quadrature_Demodulation/Quadrature_Demodulation.srcs/sources_1/new/FM_DEMOD.v:1]
INFO: [Synth 8-6155] done synthesizing module 'FM_DEMOD' (0#1) [D:/Xilinx/Project/200t/Quadrature_Demodulation/Quadrature_Demodulation.srcs/sources_1/new/FM_DEMOD.v:1]
INFO: [Synth 8-6157] synthesizing module 'fir_compiler_2' [D:/Xilinx/Project/200t/Quadrature_Demodulation/.Xil/Vivado-11940-Blessing/realtime/fir_compiler_2_stub.v:6]
INFO: [Synth 8-6155] done synthesizing module 'fir_compiler_2' (0#1) [D:/Xilinx/Project/200t/Quadrature_Demodulation/.Xil/Vivado-11940-Blessing/realtime/fir_compiler_2_stub.v:6]
INFO: [Synth 8-6157] synthesizing module 'cic_compiler_0' [D:/Xilinx/Project/200t/Quadrature_Demodulation/.Xil/Vivado-11940-Blessing/realtime/cic_compiler_0_stub.v:6]
INFO: [Synth 8-6155] done synthesizing module 'cic_compiler_0' (0#1) [D:/Xilinx/Project/200t/Quadrature_Demodulation/.Xil/Vivado-11940-Blessing/realtime/cic_compiler_0_stub.v:6]
INFO: [Synth 8-6157] synthesizing module 'OUPUT_CHOSE' [D:/Xilinx/Project/200t/Quadrature_Demodulation/Quadrature_Demodulation.srcs/sources_1/new/OUPUT_CHOSE.v:1]
INFO: [Synth 8-6155] done synthesizing module 'OUPUT_CHOSE' (0#1) [D:/Xilinx/Project/200t/Quadrature_Demodulation/Quadrature_Demodulation.srcs/sources_1/new/OUPUT_CHOSE.v:1]
INFO: [Synth 8-6157] synthesizing module 'DA_trans' [D:/Xilinx/Project/200t/Quadrature_Demodulation/Quadrature_Demodulation.srcs/sources_1/new/DA_trans.v:4]
INFO: [Synth 8-6155] done synthesizing module 'DA_trans' (0#1) [D:/Xilinx/Project/200t/Quadrature_Demodulation/Quadrature_Demodulation.srcs/sources_1/new/DA_trans.v:4]
INFO: [Synth 8-6157] synthesizing module 'GET_Max_Min_Med' [D:/Xilinx/Project/200t/Quadrature_Demodulation/Quadrature_Demodulation.srcs/sources_1/new/GET_Max_Min_Med.v:1]
INFO: [Synth 8-6155] done synthesizing module 'GET_Max_Min_Med' (0#1) [D:/Xilinx/Project/200t/Quadrature_Demodulation/Quadrature_Demodulation.srcs/sources_1/new/GET_Max_Min_Med.v:1]
INFO: [Synth 8-6157] synthesizing module 'cic_14BITS_1250' [D:/Xilinx/Project/200t/Quadrature_Demodulation/.Xil/Vivado-11940-Blessing/realtime/cic_14BITS_1250_stub.v:6]
INFO: [Synth 8-6155] done synthesizing module 'cic_14BITS_1250' (0#1) [D:/Xilinx/Project/200t/Quadrature_Demodulation/.Xil/Vivado-11940-Blessing/realtime/cic_14BITS_1250_stub.v:6]
INFO: [Synth 8-6157] synthesizing module 'GET_Freq_FFT' [D:/Xilinx/Project/200t/Quadrature_Demodulation/Quadrature_Demodulation.srcs/sources_1/new/GET_Freq_FFT.v:1]
	Parameter FREQ_RSL bound to: 31'b0000000000000000000000000011000 
	Parameter threshold bound to: 16'b0000001010111100 
INFO: [Synth 8-6155] done synthesizing module 'GET_Freq_FFT' (0#1) [D:/Xilinx/Project/200t/Quadrature_Demodulation/Quadrature_Demodulation.srcs/sources_1/new/GET_Freq_FFT.v:1]
INFO: [Synth 8-6155] done synthesizing module 'Demodulation' (0#1) [D:/Xilinx/Project/200t/Quadrature_Demodulation/Quadrature_Demodulation.srcs/sources_1/new/Demodulation.v:1]
INFO: [Synth 8-6157] synthesizing module 'UART' [D:/Xilinx/Project/200t/Quadrature_Demodulation/Quadrature_Demodulation.srcs/sources_1/new/UART.v:1]
INFO: [Synth 8-6157] synthesizing module 'uart_tx' [D:/Xilinx/Project/200t/Quadrature_Demodulation/Quadrature_Demodulation.srcs/sources_1/new/uart_tx.v:1]
	Parameter CLK_FRE bound to: 125 - type: integer 
	Parameter BAUD_RATE bound to: 115200 - type: integer 
INFO: [Synth 8-6155] done synthesizing module 'uart_tx' (0#1) [D:/Xilinx/Project/200t/Quadrature_Demodulation/Quadrature_Demodulation.srcs/sources_1/new/uart_tx.v:1]
INFO: [Synth 8-6155] done synthesizing module 'UART' (0#1) [D:/Xilinx/Project/200t/Quadrature_Demodulation/Quadrature_Demodulation.srcs/sources_1/new/UART.v:1]
INFO: [Synth 8-6155] done synthesizing module 'Quadrature_Demodulation' (0#1) [D:/Xilinx/Project/200t/Quadrature_Demodulation/Quadrature_Demodulation.srcs/sources_1/new/Quadrature_Demodulation.v:1]
WARNING: [Synth 8-7137] Register data_out_reg_reg in module FM_DEMOD has both Set and reset with same priority. This may cause simulation mismatches. Consider rewriting code  [D:/Xilinx/Project/200t/Quadrature_Demodulation/Quadrature_Demodulation.srcs/sources_1/new/FM_DEMOD.v:13]
WARNING: [Synth 8-3848] Net rd_en2 in module/entity Demodulation does not have driver. [D:/Xilinx/Project/200t/Quadrature_Demodulation/Quadrature_Demodulation.srcs/sources_1/new/Demodulation.v:464]
WARNING: [Synth 8-7129] Port AM_FM_over in module UART is either unconnected or has no load
WARNING: [Synth 8-7129] Port rd_en in module GET_Freq_FFT is either unconnected or has no load
WARNING: [Synth 8-7129] Port rd_en in module GET_LineNum_FFT is either unconnected or has no load
---------------------------------------------------------------------------------
Finished RTL Elaboration : Time (s): cpu = 00:00:02 ; elapsed = 00:00:08 . Memory (MB): peak = 2545.652 ; gain = 494.566
---------------------------------------------------------------------------------
---------------------------------------------------------------------------------
Start Handling Custom Attributes
---------------------------------------------------------------------------------
---------------------------------------------------------------------------------
Finished Handling Custom Attributes : Time (s): cpu = 00:00:03 ; elapsed = 00:00:08 . Memory (MB): peak = 2545.652 ; gain = 494.566
---------------------------------------------------------------------------------
---------------------------------------------------------------------------------
Finished RTL Optimization Phase 1 : Time (s): cpu = 00:00:03 ; elapsed = 00:00:08 . Memory (MB): peak = 2545.652 ; gain = 494.566
---------------------------------------------------------------------------------
INFO: [Project 1-454] Reading design checkpoint 'd:/Xilinx/Project/200t/Quadrature_Demodulation/Quadrature_Demodulation.gen/sources_1/ip/clk_wiz_0/clk_wiz_0.dcp' for cell 'clk_u0'
INFO: [Project 1-454] Reading design checkpoint 'd:/Xilinx/Project/200t/Quadrature_Demodulation/Quadrature_Demodulation.gen/sources_1/ip/dds_compiler_1/dds_compiler_1.dcp' for cell 'u_Demodulation/u_dds'
INFO: [Project 1-454] Reading design checkpoint 'd:/Xilinx/Project/200t/Quadrature_Demodulation/Quadrature_Demodulation.gen/sources_1/ip/mult_gen_0/mult_gen_0.dcp' for cell 'u_Demodulation/u_MULT_1'
INFO: [Project 1-454] Reading design checkpoint 'd:/Xilinx/Project/200t/Quadrature_Demodulation/Quadrature_Demodulation.gen/sources_1/ip/fir_compiler_1/fir_compiler_1.dcp' for cell 'u_Demodulation/u_LPF_I'
INFO: [Project 1-454] Reading design checkpoint 'd:/Xilinx/Project/200t/Quadrature_Demodulation/Quadrature_Demodulation.gen/sources_1/ip/cic_compiler_16bit/cic_compiler_16bit.dcp' for cell 'u_Demodulation/u_CIC_FFT_1'
INFO: [Project 1-454] Reading design checkpoint 'd:/Xilinx/Project/200t/Quadrature_Demodulation/Quadrature_Demodulation.gen/sources_1/ip/fifo_generator_fft/fifo_generator_fft.dcp' for cell 'u_Demodulation/u_fifo_generator_fft'
INFO: [Project 1-454] Reading design checkpoint 'd:/Xilinx/Project/200t/Quadrature_Demodulation/Quadrature_Demodulation.gen/sources_1/ip/mult_gen_1/mult_gen_1.dcp' for cell 'u_Demodulation/u_mult_squre_1'
INFO: [Project 1-454] Reading design checkpoint 'd:/Xilinx/Project/200t/Quadrature_Demodulation/Quadrature_Demodulation.gen/sources_1/ip/c_add_0/c_add_0.dcp' for cell 'u_Demodulation/u_add'
INFO: [Project 1-454] Reading design checkpoint 'd:/Xilinx/Project/200t/Quadrature_Demodulation/Quadrature_Demodulation.gen/sources_1/ip/cordic_0/cordic_0.dcp' for cell 'u_Demodulation/u_sqrt'
INFO: [Project 1-454] Reading design checkpoint 'd:/Xilinx/Project/200t/Quadrature_Demodulation/Quadrature_Demodulation.gen/sources_1/ip/fir_compiler_2/fir_compiler_2.dcp' for cell 'u_Demodulation/LPF_U1_fm'
INFO: [Project 1-454] Reading design checkpoint 'd:/Xilinx/Project/200t/Quadrature_Demodulation/Quadrature_Demodulation.gen/sources_1/ip/cic_compiler_0/cic_compiler_0.dcp' for cell 'u_Demodulation/u_CIC_AM'
INFO: [Project 1-454] Reading design checkpoint 'd:/Xilinx/Project/200t/Quadrature_Demodulation/Quadrature_Demodulation.gen/sources_1/ip/cic_14BITS_1250/cic_14BITS_1250.dcp' for cell 'u_Demodulation/u_CIC_FFT_2'
INFO: [Project 1-454] Reading design checkpoint 'd:/Xilinx/Project/200t/Quadrature_Demodulation/Quadrature_Demodulation.gen/sources_1/ip/fifo_generator_0/fifo_generator_0.dcp' for cell 'u_Demodulation/u_HS_AD9481_IN/fifo_16to8_inst'
INFO: [Project 1-454] Reading design checkpoint 'd:/Xilinx/Project/200t/Quadrature_Demodulation/Quadrature_Demodulation.gen/sources_1/ip/bram_16x2048/bram_16x2048.dcp' for cell 'u_Demodulation/u_FFT_1/u_fft_ram_test'
INFO: [Project 1-454] Reading design checkpoint 'd:/Xilinx/Project/200t/Quadrature_Demodulation/Quadrature_Demodulation.gen/sources_1/ip/xfft_0/xfft_0.dcp' for cell 'u_Demodulation/u_FFT_1/u_FFT_NonRealTIME/u_FFT'
Netlist sorting complete. Time (s): cpu = 00:00:00 ; elapsed = 00:00:00.478 . Memory (MB): peak = 2545.652 ; gain = 0.000
INFO: [Netlist 29-17] Analyzing 1118 Unisim elements for replacement
INFO: [Netlist 29-28] Unisim Transformation completed in 0 CPU seconds
INFO: [Project 1-479] Netlist was created with Vivado 2023.1
INFO: [Project 1-570] Preparing netlist for logic optimization

Processing XDC Constraints
Initializing timing engine
Parsing XDC File [d:/Xilinx/Project/200t/Quadrature_Demodulation/Quadrature_Demodulation.gen/sources_1/ip/fir_compiler_2/constraints/fir_compiler_v7_2.xdc] for cell 'u_Demodulation/LPF_U1_fm/U0'
Finished Parsing XDC File [d:/Xilinx/Project/200t/Quadrature_Demodulation/Quadrature_Demodulation.gen/sources_1/ip/fir_compiler_2/constraints/fir_compiler_v7_2.xdc] for cell 'u_Demodulation/LPF_U1_fm/U0'
Parsing XDC File [d:/Xilinx/Project/200t/Quadrature_Demodulation/Quadrature_Demodulation.gen/sources_1/ip/fifo_generator_fft/fifo_generator_fft.xdc] for cell 'u_Demodulation/u_fifo_generator_fft/U0'
Finished Parsing XDC File [d:/Xilinx/Project/200t/Quadrature_Demodulation/Quadrature_Demodulation.gen/sources_1/ip/fifo_generator_fft/fifo_generator_fft.xdc] for cell 'u_Demodulation/u_fifo_generator_fft/U0'
Parsing XDC File [d:/Xilinx/Project/200t/Quadrature_Demodulation/Quadrature_Demodulation.gen/sources_1/ip/fifo_generator_0/fifo_generator_0.xdc] for cell 'u_Demodulation/u_HS_AD9481_IN/fifo_16to8_inst/U0'
Finished Parsing XDC File [d:/Xilinx/Project/200t/Quadrature_Demodulation/Quadrature_Demodulation.gen/sources_1/ip/fifo_generator_0/fifo_generator_0.xdc] for cell 'u_Demodulation/u_HS_AD9481_IN/fifo_16to8_inst/U0'
Parsing XDC File [d:/Xilinx/Project/200t/Quadrature_Demodulation/Quadrature_Demodulation.gen/sources_1/ip/fir_compiler_1/constraints/fir_compiler_v7_2.xdc] for cell 'u_Demodulation/u_LPF_I/U0'
Finished Parsing XDC File [d:/Xilinx/Project/200t/Quadrature_Demodulation/Quadrature_Demodulation.gen/sources_1/ip/fir_compiler_1/constraints/fir_compiler_v7_2.xdc] for cell 'u_Demodulation/u_LPF_I/U0'
Parsing XDC File [d:/Xilinx/Project/200t/Quadrature_Demodulation/Quadrature_Demodulation.gen/sources_1/ip/fir_compiler_1/constraints/fir_compiler_v7_2.xdc] for cell 'u_Demodulation/u_LPF_Q/U0'
Finished Parsing XDC File [d:/Xilinx/Project/200t/Quadrature_Demodulation/Quadrature_Demodulation.gen/sources_1/ip/fir_compiler_1/constraints/fir_compiler_v7_2.xdc] for cell 'u_Demodulation/u_LPF_Q/U0'
Parsing XDC File [d:/Xilinx/Project/200t/Quadrature_Demodulation/Quadrature_Demodulation.gen/sources_1/ip/clk_wiz_0/clk_wiz_0_board.xdc] for cell 'clk_u0/inst'
Finished Parsing XDC File [d:/Xilinx/Project/200t/Quadrature_Demodulation/Quadrature_Demodulation.gen/sources_1/ip/clk_wiz_0/clk_wiz_0_board.xdc] for cell 'clk_u0/inst'
Parsing XDC File [d:/Xilinx/Project/200t/Quadrature_Demodulation/Quadrature_Demodulation.gen/sources_1/ip/clk_wiz_0/clk_wiz_0.xdc] for cell 'clk_u0/inst'
Finished Parsing XDC File [d:/Xilinx/Project/200t/Quadrature_Demodulation/Quadrature_Demodulation.gen/sources_1/ip/clk_wiz_0/clk_wiz_0.xdc] for cell 'clk_u0/inst'
INFO: [Project 1-236] Implementation specific constraints were found while reading constraint file [d:/Xilinx/Project/200t/Quadrature_Demodulation/Quadrature_Demodulation.gen/sources_1/ip/clk_wiz_0/clk_wiz_0.xdc]. These constraints will be ignored for synthesis but will be used in implementation. Impacted constraints are listed in the file [.Xil/Quadrature_Demodulation_propImpl.xdc].
Resolution: To avoid this warning, move constraints listed in [.Xil/Quadrature_Demodulation_propImpl.xdc] to another XDC file and exclude this new file from synthesis with the used_in_synthesis property (File Properties dialog in GUI) and re-run elaboration/synthesis.
INFO: [Timing 38-2] Deriving generated clocks
Parsing XDC File [D:/Xilinx/Project/200t/Quadrature_Demodulation/Quadrature_Demodulation.xdc]
WARNING: [Vivado 12-584] No ports matched 'sys_rst_n'. [D:/Xilinx/Project/200t/Quadrature_Demodulation/Quadrature_Demodulation.xdc:2]
WARNING: [Vivado 12-584] No ports matched 'sys_clk'. [D:/Xilinx/Project/200t/Quadrature_Demodulation/Quadrature_Demodulation.xdc:37]
WARNING: [Vivado 12-584] No ports matched 'sys_clk'. [D:/Xilinx/Project/200t/Quadrature_Demodulation/Quadrature_Demodulation.xdc:38]
WARNING: [Vivado 12-584] No ports matched 'sys_rst_n'. [D:/Xilinx/Project/200t/Quadrature_Demodulation/Quadrature_Demodulation.xdc:53]
Finished Parsing XDC File [D:/Xilinx/Project/200t/Quadrature_Demodulation/Quadrature_Demodulation.xdc]
WARNING: [Project 1-498] One or more constraints failed evaluation while reading constraint file [D:/Xilinx/Project/200t/Quadrature_Demodulation/Quadrature_Demodulation.xdc] and the design contains unresolved black boxes. These constraints will be read post-synthesis (as long as their source constraint file is marked as used_in_implementation) and should be applied correctly then. You should review the constraints listed in the file [.Xil/Quadrature_Demodulation_propImpl.xdc] and check the run log file to verify that these constraints were correctly applied.
INFO: [Project 1-236] Implementation specific constraints were found while reading constraint file [D:/Xilinx/Project/200t/Quadrature_Demodulation/Quadrature_Demodulation.xdc]. These constraints will be ignored for synthesis but will be used in implementation. Impacted constraints are listed in the file [.Xil/Quadrature_Demodulation_propImpl.xdc].
Resolution: To avoid this warning, move constraints listed in [.Xil/Quadrature_Demodulation_propImpl.xdc] to another XDC file and exclude this new file from synthesis with the used_in_synthesis property (File Properties dialog in GUI) and re-run elaboration/synthesis.
Parsing XDC File [d:/Xilinx/Project/200t/Quadrature_Demodulation/Quadrature_Demodulation.gen/sources_1/ip/fifo_generator_fft/fifo_generator_fft_clocks.xdc] for cell 'u_Demodulation/u_fifo_generator_fft/U0'
Finished Parsing XDC File [d:/Xilinx/Project/200t/Quadrature_Demodulation/Quadrature_Demodulation.gen/sources_1/ip/fifo_generator_fft/fifo_generator_fft_clocks.xdc] for cell 'u_Demodulation/u_fifo_generator_fft/U0'
Parsing XDC File [d:/Xilinx/Project/200t/Quadrature_Demodulation/Quadrature_Demodulation.gen/sources_1/ip/fifo_generator_0/fifo_generator_0_clocks.xdc] for cell 'u_Demodulation/u_HS_AD9481_IN/fifo_16to8_inst/U0'
WARNING: [Constraints 18-401] set_false_path: 'u_Demodulation/u_HS_AD9481_IN/fifo_16to8_inst/U0/inst_fifo_gen/gconvfifo.rf/grf.rf/gntv_or_sync_fifo.mem/gdm.dm_gen.dm/gpr1.dout_i_reg[0]_i_1' is not a valid endpoint. [d:/Xilinx/Project/200t/Quadrature_Demodulation/Quadrature_Demodulation.gen/sources_1/ip/fifo_generator_0/fifo_generator_0_clocks.xdc:60]
Resolution: A valid end point is a data pin of a sequential cell or a primary output or inout port. Please validate that all the objects returned by your query belong to this list.
WARNING: [Constraints 18-401] set_false_path: 'u_Demodulation/u_HS_AD9481_IN/fifo_16to8_inst/U0/inst_fifo_gen/gconvfifo.rf/grf.rf/gntv_or_sync_fifo.mem/gdm.dm_gen.dm/gpr1.dout_i_reg[0]_i_2' is not a valid endpoint. [d:/Xilinx/Project/200t/Quadrature_Demodulation/Quadrature_Demodulation.gen/sources_1/ip/fifo_generator_0/fifo_generator_0_clocks.xdc:60]
Resolution: A valid end point is a data pin of a sequential cell or a primary output or inout port. Please validate that all the objects returned by your query belong to this list.
WARNING: [Constraints 18-401] set_false_path: 'u_Demodulation/u_HS_AD9481_IN/fifo_16to8_inst/U0/inst_fifo_gen/gconvfifo.rf/grf.rf/gntv_or_sync_fifo.mem/gdm.dm_gen.dm/gpr1.dout_i_reg[0]_i_3' is not a valid endpoint. [d:/Xilinx/Project/200t/Quadrature_Demodulation/Quadrature_Demodulation.gen/sources_1/ip/fifo_generator_0/fifo_generator_0_clocks.xdc:60]
Resolution: A valid end point is a data pin of a sequential cell or a primary output or inout port. Please validate that all the objects returned by your query belong to this list.
WARNING: [Constraints 18-401] set_false_path: 'u_Demodulation/u_HS_AD9481_IN/fifo_16to8_inst/U0/inst_fifo_gen/gconvfifo.rf/grf.rf/gntv_or_sync_fifo.mem/gdm.dm_gen.dm/gpr1.dout_i_reg[10]_i_1' is not a valid endpoint. [d:/Xilinx/Project/200t/Quadrature_Demodulation/Quadrature_Demodulation.gen/sources_1/ip/fifo_generator_0/fifo_generator_0_clocks.xdc:60]
Resolution: A valid end point is a data pin of a sequential cell or a primary output or inout port. Please validate that all the objects returned by your query belong to this list.
WARNING: [Constraints 18-401] set_false_path: 'u_Demodulation/u_HS_AD9481_IN/fifo_16to8_inst/U0/inst_fifo_gen/gconvfifo.rf/grf.rf/gntv_or_sync_fifo.mem/gdm.dm_gen.dm/gpr1.dout_i_reg[10]_i_2' is not a valid endpoint. [d:/Xilinx/Project/200t/Quadrature_Demodulation/Quadrature_Demodulation.gen/sources_1/ip/fifo_generator_0/fifo_generator_0_clocks.xdc:60]
Resolution: A valid end point is a data pin of a sequential cell or a primary output or inout port. Please validate that all the objects returned by your query belong to this list.
WARNING: [Constraints 18-401] set_false_path: 'u_Demodulation/u_HS_AD9481_IN/fifo_16to8_inst/U0/inst_fifo_gen/gconvfifo.rf/grf.rf/gntv_or_sync_fifo.mem/gdm.dm_gen.dm/gpr1.dout_i_reg[10]_i_3' is not a valid endpoint. [d:/Xilinx/Project/200t/Quadrature_Demodulation/Quadrature_Demodulation.gen/sources_1/ip/fifo_generator_0/fifo_generator_0_clocks.xdc:60]
Resolution: A valid end point is a data pin of a sequential cell or a primary output or inout port. Please validate that all the objects returned by your query belong to this list.
WARNING: [Constraints 18-401] set_false_path: 'u_Demodulation/u_HS_AD9481_IN/fifo_16to8_inst/U0/inst_fifo_gen/gconvfifo.rf/grf.rf/gntv_or_sync_fifo.mem/gdm.dm_gen.dm/gpr1.dout_i_reg[11]_i_1' is not a valid endpoint. [d:/Xilinx/Project/200t/Quadrature_Demodulation/Quadrature_Demodulation.gen/sources_1/ip/fifo_generator_0/fifo_generator_0_clocks.xdc:60]
Resolution: A valid end point is a data pin of a sequential cell or a primary output or inout port. Please validate that all the objects returned by your query belong to this list.
WARNING: [Constraints 18-401] set_false_path: 'u_Demodulation/u_HS_AD9481_IN/fifo_16to8_inst/U0/inst_fifo_gen/gconvfifo.rf/grf.rf/gntv_or_sync_fifo.mem/gdm.dm_gen.dm/gpr1.dout_i_reg[11]_i_2' is not a valid endpoint. [d:/Xilinx/Project/200t/Quadrature_Demodulation/Quadrature_Demodulation.gen/sources_1/ip/fifo_generator_0/fifo_generator_0_clocks.xdc:60]
Resolution: A valid end point is a data pin of a sequential cell or a primary output or inout port. Please validate that all the objects returned by your query belong to this list.
WARNING: [Constraints 18-401] set_false_path: 'u_Demodulation/u_HS_AD9481_IN/fifo_16to8_inst/U0/inst_fifo_gen/gconvfifo.rf/grf.rf/gntv_or_sync_fifo.mem/gdm.dm_gen.dm/gpr1.dout_i_reg[11]_i_3' is not a valid endpoint. [d:/Xilinx/Project/200t/Quadrature_Demodulation/Quadrature_Demodulation.gen/sources_1/ip/fifo_generator_0/fifo_generator_0_clocks.xdc:60]
Resolution: A valid end point is a data pin of a sequential cell or a primary output or inout port. Please validate that all the objects returned by your query belong to this list.
WARNING: [Constraints 18-401] set_false_path: 'u_Demodulation/u_HS_AD9481_IN/fifo_16to8_inst/U0/inst_fifo_gen/gconvfifo.rf/grf.rf/gntv_or_sync_fifo.mem/gdm.dm_gen.dm/gpr1.dout_i_reg[12]_i_1' is not a valid endpoint. [d:/Xilinx/Project/200t/Quadrature_Demodulation/Quadrature_Demodulation.gen/sources_1/ip/fifo_generator_0/fifo_generator_0_clocks.xdc:60]
Resolution: A valid end point is a data pin of a sequential cell or a primary output or inout port. Please validate that all the objects returned by your query belong to this list.
WARNING: [Constraints 18-401] set_false_path: 'u_Demodulation/u_HS_AD9481_IN/fifo_16to8_inst/U0/inst_fifo_gen/gconvfifo.rf/grf.rf/gntv_or_sync_fifo.mem/gdm.dm_gen.dm/gpr1.dout_i_reg[12]_i_2' is not a valid endpoint. [d:/Xilinx/Project/200t/Quadrature_Demodulation/Quadrature_Demodulation.gen/sources_1/ip/fifo_generator_0/fifo_generator_0_clocks.xdc:60]
Resolution: A valid end point is a data pin of a sequential cell or a primary output or inout port. Please validate that all the objects returned by your query belong to this list.
WARNING: [Constraints 18-401] set_false_path: 'u_Demodulation/u_HS_AD9481_IN/fifo_16to8_inst/U0/inst_fifo_gen/gconvfifo.rf/grf.rf/gntv_or_sync_fifo.mem/gdm.dm_gen.dm/gpr1.dout_i_reg[12]_i_3' is not a valid endpoint. [d:/Xilinx/Project/200t/Quadrature_Demodulation/Quadrature_Demodulation.gen/sources_1/ip/fifo_generator_0/fifo_generator_0_clocks.xdc:60]
Resolution: A valid end point is a data pin of a sequential cell or a primary output or inout port. Please validate that all the objects returned by your query belong to this list.
WARNING: [Constraints 18-401] set_false_path: 'u_Demodulation/u_HS_AD9481_IN/fifo_16to8_inst/U0/inst_fifo_gen/gconvfifo.rf/grf.rf/gntv_or_sync_fifo.mem/gdm.dm_gen.dm/gpr1.dout_i_reg[13]_i_1' is not a valid endpoint. [d:/Xilinx/Project/200t/Quadrature_Demodulation/Quadrature_Demodulation.gen/sources_1/ip/fifo_generator_0/fifo_generator_0_clocks.xdc:60]
Resolution: A valid end point is a data pin of a sequential cell or a primary output or inout port. Please validate that all the objects returned by your query belong to this list.
WARNING: [Constraints 18-401] set_false_path: 'u_Demodulation/u_HS_AD9481_IN/fifo_16to8_inst/U0/inst_fifo_gen/gconvfifo.rf/grf.rf/gntv_or_sync_fifo.mem/gdm.dm_gen.dm/gpr1.dout_i_reg[13]_i_2' is not a valid endpoint. [d:/Xilinx/Project/200t/Quadrature_Demodulation/Quadrature_Demodulation.gen/sources_1/ip/fifo_generator_0/fifo_generator_0_clocks.xdc:60]
Resolution: A valid end point is a data pin of a sequential cell or a primary output or inout port. Please validate that all the objects returned by your query belong to this list.
WARNING: [Constraints 18-401] set_false_path: 'u_Demodulation/u_HS_AD9481_IN/fifo_16to8_inst/U0/inst_fifo_gen/gconvfifo.rf/grf.rf/gntv_or_sync_fifo.mem/gdm.dm_gen.dm/gpr1.dout_i_reg[13]_i_3' is not a valid endpoint. [d:/Xilinx/Project/200t/Quadrature_Demodulation/Quadrature_Demodulation.gen/sources_1/ip/fifo_generator_0/fifo_generator_0_clocks.xdc:60]
Resolution: A valid end point is a data pin of a sequential cell or a primary output or inout port. Please validate that all the objects returned by your query belong to this list.
WARNING: [Constraints 18-401] set_false_path: 'u_Demodulation/u_HS_AD9481_IN/fifo_16to8_inst/U0/inst_fifo_gen/gconvfifo.rf/grf.rf/gntv_or_sync_fifo.mem/gdm.dm_gen.dm/gpr1.dout_i_reg[14]_i_1' is not a valid endpoint. [d:/Xilinx/Project/200t/Quadrature_Demodulation/Quadrature_Demodulation.gen/sources_1/ip/fifo_generator_0/fifo_generator_0_clocks.xdc:60]
Resolution: A valid end point is a data pin of a sequential cell or a primary output or inout port. Please validate that all the objects returned by your query belong to this list.
WARNING: [Constraints 18-401] set_false_path: 'u_Demodulation/u_HS_AD9481_IN/fifo_16to8_inst/U0/inst_fifo_gen/gconvfifo.rf/grf.rf/gntv_or_sync_fifo.mem/gdm.dm_gen.dm/gpr1.dout_i_reg[14]_i_2' is not a valid endpoint. [d:/Xilinx/Project/200t/Quadrature_Demodulation/Quadrature_Demodulation.gen/sources_1/ip/fifo_generator_0/fifo_generator_0_clocks.xdc:60]
Resolution: A valid end point is a data pin of a sequential cell or a primary output or inout port. Please validate that all the objects returned by your query belong to this list.
WARNING: [Constraints 18-401] set_false_path: 'u_Demodulation/u_HS_AD9481_IN/fifo_16to8_inst/U0/inst_fifo_gen/gconvfifo.rf/grf.rf/gntv_or_sync_fifo.mem/gdm.dm_gen.dm/gpr1.dout_i_reg[14]_i_3' is not a valid endpoint. [d:/Xilinx/Project/200t/Quadrature_Demodulation/Quadrature_Demodulation.gen/sources_1/ip/fifo_generator_0/fifo_generator_0_clocks.xdc:60]
Resolution: A valid end point is a data pin of a sequential cell or a primary output or inout port. Please validate that all the objects returned by your query belong to this list.
WARNING: [Constraints 18-401] set_false_path: 'u_Demodulation/u_HS_AD9481_IN/fifo_16to8_inst/U0/inst_fifo_gen/gconvfifo.rf/grf.rf/gntv_or_sync_fifo.mem/gdm.dm_gen.dm/gpr1.dout_i_reg[15]_i_2' is not a valid endpoint. [d:/Xilinx/Project/200t/Quadrature_Demodulation/Quadrature_Demodulation.gen/sources_1/ip/fifo_generator_0/fifo_generator_0_clocks.xdc:60]
Resolution: A valid end point is a data pin of a sequential cell or a primary output or inout port. Please validate that all the objects returned by your query belong to this list.
WARNING: [Constraints 18-401] set_false_path: 'u_Demodulation/u_HS_AD9481_IN/fifo_16to8_inst/U0/inst_fifo_gen/gconvfifo.rf/grf.rf/gntv_or_sync_fifo.mem/gdm.dm_gen.dm/gpr1.dout_i_reg[15]_i_3' is not a valid endpoint. [d:/Xilinx/Project/200t/Quadrature_Demodulation/Quadrature_Demodulation.gen/sources_1/ip/fifo_generator_0/fifo_generator_0_clocks.xdc:60]
Resolution: A valid end point is a data pin of a sequential cell or a primary output or inout port. Please validate that all the objects returned by your query belong to this list.
WARNING: [Constraints 18-401] set_false_path: 'u_Demodulation/u_HS_AD9481_IN/fifo_16to8_inst/U0/inst_fifo_gen/gconvfifo.rf/grf.rf/gntv_or_sync_fifo.mem/gdm.dm_gen.dm/gpr1.dout_i_reg[15]_i_4' is not a valid endpoint. [d:/Xilinx/Project/200t/Quadrature_Demodulation/Quadrature_Demodulation.gen/sources_1/ip/fifo_generator_0/fifo_generator_0_clocks.xdc:60]
Resolution: A valid end point is a data pin of a sequential cell or a primary output or inout port. Please validate that all the objects returned by your query belong to this list.
WARNING: [Constraints 18-401] set_false_path: 'u_Demodulation/u_HS_AD9481_IN/fifo_16to8_inst/U0/inst_fifo_gen/gconvfifo.rf/grf.rf/gntv_or_sync_fifo.mem/gdm.dm_gen.dm/gpr1.dout_i_reg[1]_i_1' is not a valid endpoint. [d:/Xilinx/Project/200t/Quadrature_Demodulation/Quadrature_Demodulation.gen/sources_1/ip/fifo_generator_0/fifo_generator_0_clocks.xdc:60]
Resolution: A valid end point is a data pin of a sequential cell or a primary output or inout port. Please validate that all the objects returned by your query belong to this list.
WARNING: [Constraints 18-401] set_false_path: 'u_Demodulation/u_HS_AD9481_IN/fifo_16to8_inst/U0/inst_fifo_gen/gconvfifo.rf/grf.rf/gntv_or_sync_fifo.mem/gdm.dm_gen.dm/gpr1.dout_i_reg[1]_i_2' is not a valid endpoint. [d:/Xilinx/Project/200t/Quadrature_Demodulation/Quadrature_Demodulation.gen/sources_1/ip/fifo_generator_0/fifo_generator_0_clocks.xdc:60]
Resolution: A valid end point is a data pin of a sequential cell or a primary output or inout port. Please validate that all the objects returned by your query belong to this list.
WARNING: [Constraints 18-401] set_false_path: 'u_Demodulation/u_HS_AD9481_IN/fifo_16to8_inst/U0/inst_fifo_gen/gconvfifo.rf/grf.rf/gntv_or_sync_fifo.mem/gdm.dm_gen.dm/gpr1.dout_i_reg[1]_i_3' is not a valid endpoint. [d:/Xilinx/Project/200t/Quadrature_Demodulation/Quadrature_Demodulation.gen/sources_1/ip/fifo_generator_0/fifo_generator_0_clocks.xdc:60]
Resolution: A valid end point is a data pin of a sequential cell or a primary output or inout port. Please validate that all the objects returned by your query belong to this list.
WARNING: [Constraints 18-401] set_false_path: 'u_Demodulation/u_HS_AD9481_IN/fifo_16to8_inst/U0/inst_fifo_gen/gconvfifo.rf/grf.rf/gntv_or_sync_fifo.mem/gdm.dm_gen.dm/gpr1.dout_i_reg[2]_i_1' is not a valid endpoint. [d:/Xilinx/Project/200t/Quadrature_Demodulation/Quadrature_Demodulation.gen/sources_1/ip/fifo_generator_0/fifo_generator_0_clocks.xdc:60]
Resolution: A valid end point is a data pin of a sequential cell or a primary output or inout port. Please validate that all the objects returned by your query belong to this list.
WARNING: [Constraints 18-401] set_false_path: 'u_Demodulation/u_HS_AD9481_IN/fifo_16to8_inst/U0/inst_fifo_gen/gconvfifo.rf/grf.rf/gntv_or_sync_fifo.mem/gdm.dm_gen.dm/gpr1.dout_i_reg[2]_i_2' is not a valid endpoint. [d:/Xilinx/Project/200t/Quadrature_Demodulation/Quadrature_Demodulation.gen/sources_1/ip/fifo_generator_0/fifo_generator_0_clocks.xdc:60]
Resolution: A valid end point is a data pin of a sequential cell or a primary output or inout port. Please validate that all the objects returned by your query belong to this list.
WARNING: [Constraints 18-401] set_false_path: 'u_Demodulation/u_HS_AD9481_IN/fifo_16to8_inst/U0/inst_fifo_gen/gconvfifo.rf/grf.rf/gntv_or_sync_fifo.mem/gdm.dm_gen.dm/gpr1.dout_i_reg[2]_i_3' is not a valid endpoint. [d:/Xilinx/Project/200t/Quadrature_Demodulation/Quadrature_Demodulation.gen/sources_1/ip/fifo_generator_0/fifo_generator_0_clocks.xdc:60]
Resolution: A valid end point is a data pin of a sequential cell or a primary output or inout port. Please validate that all the objects returned by your query belong to this list.
WARNING: [Constraints 18-401] set_false_path: 'u_Demodulation/u_HS_AD9481_IN/fifo_16to8_inst/U0/inst_fifo_gen/gconvfifo.rf/grf.rf/gntv_or_sync_fifo.mem/gdm.dm_gen.dm/gpr1.dout_i_reg[3]_i_1' is not a valid endpoint. [d:/Xilinx/Project/200t/Quadrature_Demodulation/Quadrature_Demodulation.gen/sources_1/ip/fifo_generator_0/fifo_generator_0_clocks.xdc:60]
Resolution: A valid end point is a data pin of a sequential cell or a primary output or inout port. Please validate that all the objects returned by your query belong to this list.
WARNING: [Constraints 18-401] set_false_path: 'u_Demodulation/u_HS_AD9481_IN/fifo_16to8_inst/U0/inst_fifo_gen/gconvfifo.rf/grf.rf/gntv_or_sync_fifo.mem/gdm.dm_gen.dm/gpr1.dout_i_reg[3]_i_2' is not a valid endpoint. [d:/Xilinx/Project/200t/Quadrature_Demodulation/Quadrature_Demodulation.gen/sources_1/ip/fifo_generator_0/fifo_generator_0_clocks.xdc:60]
Resolution: A valid end point is a data pin of a sequential cell or a primary output or inout port. Please validate that all the objects returned by your query belong to this list.
WARNING: [Constraints 18-401] set_false_path: 'u_Demodulation/u_HS_AD9481_IN/fifo_16to8_inst/U0/inst_fifo_gen/gconvfifo.rf/grf.rf/gntv_or_sync_fifo.mem/gdm.dm_gen.dm/gpr1.dout_i_reg[3]_i_3' is not a valid endpoint. [d:/Xilinx/Project/200t/Quadrature_Demodulation/Quadrature_Demodulation.gen/sources_1/ip/fifo_generator_0/fifo_generator_0_clocks.xdc:60]
Resolution: A valid end point is a data pin of a sequential cell or a primary output or inout port. Please validate that all the objects returned by your query belong to this list.
WARNING: [Constraints 18-401] set_false_path: 'u_Demodulation/u_HS_AD9481_IN/fifo_16to8_inst/U0/inst_fifo_gen/gconvfifo.rf/grf.rf/gntv_or_sync_fifo.mem/gdm.dm_gen.dm/gpr1.dout_i_reg[4]_i_1' is not a valid endpoint. [d:/Xilinx/Project/200t/Quadrature_Demodulation/Quadrature_Demodulation.gen/sources_1/ip/fifo_generator_0/fifo_generator_0_clocks.xdc:60]
Resolution: A valid end point is a data pin of a sequential cell or a primary output or inout port. Please validate that all the objects returned by your query belong to this list.
WARNING: [Constraints 18-401] set_false_path: 'u_Demodulation/u_HS_AD9481_IN/fifo_16to8_inst/U0/inst_fifo_gen/gconvfifo.rf/grf.rf/gntv_or_sync_fifo.mem/gdm.dm_gen.dm/gpr1.dout_i_reg[4]_i_2' is not a valid endpoint. [d:/Xilinx/Project/200t/Quadrature_Demodulation/Quadrature_Demodulation.gen/sources_1/ip/fifo_generator_0/fifo_generator_0_clocks.xdc:60]
Resolution: A valid end point is a data pin of a sequential cell or a primary output or inout port. Please validate that all the objects returned by your query belong to this list.
WARNING: [Constraints 18-401] set_false_path: 'u_Demodulation/u_HS_AD9481_IN/fifo_16to8_inst/U0/inst_fifo_gen/gconvfifo.rf/grf.rf/gntv_or_sync_fifo.mem/gdm.dm_gen.dm/gpr1.dout_i_reg[4]_i_3' is not a valid endpoint. [d:/Xilinx/Project/200t/Quadrature_Demodulation/Quadrature_Demodulation.gen/sources_1/ip/fifo_generator_0/fifo_generator_0_clocks.xdc:60]
Resolution: A valid end point is a data pin of a sequential cell or a primary output or inout port. Please validate that all the objects returned by your query belong to this list.
WARNING: [Constraints 18-401] set_false_path: 'u_Demodulation/u_HS_AD9481_IN/fifo_16to8_inst/U0/inst_fifo_gen/gconvfifo.rf/grf.rf/gntv_or_sync_fifo.mem/gdm.dm_gen.dm/gpr1.dout_i_reg[5]_i_1' is not a valid endpoint. [d:/Xilinx/Project/200t/Quadrature_Demodulation/Quadrature_Demodulation.gen/sources_1/ip/fifo_generator_0/fifo_generator_0_clocks.xdc:60]
Resolution: A valid end point is a data pin of a sequential cell or a primary output or inout port. Please validate that all the objects returned by your query belong to this list.
WARNING: [Constraints 18-401] set_false_path: 'u_Demodulation/u_HS_AD9481_IN/fifo_16to8_inst/U0/inst_fifo_gen/gconvfifo.rf/grf.rf/gntv_or_sync_fifo.mem/gdm.dm_gen.dm/gpr1.dout_i_reg[5]_i_2' is not a valid endpoint. [d:/Xilinx/Project/200t/Quadrature_Demodulation/Quadrature_Demodulation.gen/sources_1/ip/fifo_generator_0/fifo_generator_0_clocks.xdc:60]
Resolution: A valid end point is a data pin of a sequential cell or a primary output or inout port. Please validate that all the objects returned by your query belong to this list.
WARNING: [Constraints 18-401] set_false_path: 'u_Demodulation/u_HS_AD9481_IN/fifo_16to8_inst/U0/inst_fifo_gen/gconvfifo.rf/grf.rf/gntv_or_sync_fifo.mem/gdm.dm_gen.dm/gpr1.dout_i_reg[5]_i_3' is not a valid endpoint. [d:/Xilinx/Project/200t/Quadrature_Demodulation/Quadrature_Demodulation.gen/sources_1/ip/fifo_generator_0/fifo_generator_0_clocks.xdc:60]
Resolution: A valid end point is a data pin of a sequential cell or a primary output or inout port. Please validate that all the objects returned by your query belong to this list.
WARNING: [Constraints 18-401] set_false_path: 'u_Demodulation/u_HS_AD9481_IN/fifo_16to8_inst/U0/inst_fifo_gen/gconvfifo.rf/grf.rf/gntv_or_sync_fifo.mem/gdm.dm_gen.dm/gpr1.dout_i_reg[6]_i_1' is not a valid endpoint. [d:/Xilinx/Project/200t/Quadrature_Demodulation/Quadrature_Demodulation.gen/sources_1/ip/fifo_generator_0/fifo_generator_0_clocks.xdc:60]
Resolution: A valid end point is a data pin of a sequential cell or a primary output or inout port. Please validate that all the objects returned by your query belong to this list.
WARNING: [Constraints 18-401] set_false_path: 'u_Demodulation/u_HS_AD9481_IN/fifo_16to8_inst/U0/inst_fifo_gen/gconvfifo.rf/grf.rf/gntv_or_sync_fifo.mem/gdm.dm_gen.dm/gpr1.dout_i_reg[6]_i_2' is not a valid endpoint. [d:/Xilinx/Project/200t/Quadrature_Demodulation/Quadrature_Demodulation.gen/sources_1/ip/fifo_generator_0/fifo_generator_0_clocks.xdc:60]
Resolution: A valid end point is a data pin of a sequential cell or a primary output or inout port. Please validate that all the objects returned by your query belong to this list.
WARNING: [Constraints 18-401] set_false_path: 'u_Demodulation/u_HS_AD9481_IN/fifo_16to8_inst/U0/inst_fifo_gen/gconvfifo.rf/grf.rf/gntv_or_sync_fifo.mem/gdm.dm_gen.dm/gpr1.dout_i_reg[6]_i_3' is not a valid endpoint. [d:/Xilinx/Project/200t/Quadrature_Demodulation/Quadrature_Demodulation.gen/sources_1/ip/fifo_generator_0/fifo_generator_0_clocks.xdc:60]
Resolution: A valid end point is a data pin of a sequential cell or a primary output or inout port. Please validate that all the objects returned by your query belong to this list.
WARNING: [Constraints 18-401] set_false_path: 'u_Demodulation/u_HS_AD9481_IN/fifo_16to8_inst/U0/inst_fifo_gen/gconvfifo.rf/grf.rf/gntv_or_sync_fifo.mem/gdm.dm_gen.dm/gpr1.dout_i_reg[7]_i_1' is not a valid endpoint. [d:/Xilinx/Project/200t/Quadrature_Demodulation/Quadrature_Demodulation.gen/sources_1/ip/fifo_generator_0/fifo_generator_0_clocks.xdc:60]
Resolution: A valid end point is a data pin of a sequential cell or a primary output or inout port. Please validate that all the objects returned by your query belong to this list.
WARNING: [Constraints 18-401] set_false_path: 'u_Demodulation/u_HS_AD9481_IN/fifo_16to8_inst/U0/inst_fifo_gen/gconvfifo.rf/grf.rf/gntv_or_sync_fifo.mem/gdm.dm_gen.dm/gpr1.dout_i_reg[7]_i_2' is not a valid endpoint. [d:/Xilinx/Project/200t/Quadrature_Demodulation/Quadrature_Demodulation.gen/sources_1/ip/fifo_generator_0/fifo_generator_0_clocks.xdc:60]
Resolution: A valid end point is a data pin of a sequential cell or a primary output or inout port. Please validate that all the objects returned by your query belong to this list.
WARNING: [Constraints 18-401] set_false_path: 'u_Demodulation/u_HS_AD9481_IN/fifo_16to8_inst/U0/inst_fifo_gen/gconvfifo.rf/grf.rf/gntv_or_sync_fifo.mem/gdm.dm_gen.dm/gpr1.dout_i_reg[7]_i_3' is not a valid endpoint. [d:/Xilinx/Project/200t/Quadrature_Demodulation/Quadrature_Demodulation.gen/sources_1/ip/fifo_generator_0/fifo_generator_0_clocks.xdc:60]
Resolution: A valid end point is a data pin of a sequential cell or a primary output or inout port. Please validate that all the objects returned by your query belong to this list.
WARNING: [Constraints 18-401] set_false_path: 'u_Demodulation/u_HS_AD9481_IN/fifo_16to8_inst/U0/inst_fifo_gen/gconvfifo.rf/grf.rf/gntv_or_sync_fifo.mem/gdm.dm_gen.dm/gpr1.dout_i_reg[8]_i_1' is not a valid endpoint. [d:/Xilinx/Project/200t/Quadrature_Demodulation/Quadrature_Demodulation.gen/sources_1/ip/fifo_generator_0/fifo_generator_0_clocks.xdc:60]
Resolution: A valid end point is a data pin of a sequential cell or a primary output or inout port. Please validate that all the objects returned by your query belong to this list.
WARNING: [Constraints 18-401] set_false_path: 'u_Demodulation/u_HS_AD9481_IN/fifo_16to8_inst/U0/inst_fifo_gen/gconvfifo.rf/grf.rf/gntv_or_sync_fifo.mem/gdm.dm_gen.dm/gpr1.dout_i_reg[8]_i_2' is not a valid endpoint. [d:/Xilinx/Project/200t/Quadrature_Demodulation/Quadrature_Demodulation.gen/sources_1/ip/fifo_generator_0/fifo_generator_0_clocks.xdc:60]
Resolution: A valid end point is a data pin of a sequential cell or a primary output or inout port. Please validate that all the objects returned by your query belong to this list.
WARNING: [Constraints 18-401] set_false_path: 'u_Demodulation/u_HS_AD9481_IN/fifo_16to8_inst/U0/inst_fifo_gen/gconvfifo.rf/grf.rf/gntv_or_sync_fifo.mem/gdm.dm_gen.dm/gpr1.dout_i_reg[8]_i_3' is not a valid endpoint. [d:/Xilinx/Project/200t/Quadrature_Demodulation/Quadrature_Demodulation.gen/sources_1/ip/fifo_generator_0/fifo_generator_0_clocks.xdc:60]
Resolution: A valid end point is a data pin of a sequential cell or a primary output or inout port. Please validate that all the objects returned by your query belong to this list.
WARNING: [Constraints 18-401] set_false_path: 'u_Demodulation/u_HS_AD9481_IN/fifo_16to8_inst/U0/inst_fifo_gen/gconvfifo.rf/grf.rf/gntv_or_sync_fifo.mem/gdm.dm_gen.dm/gpr1.dout_i_reg[9]_i_1' is not a valid endpoint. [d:/Xilinx/Project/200t/Quadrature_Demodulation/Quadrature_Demodulation.gen/sources_1/ip/fifo_generator_0/fifo_generator_0_clocks.xdc:60]
Resolution: A valid end point is a data pin of a sequential cell or a primary output or inout port. Please validate that all the objects returned by your query belong to this list.
WARNING: [Constraints 18-401] set_false_path: 'u_Demodulation/u_HS_AD9481_IN/fifo_16to8_inst/U0/inst_fifo_gen/gconvfifo.rf/grf.rf/gntv_or_sync_fifo.mem/gdm.dm_gen.dm/gpr1.dout_i_reg[9]_i_2' is not a valid endpoint. [d:/Xilinx/Project/200t/Quadrature_Demodulation/Quadrature_Demodulation.gen/sources_1/ip/fifo_generator_0/fifo_generator_0_clocks.xdc:60]
Resolution: A valid end point is a data pin of a sequential cell or a primary output or inout port. Please validate that all the objects returned by your query belong to this list.
WARNING: [Constraints 18-401] set_false_path: 'u_Demodulation/u_HS_AD9481_IN/fifo_16to8_inst/U0/inst_fifo_gen/gconvfifo.rf/grf.rf/gntv_or_sync_fifo.mem/gdm.dm_gen.dm/gpr1.dout_i_reg[9]_i_3' is not a valid endpoint. [d:/Xilinx/Project/200t/Quadrature_Demodulation/Quadrature_Demodulation.gen/sources_1/ip/fifo_generator_0/fifo_generator_0_clocks.xdc:60]
Resolution: A valid end point is a data pin of a sequential cell or a primary output or inout port. Please validate that all the objects returned by your query belong to this list.
Finished Parsing XDC File [d:/Xilinx/Project/200t/Quadrature_Demodulation/Quadrature_Demodulation.gen/sources_1/ip/fifo_generator_0/fifo_generator_0_clocks.xdc] for cell 'u_Demodulation/u_HS_AD9481_IN/fifo_16to8_inst/U0'
INFO: [Project 1-236] Implementation specific constraints were found while reading constraint file [d:/Xilinx/Project/200t/Quadrature_Demodulation/Quadrature_Demodulation.gen/sources_1/ip/fifo_generator_0/fifo_generator_0_clocks.xdc]. These constraints will be ignored for synthesis but will be used in implementation. Impacted constraints are listed in the file [.Xil/Quadrature_Demodulation_propImpl.xdc].
Resolution: To avoid this warning, move constraints listed in [.Xil/Quadrature_Demodulation_propImpl.xdc] to another XDC file and exclude this new file from synthesis with the used_in_synthesis property (File Properties dialog in GUI) and re-run elaboration/synthesis.
INFO: [Project 1-236] Implementation specific constraints were found while reading constraint file [D:/Xilinx/Vivado/2023.1/data/ip/xpm/xpm_cdc/tcl/xpm_cdc_gray.tcl]. These constraints will be ignored for synthesis but will be used in implementation. Impacted constraints are listed in the file [.Xil/Quadrature_Demodulation_propImpl.xdc].
Resolution: To avoid this warning, move constraints listed in [.Xil/Quadrature_Demodulation_propImpl.xdc] to another XDC file and exclude this new file from synthesis with the used_in_synthesis property (File Properties dialog in GUI) and re-run elaboration/synthesis.
INFO: [Project 1-236] Implementation specific constraints were found while reading constraint file [D:/Xilinx/Vivado/2023.1/data/ip/xpm/xpm_cdc/tcl/xpm_cdc_single.tcl]. These constraints will be ignored for synthesis but will be used in implementation. Impacted constraints are listed in the file [.Xil/Quadrature_Demodulation_propImpl.xdc].
Resolution: To avoid this warning, move constraints listed in [.Xil/Quadrature_Demodulation_propImpl.xdc] to another XDC file and exclude this new file from synthesis with the used_in_synthesis property (File Properties dialog in GUI) and re-run elaboration/synthesis.
INFO: [Project 1-1714] 12 XPM XDC files have been applied to the design.
Completed Processing XDC Constraints

Netlist sorting complete. Time (s): cpu = 00:00:00 ; elapsed = 00:00:00.009 . Memory (MB): peak = 2694.102 ; gain = 0.000
INFO: [Project 1-111] Unisim Transformation Summary:
  A total of 96 instances were transformed.
  RAM64M => RAM64M (RAMD64E(x4)): 80 instances
  RAM64X1D => RAM64X1D (RAMD64E(x2)): 16 instances

RTL Elaboration Complete:  : Time (s): cpu = 00:00:14 ; elapsed = 00:00:26 . Memory (MB): peak = 2885.863 ; gain = 834.777
93 Infos, 62 Warnings, 0 Critical Warnings and 0 Errors encountered.
synth_design completed successfully
synth_design: Time (s): cpu = 00:00:16 ; elapsed = 00:00:31 . Memory (MB): peak = 2885.863 ; gain = 1224.434
INFO: [Common 17-600] The following parameters have non-default value.
general.maxThreads
exit
INFO: [Common 17-206] Exiting Vivado at Thu Jul 25 00:06:04 2024...
