
*** Running vivado
    with args -log cic_14BITS_1250.vds -m64 -product Vivado -mode batch -messageDb vivado.pb -notrace -source cic_14BITS_1250.tcl


ECHO 处于关闭状态。
ECHO 处于关闭状态。

****** Vivado v2023.1 (64-bit)
  **** SW Build 3865809 on Sun May  7 15:05:29 MDT 2023
  **** IP Build 3864474 on Sun May  7 20:36:21 MDT 2023
  **** SharedData Build 3865790 on Sun May 07 13:33:03 MDT 2023
    ** Copyright 1986-2022 Xilinx, Inc. All Rights Reserved.
    ** Copyright 2022-2023 Advanced Micro Devices, Inc. All Rights Reserved.

source cic_14BITS_1250.tcl -notrace
INFO: [IP_Flow 19-6924] IPCACHE: Running cache check for IP inst: cic_14BITS_1250
Command: synth_design -top cic_14BITS_1250 -part xc7a200tfbg484-1 -incremental_mode off -mode out_of_context
Starting synth_design
Attempting to get a license for feature 'Synthesis' and/or device 'xc7a200t'
INFO: [Common 17-349] Got license for feature 'Synthesis' and/or device 'xc7a200t'
INFO: [Device 21-403] Loading part xc7a200tfbg484-1
INFO: [Synth 8-7079] Multithreading enabled for synth_design using a maximum of 2 processes.
INFO: [Synth 8-7078] Launching helper process for spawning children vivado processes
INFO: [Synth 8-7075] Helper process launched with PID 12176
---------------------------------------------------------------------------------
Starting RTL Elaboration : Time (s): cpu = 00:00:01 ; elapsed = 00:00:04 . Memory (MB): peak = 1335.027 ; gain = 409.535
---------------------------------------------------------------------------------
INFO: [Synth 8-638] synthesizing module 'cic_14BITS_1250' [d:/Xilinx/Project/200t/Quadrature_Demodulation/Quadrature_Demodulation.gen/sources_1/ip/cic_14BITS_1250/synth/cic_14BITS_1250.vhd:70]
	Parameter C_COMPONENT_NAME bound to: cic_14BITS_1250 - type: string 
	Parameter C_FILTER_TYPE bound to: 1 - type: integer 
	Parameter C_NUM_STAGES bound to: 4 - type: integer 
	Parameter C_DIFF_DELAY bound to: 1 - type: integer 
	Parameter C_RATE bound to: 1250 - type: integer 
	Parameter C_INPUT_WIDTH bound to: 14 - type: integer 
	Parameter C_OUTPUT_WIDTH bound to: 56 - type: integer 
	Parameter C_USE_DSP bound to: 1 - type: integer 
	Parameter C_HAS_ROUNDING bound to: 0 - type: integer 
	Parameter C_NUM_CHANNELS bound to: 1 - type: integer 
	Parameter C_RATE_TYPE bound to: 0 - type: integer 
	Parameter C_MIN_RATE bound to: 1250 - type: integer 
	Parameter C_MAX_RATE bound to: 1250 - type: integer 
	Parameter C_SAMPLE_FREQ bound to: 1 - type: integer 
	Parameter C_CLK_FREQ bound to: 1 - type: integer 
	Parameter C_USE_STREAMING_INTERFACE bound to: 1 - type: integer 
	Parameter C_FAMILY bound to: artix7 - type: string 
	Parameter C_XDEVICEFAMILY bound to: artix7 - type: string 
	Parameter C_C1 bound to: 56 - type: integer 
	Parameter C_C2 bound to: 56 - type: integer 
	Parameter C_C3 bound to: 56 - type: integer 
	Parameter C_C4 bound to: 56 - type: integer 
	Parameter C_C5 bound to: 0 - type: integer 
	Parameter C_C6 bound to: 0 - type: integer 
	Parameter C_I1 bound to: 56 - type: integer 
	Parameter C_I2 bound to: 56 - type: integer 
	Parameter C_I3 bound to: 56 - type: integer 
	Parameter C_I4 bound to: 56 - type: integer 
	Parameter C_I5 bound to: 0 - type: integer 
	Parameter C_I6 bound to: 0 - type: integer 
	Parameter C_S_AXIS_CONFIG_TDATA_WIDTH bound to: 1 - type: integer 
	Parameter C_S_AXIS_DATA_TDATA_WIDTH bound to: 16 - type: integer 
	Parameter C_M_AXIS_DATA_TDATA_WIDTH bound to: 56 - type: integer 
	Parameter C_M_AXIS_DATA_TUSER_WIDTH bound to: 1 - type: integer 
	Parameter C_HAS_DOUT_TREADY bound to: 0 - type: integer 
	Parameter C_HAS_ACLKEN bound to: 0 - type: integer 
	Parameter C_HAS_ARESETN bound to: 0 - type: integer 
INFO: [Synth 8-3491] module 'cic_compiler_v4_0_16' declared at 'd:/Xilinx/Project/200t/Quadrature_Demodulation/Quadrature_Demodulation.gen/sources_1/ip/cic_14BITS_1250/hdl/cic_compiler_v4_0_vh_rfs.vhd:16133' bound to instance 'U0' of component 'cic_compiler_v4_0_16' [d:/Xilinx/Project/200t/Quadrature_Demodulation/Quadrature_Demodulation.gen/sources_1/ip/cic_14BITS_1250/synth/cic_14BITS_1250.vhd:153]
INFO: [Synth 8-256] done synthesizing module 'cic_14BITS_1250' (0#1) [d:/Xilinx/Project/200t/Quadrature_Demodulation/Quadrature_Demodulation.gen/sources_1/ip/cic_14BITS_1250/synth/cic_14BITS_1250.vhd:70]
WARNING: [Synth 8-7129] Port SCLR in module delay_bit__parameterized9 is either unconnected or has no load
WARNING: [Synth 8-7129] Port WE in module delay__parameterized11 is either unconnected or has no load
WARNING: [Synth 8-7129] Port CE in module delay__parameterized11 is either unconnected or has no load
WARNING: [Synth 8-7129] Port SCLR in module delay__parameterized11 is either unconnected or has no load
WARNING: [Synth 8-7129] Port CLK in module delay__parameterized11 is either unconnected or has no load
WARNING: [Synth 8-7129] Port WE in module delay__parameterized21 is either unconnected or has no load
WARNING: [Synth 8-7129] Port CE in module delay__parameterized21 is either unconnected or has no load
WARNING: [Synth 8-7129] Port SCLR in module delay__parameterized21 is either unconnected or has no load
WARNING: [Synth 8-7129] Port CLK in module delay__parameterized21 is either unconnected or has no load
WARNING: [Synth 8-7129] Port WE in module delay_bit__parameterized4 is either unconnected or has no load
WARNING: [Synth 8-7129] Port CE in module delay_bit__parameterized4 is either unconnected or has no load
WARNING: [Synth 8-7129] Port SCLR in module delay_bit__parameterized4 is either unconnected or has no load
WARNING: [Synth 8-7129] Port CLK in module delay_bit__parameterized4 is either unconnected or has no load
WARNING: [Synth 8-7129] Port AC[29] in module emb_calc__parameterized2 is either unconnected or has no load
WARNING: [Synth 8-7129] Port AC[28] in module emb_calc__parameterized2 is either unconnected or has no load
WARNING: [Synth 8-7129] Port AC[27] in module emb_calc__parameterized2 is either unconnected or has no load
WARNING: [Synth 8-7129] Port AC[26] in module emb_calc__parameterized2 is either unconnected or has no load
WARNING: [Synth 8-7129] Port AC[25] in module emb_calc__parameterized2 is either unconnected or has no load
WARNING: [Synth 8-7129] Port AC[24] in module emb_calc__parameterized2 is either unconnected or has no load
WARNING: [Synth 8-7129] Port AC[23] in module emb_calc__parameterized2 is either unconnected or has no load
WARNING: [Synth 8-7129] Port AC[22] in module emb_calc__parameterized2 is either unconnected or has no load
WARNING: [Synth 8-7129] Port AC[21] in module emb_calc__parameterized2 is either unconnected or has no load
WARNING: [Synth 8-7129] Port AC[20] in module emb_calc__parameterized2 is either unconnected or has no load
WARNING: [Synth 8-7129] Port AC[19] in module emb_calc__parameterized2 is either unconnected or has no load
WARNING: [Synth 8-7129] Port AC[18] in module emb_calc__parameterized2 is either unconnected or has no load
WARNING: [Synth 8-7129] Port AC[17] in module emb_calc__parameterized2 is either unconnected or has no load
WARNING: [Synth 8-7129] Port AC[16] in module emb_calc__parameterized2 is either unconnected or has no load
WARNING: [Synth 8-7129] Port AC[15] in module emb_calc__parameterized2 is either unconnected or has no load
WARNING: [Synth 8-7129] Port AC[14] in module emb_calc__parameterized2 is either unconnected or has no load
WARNING: [Synth 8-7129] Port AC[13] in module emb_calc__parameterized2 is either unconnected or has no load
WARNING: [Synth 8-7129] Port AC[12] in module emb_calc__parameterized2 is either unconnected or has no load
WARNING: [Synth 8-7129] Port AC[11] in module emb_calc__parameterized2 is either unconnected or has no load
WARNING: [Synth 8-7129] Port AC[10] in module emb_calc__parameterized2 is either unconnected or has no load
WARNING: [Synth 8-7129] Port AC[9] in module emb_calc__parameterized2 is either unconnected or has no load
WARNING: [Synth 8-7129] Port AC[8] in module emb_calc__parameterized2 is either unconnected or has no load
WARNING: [Synth 8-7129] Port AC[7] in module emb_calc__parameterized2 is either unconnected or has no load
WARNING: [Synth 8-7129] Port AC[6] in module emb_calc__parameterized2 is either unconnected or has no load
WARNING: [Synth 8-7129] Port AC[5] in module emb_calc__parameterized2 is either unconnected or has no load
WARNING: [Synth 8-7129] Port AC[4] in module emb_calc__parameterized2 is either unconnected or has no load
WARNING: [Synth 8-7129] Port AC[3] in module emb_calc__parameterized2 is either unconnected or has no load
WARNING: [Synth 8-7129] Port AC[2] in module emb_calc__parameterized2 is either unconnected or has no load
WARNING: [Synth 8-7129] Port AC[1] in module emb_calc__parameterized2 is either unconnected or has no load
WARNING: [Synth 8-7129] Port AC[0] in module emb_calc__parameterized2 is either unconnected or has no load
WARNING: [Synth 8-7129] Port PAT_DET in module emb_calc__parameterized2 is either unconnected or has no load
WARNING: [Synth 8-7129] Port PAT_DET_B in module emb_calc__parameterized2 is either unconnected or has no load
WARNING: [Synth 8-7129] Port PCIN[7] in module emb_calc__parameterized2 is either unconnected or has no load
WARNING: [Synth 8-7129] Port PCIN[6] in module emb_calc__parameterized2 is either unconnected or has no load
WARNING: [Synth 8-7129] Port PCIN[5] in module emb_calc__parameterized2 is either unconnected or has no load
WARNING: [Synth 8-7129] Port PCIN[4] in module emb_calc__parameterized2 is either unconnected or has no load
WARNING: [Synth 8-7129] Port PCIN[3] in module emb_calc__parameterized2 is either unconnected or has no load
WARNING: [Synth 8-7129] Port PCIN[2] in module emb_calc__parameterized2 is either unconnected or has no load
WARNING: [Synth 8-7129] Port PCIN[1] in module emb_calc__parameterized2 is either unconnected or has no load
WARNING: [Synth 8-7129] Port PCIN[0] in module emb_calc__parameterized2 is either unconnected or has no load
WARNING: [Synth 8-7129] Port PRE_ADDSUB in module emb_calc__parameterized2 is either unconnected or has no load
WARNING: [Synth 8-7129] Port PRE_ADD_BYPASS in module emb_calc__parameterized2 is either unconnected or has no load
WARNING: [Synth 8-7129] Port CIN_SEL[2] in module emb_calc__parameterized2 is either unconnected or has no load
WARNING: [Synth 8-7129] Port CIN_SEL[1] in module emb_calc__parameterized2 is either unconnected or has no load
WARNING: [Synth 8-7129] Port CARRYCASCIN in module emb_calc__parameterized2 is either unconnected or has no load
WARNING: [Synth 8-7129] Port SCLR in module delay__parameterized9 is either unconnected or has no load
WARNING: [Synth 8-7129] Port SCLR in module delay_bit__parameterized0 is either unconnected or has no load
WARNING: [Synth 8-7129] Port SCLR in module delay__parameterized7 is either unconnected or has no load
WARNING: [Synth 8-7129] Port WE in module delay__parameterized5 is either unconnected or has no load
WARNING: [Synth 8-7129] Port CE in module delay__parameterized5 is either unconnected or has no load
WARNING: [Synth 8-7129] Port SCLR in module delay__parameterized5 is either unconnected or has no load
WARNING: [Synth 8-7129] Port CLK in module delay__parameterized5 is either unconnected or has no load
WARNING: [Synth 8-7129] Port WE in module delay__parameterized3 is either unconnected or has no load
WARNING: [Synth 8-7129] Port CE in module delay__parameterized3 is either unconnected or has no load
WARNING: [Synth 8-7129] Port SCLR in module delay__parameterized3 is either unconnected or has no load
WARNING: [Synth 8-7129] Port CLK in module delay__parameterized3 is either unconnected or has no load
WARNING: [Synth 8-7129] Port PRE_ADDSUB in module emb_calc__parameterized1 is either unconnected or has no load
WARNING: [Synth 8-7129] Port PRE_ADD_BYPASS in module emb_calc__parameterized1 is either unconnected or has no load
WARNING: [Synth 8-7129] Port CED in module emb_calc__parameterized1 is either unconnected or has no load
WARNING: [Synth 8-7129] Port WE in module delay__parameterized1 is either unconnected or has no load
WARNING: [Synth 8-7129] Port CE in module delay__parameterized1 is either unconnected or has no load
WARNING: [Synth 8-7129] Port SCLR in module delay__parameterized1 is either unconnected or has no load
WARNING: [Synth 8-7129] Port CLK in module delay__parameterized1 is either unconnected or has no load
WARNING: [Synth 8-7129] Port WE in module delay_bit is either unconnected or has no load
WARNING: [Synth 8-7129] Port CE in module delay_bit is either unconnected or has no load
WARNING: [Synth 8-7129] Port SCLR in module delay_bit is either unconnected or has no load
WARNING: [Synth 8-7129] Port CLK in module delay_bit is either unconnected or has no load
WARNING: [Synth 8-7129] Port SCLR in module delay__parameterized23 is either unconnected or has no load
WARNING: [Synth 8-7129] Port WE in module delay_bit__parameterized8 is either unconnected or has no load
WARNING: [Synth 8-7129] Port CE in module delay_bit__parameterized8 is either unconnected or has no load
WARNING: [Synth 8-7129] Port SCLR in module delay_bit__parameterized8 is either unconnected or has no load
WARNING: [Synth 8-7129] Port CLK in module delay_bit__parameterized8 is either unconnected or has no load
WARNING: [Synth 8-7129] Port SCLR in module delay_bit__parameterized6 is either unconnected or has no load
WARNING: [Synth 8-7129] Port AC[29] in module emb_calc__parameterized0 is either unconnected or has no load
WARNING: [Synth 8-7129] Port AC[28] in module emb_calc__parameterized0 is either unconnected or has no load
WARNING: [Synth 8-7129] Port AC[27] in module emb_calc__parameterized0 is either unconnected or has no load
WARNING: [Synth 8-7129] Port AC[26] in module emb_calc__parameterized0 is either unconnected or has no load
WARNING: [Synth 8-7129] Port AC[25] in module emb_calc__parameterized0 is either unconnected or has no load
WARNING: [Synth 8-7129] Port AC[24] in module emb_calc__parameterized0 is either unconnected or has no load
WARNING: [Synth 8-7129] Port AC[23] in module emb_calc__parameterized0 is either unconnected or has no load
WARNING: [Synth 8-7129] Port AC[22] in module emb_calc__parameterized0 is either unconnected or has no load
WARNING: [Synth 8-7129] Port AC[21] in module emb_calc__parameterized0 is either unconnected or has no load
WARNING: [Synth 8-7129] Port AC[20] in module emb_calc__parameterized0 is either unconnected or has no load
WARNING: [Synth 8-7129] Port AC[19] in module emb_calc__parameterized0 is either unconnected or has no load
WARNING: [Synth 8-7129] Port AC[18] in module emb_calc__parameterized0 is either unconnected or has no load
WARNING: [Synth 8-7129] Port AC[17] in module emb_calc__parameterized0 is either unconnected or has no load
WARNING: [Synth 8-7129] Port AC[16] in module emb_calc__parameterized0 is either unconnected or has no load
INFO: [Common 17-14] Message 'Synth 8-7129' appears 100 times and further instances of the messages will be disabled. Use the Tcl command set_msg_config to change the current settings.
---------------------------------------------------------------------------------
Finished RTL Elaboration : Time (s): cpu = 00:00:01 ; elapsed = 00:00:07 . Memory (MB): peak = 1452.270 ; gain = 526.777
---------------------------------------------------------------------------------
---------------------------------------------------------------------------------
Start Handling Custom Attributes
---------------------------------------------------------------------------------
---------------------------------------------------------------------------------
Finished Handling Custom Attributes : Time (s): cpu = 00:00:01 ; elapsed = 00:00:07 . Memory (MB): peak = 1452.270 ; gain = 526.777
---------------------------------------------------------------------------------
---------------------------------------------------------------------------------
Finished RTL Optimization Phase 1 : Time (s): cpu = 00:00:01 ; elapsed = 00:00:07 . Memory (MB): peak = 1452.270 ; gain = 526.777
---------------------------------------------------------------------------------
Netlist sorting complete. Time (s): cpu = 00:00:00 ; elapsed = 00:00:00.045 . Memory (MB): peak = 1452.270 ; gain = 0.000
INFO: [Netlist 29-17] Analyzing 135 Unisim elements for replacement
INFO: [Netlist 29-28] Unisim Transformation completed in 0 CPU seconds
INFO: [Project 1-570] Preparing netlist for logic optimization

Processing XDC Constraints
Initializing timing engine
Parsing XDC File [d:/Xilinx/Project/200t/Quadrature_Demodulation/Quadrature_Demodulation.gen/sources_1/ip/cic_14BITS_1250/cic_14BITS_1250_ooc.xdc] for cell 'U0'
Finished Parsing XDC File [d:/Xilinx/Project/200t/Quadrature_Demodulation/Quadrature_Demodulation.gen/sources_1/ip/cic_14BITS_1250/cic_14BITS_1250_ooc.xdc] for cell 'U0'
Parsing XDC File [D:/Xilinx/Project/200t/Quadrature_Demodulation/Quadrature_Demodulation.runs/cic_14BITS_1250_synth_1/dont_touch.xdc]
Finished Parsing XDC File [D:/Xilinx/Project/200t/Quadrature_Demodulation/Quadrature_Demodulation.runs/cic_14BITS_1250_synth_1/dont_touch.xdc]
Completed Processing XDC Constraints

Netlist sorting complete. Time (s): cpu = 00:00:00 ; elapsed = 00:00:00.001 . Memory (MB): peak = 1502.410 ; gain = 0.000
INFO: [Project 1-111] Unisim Transformation Summary:
  A total of 85 instances were transformed.
  FDRSE => FDRSE (FDRE, LUT4, VCC): 45 instances
  MUXCY_L => MUXCY: 40 instances

Constraint Validation Runtime : Time (s): cpu = 00:00:00 ; elapsed = 00:00:00.036 . Memory (MB): peak = 1502.410 ; gain = 0.000
INFO: [Designutils 20-5008] Incremental synthesis strategy off
---------------------------------------------------------------------------------
Finished Constraint Validation : Time (s): cpu = 00:00:03 ; elapsed = 00:00:13 . Memory (MB): peak = 1502.410 ; gain = 576.918
---------------------------------------------------------------------------------
---------------------------------------------------------------------------------
Start Loading Part and Timing Information
---------------------------------------------------------------------------------
Loading part: xc7a200tfbg484-1
---------------------------------------------------------------------------------
Finished Loading Part and Timing Information : Time (s): cpu = 00:00:03 ; elapsed = 00:00:13 . Memory (MB): peak = 1502.410 ; gain = 576.918
---------------------------------------------------------------------------------
---------------------------------------------------------------------------------
Start Applying 'set_property' XDC Constraints
---------------------------------------------------------------------------------
Applied set_property KEEP_HIERARCHY = SOFT for U0. (constraint file  D:/Xilinx/Project/200t/Quadrature_Demodulation/Quadrature_Demodulation.runs/cic_14BITS_1250_synth_1/dont_touch.xdc, line 9).
---------------------------------------------------------------------------------
Finished applying 'set_property' XDC Constraints : Time (s): cpu = 00:00:03 ; elapsed = 00:00:13 . Memory (MB): peak = 1502.410 ; gain = 576.918
---------------------------------------------------------------------------------
---------------------------------------------------------------------------------
Finished RTL Optimization Phase 2 : Time (s): cpu = 00:00:03 ; elapsed = 00:00:13 . Memory (MB): peak = 1502.410 ; gain = 576.918
---------------------------------------------------------------------------------
INFO: [Synth 8-223] decloning instance 'int_comb_stage_unfolded:/gen_split_accum[0].gen_mem_we' (delay_bit__parameterized0) to 'int_comb_stage_unfolded:/gen_split_accum[1].gen_nd_src'
INFO: [Synth 8-223] decloning instance 'U0/i_synth/decimator.decimation_filter/int/gen_stages[3].gen_unfolded.int_comb_stage/gen_split_accum[0].gen_mem_we' (delay_bit__parameterized0) to 'U0/i_synth/decimator.decimation_filter/int/gen_stages[3].gen_unfolded.int_comb_stage/gen_split_accum[1].gen_nd_src'
INFO: [Synth 8-223] decloning instance 'U0/i_synth/decimator.decimation_filter/comb/gen_stages[0].gen_folded.int_comb_stage/gen_split_accum[0].gen_comb_mem_src.gen_nd_dly' (delay_bit__parameterized0) to 'U0/i_synth/decimator.decimation_filter/comb/gen_stages[0].gen_folded.int_comb_stage/gen_split_accum[1].gen_nd_src'
INFO: [Synth 8-223] decloning instance 'U0/i_synth/decimator.decimation_filter/comb/gen_stages[0].gen_folded.int_comb_stage/gen_split_accum[0].gen_comb_mem_src.gen_en_dly' (delay_bit__parameterized0) to 'U0/i_synth/decimator.decimation_filter/comb/gen_stages[0].gen_folded.int_comb_stage/gen_split_accum[0].gen_mem_we'
INFO: [Synth 8-223] decloning instance 'U0/i_synth/decimator.decimation_filter/comb/gen_stages[0].gen_folded.int_comb_stage/gen_split_accum[0].gen_comb_mem_src.gen_en_dly' (delay_bit__parameterized0) to 'U0/i_synth/decimator.decimation_filter/comb/gen_stages[0].gen_folded.int_comb_stage/gen_split_accum[1].gen_en_src'
INFO: [Synth 8-223] decloning instance 'U0/i_synth/decimator.decimation_filter/comb/gen_stages[0].gen_folded.int_comb_stage/gen_split_accum[1].gen_comb_mem_src.gen_en_dly' (delay_bit__parameterized0) to 'U0/i_synth/decimator.decimation_filter/comb/gen_stages[0].gen_folded.int_comb_stage/gen_split_accum[1].gen_mem_we'
---------------------------------------------------------------------------------
Start RTL Component Statistics 
---------------------------------------------------------------------------------
---------------------------------------------------------------------------------
Finished RTL Component Statistics 
---------------------------------------------------------------------------------
---------------------------------------------------------------------------------
Start Part Resource Summary
---------------------------------------------------------------------------------
Part Resources:
DSPs: 740 (col length:100)
BRAMs: 730 (col length: RAMB18 100 RAMB36 50)
---------------------------------------------------------------------------------
Finished Part Resource Summary
---------------------------------------------------------------------------------
---------------------------------------------------------------------------------
Start Cross Boundary and Area Optimization
---------------------------------------------------------------------------------
WARNING: [Synth 8-7080] Parallel synthesis criteria is not met
---------------------------------------------------------------------------------
Finished Cross Boundary and Area Optimization : Time (s): cpu = 00:00:04 ; elapsed = 00:00:15 . Memory (MB): peak = 1502.410 ; gain = 576.918
---------------------------------------------------------------------------------
---------------------------------------------------------------------------------
Start Applying XDC Timing Constraints
---------------------------------------------------------------------------------
---------------------------------------------------------------------------------
Finished Applying XDC Timing Constraints : Time (s): cpu = 00:00:06 ; elapsed = 00:00:21 . Memory (MB): peak = 1502.410 ; gain = 576.918
---------------------------------------------------------------------------------
---------------------------------------------------------------------------------
Start Timing Optimization
---------------------------------------------------------------------------------
---------------------------------------------------------------------------------
Finished Timing Optimization : Time (s): cpu = 00:00:06 ; elapsed = 00:00:21 . Memory (MB): peak = 1502.410 ; gain = 576.918
---------------------------------------------------------------------------------
---------------------------------------------------------------------------------
Start Technology Mapping
---------------------------------------------------------------------------------
---------------------------------------------------------------------------------
Finished Technology Mapping : Time (s): cpu = 00:00:06 ; elapsed = 00:00:21 . Memory (MB): peak = 1502.410 ; gain = 576.918
---------------------------------------------------------------------------------
---------------------------------------------------------------------------------
Start IO Insertion
---------------------------------------------------------------------------------
---------------------------------------------------------------------------------
Start Flattening Before IO Insertion
---------------------------------------------------------------------------------
---------------------------------------------------------------------------------
Finished Flattening Before IO Insertion
---------------------------------------------------------------------------------
---------------------------------------------------------------------------------
Start Final Netlist Cleanup
---------------------------------------------------------------------------------
---------------------------------------------------------------------------------
Finished Final Netlist Cleanup
---------------------------------------------------------------------------------
---------------------------------------------------------------------------------
Finished IO Insertion : Time (s): cpu = 00:00:07 ; elapsed = 00:00:24 . Memory (MB): peak = 1502.410 ; gain = 576.918
---------------------------------------------------------------------------------
---------------------------------------------------------------------------------
Start Renaming Generated Instances
---------------------------------------------------------------------------------
---------------------------------------------------------------------------------
Finished Renaming Generated Instances : Time (s): cpu = 00:00:07 ; elapsed = 00:00:24 . Memory (MB): peak = 1502.410 ; gain = 576.918
---------------------------------------------------------------------------------
---------------------------------------------------------------------------------
Start Rebuilding User Hierarchy
---------------------------------------------------------------------------------
---------------------------------------------------------------------------------
Finished Rebuilding User Hierarchy : Time (s): cpu = 00:00:07 ; elapsed = 00:00:25 . Memory (MB): peak = 1502.410 ; gain = 576.918
---------------------------------------------------------------------------------
---------------------------------------------------------------------------------
Start Renaming Generated Ports
---------------------------------------------------------------------------------
---------------------------------------------------------------------------------
Finished Renaming Generated Ports : Time (s): cpu = 00:00:07 ; elapsed = 00:00:25 . Memory (MB): peak = 1502.410 ; gain = 576.918
---------------------------------------------------------------------------------
---------------------------------------------------------------------------------
Start Handling Custom Attributes
---------------------------------------------------------------------------------
---------------------------------------------------------------------------------
Finished Handling Custom Attributes : Time (s): cpu = 00:00:07 ; elapsed = 00:00:25 . Memory (MB): peak = 1502.410 ; gain = 576.918
---------------------------------------------------------------------------------
---------------------------------------------------------------------------------
Start Renaming Generated Nets
---------------------------------------------------------------------------------
---------------------------------------------------------------------------------
Finished Renaming Generated Nets : Time (s): cpu = 00:00:07 ; elapsed = 00:00:25 . Memory (MB): peak = 1502.410 ; gain = 576.918
---------------------------------------------------------------------------------
---------------------------------------------------------------------------------
Start Writing Synthesis Report
---------------------------------------------------------------------------------

DSP Final Report (the ' indicates corresponding REG is set)
+-------------------------+-------------+--------+--------+--------+--------+--------+------+------+------+------+-------+------+------+
|Module Name              | DSP Mapping | A Size | B Size | C Size | D Size | P Size | AREG | BREG | CREG | DREG | ADREG | MREG | PREG | 
+-------------------------+-------------+--------+--------+--------+--------+--------+------+------+------+------+-------+------+------+
|emb_calc__parameterized1 | Dynamic     | -      | -      | -      | -      | 48     | -    | -    | -    | -    | -     | 0    | 1    | 
|emb_calc_22              | Dynamic     | -      | -      | -      | -      | 48     | -    | -    | -    | -    | -     | 0    | 1    | 
|emb_calc_12              | Dynamic     | -      | -      | -      | -      | 48     | -    | -    | -    | -    | -     | 0    | 1    | 
|emb_calc_2               | Dynamic     | -      | -      | -      | -      | 48     | -    | -    | -    | -    | -     | 0    | 1    | 
|emb_calc                 | Dynamic     | -      | -      | -      | -      | 48     | -    | -    | -    | -    | -     | 0    | 1    | 
+-------------------------+-------------+--------+--------+--------+--------+--------+------+------+------+------+-------+------+------+


Report BlackBoxes: 
+-+--------------+----------+
| |BlackBox name |Instances |
+-+--------------+----------+
+-+--------------+----------+

Report Cell Usage: 
+------+--------+------+
|      |Cell    |Count |
+------+--------+------+
|1     |DSP48E1 |     5|
|2     |LUT1    |    13|
|3     |LUT2    |    38|
|4     |LUT3    |    63|
|5     |LUT4    |    12|
|6     |LUT5    |    44|
|7     |LUT6    |    16|
|8     |MUXCY_L |    40|
|9     |SRL16E  |   342|
|10    |XORCY   |    40|
|11    |FDRE    |   582|
|12    |FDSE    |     1|
+------+--------+------+
---------------------------------------------------------------------------------
Finished Writing Synthesis Report : Time (s): cpu = 00:00:07 ; elapsed = 00:00:25 . Memory (MB): peak = 1502.410 ; gain = 576.918
---------------------------------------------------------------------------------
Synthesis finished with 0 errors, 0 critical warnings and 11 warnings.
Synthesis Optimization Runtime : Time (s): cpu = 00:00:05 ; elapsed = 00:00:23 . Memory (MB): peak = 1502.410 ; gain = 526.777
Synthesis Optimization Complete : Time (s): cpu = 00:00:07 ; elapsed = 00:00:25 . Memory (MB): peak = 1502.410 ; gain = 576.918
INFO: [Project 1-571] Translating synthesized netlist
Netlist sorting complete. Time (s): cpu = 00:00:00 ; elapsed = 00:00:00.024 . Memory (MB): peak = 1502.410 ; gain = 0.000
INFO: [Netlist 29-17] Analyzing 85 Unisim elements for replacement
INFO: [Netlist 29-28] Unisim Transformation completed in 0 CPU seconds
INFO: [Project 1-570] Preparing netlist for logic optimization
INFO: [Opt 31-138] Pushed 0 inverter(s) to 0 load pin(s).
Netlist sorting complete. Time (s): cpu = 00:00:00 ; elapsed = 00:00:00 . Memory (MB): peak = 1521.781 ; gain = 0.000
INFO: [Project 1-111] Unisim Transformation Summary:
  A total of 15 instances were transformed.
  (MUXCY,XORCY) => CARRY4: 15 instances

Synth Design complete | Checksum: a6f99f82
INFO: [Common 17-83] Releasing license: Synthesis
28 Infos, 101 Warnings, 0 Critical Warnings and 0 Errors encountered.
synth_design completed successfully
synth_design: Time (s): cpu = 00:00:08 ; elapsed = 00:00:29 . Memory (MB): peak = 1521.781 ; gain = 1031.230
INFO: [Common 17-1381] The checkpoint 'D:/Xilinx/Project/200t/Quadrature_Demodulation/Quadrature_Demodulation.runs/cic_14BITS_1250_synth_1/cic_14BITS_1250.dcp' has been generated.
INFO: [Coretcl 2-1648] Added synthesis output to IP cache for IP cic_14BITS_1250, cache-ID = 250e1b511a7dfa54
INFO: [Coretcl 2-1174] Renamed 68 cell refs.
INFO: [Common 17-1381] The checkpoint 'D:/Xilinx/Project/200t/Quadrature_Demodulation/Quadrature_Demodulation.runs/cic_14BITS_1250_synth_1/cic_14BITS_1250.dcp' has been generated.
INFO: [runtcl-4] Executing : report_utilization -file cic_14BITS_1250_utilization_synth.rpt -pb cic_14BITS_1250_utilization_synth.pb
INFO: [Common 17-206] Exiting Vivado at Mon Mar 11 15:57:59 2024...
