Component: ARM Compiler 5.05 update 1 (build 106) Tool: armlink [4d0efa]

==============================================================================

Section Cross References

    startup_stm32f103xb.o(STACK) refers (Special) to heapauxi.o(.text) for __use_two_region_memory
    startup_stm32f103xb.o(HEAP) refers (Special) to heapauxi.o(.text) for __use_two_region_memory
    startup_stm32f103xb.o(RESET) refers (Special) to heapauxi.o(.text) for __use_two_region_memory
    startup_stm32f103xb.o(RESET) refers to startup_stm32f103xb.o(STACK) for __initial_sp
    startup_stm32f103xb.o(RESET) refers to startup_stm32f103xb.o(.text) for Reset_Handler
    startup_stm32f103xb.o(RESET) refers to stm32f1xx_it.o(i.NMI_Handler) for NMI_Handler
    startup_stm32f103xb.o(RESET) refers to stm32f1xx_it.o(i.HardFault_Handler) for HardFault_Handler
    startup_stm32f103xb.o(RESET) refers to stm32f1xx_it.o(i.MemManage_Handler) for MemManage_Handler
    startup_stm32f103xb.o(RESET) refers to stm32f1xx_it.o(i.BusFault_Handler) for BusFault_Handler
    startup_stm32f103xb.o(RESET) refers to stm32f1xx_it.o(i.UsageFault_Handler) for UsageFault_Handler
    startup_stm32f103xb.o(RESET) refers to stm32f1xx_it.o(i.SVC_Handler) for SVC_Handler
    startup_stm32f103xb.o(RESET) refers to stm32f1xx_it.o(i.DebugMon_Handler) for DebugMon_Handler
    startup_stm32f103xb.o(RESET) refers to stm32f1xx_it.o(i.PendSV_Handler) for PendSV_Handler
    startup_stm32f103xb.o(RESET) refers to stm32f1xx_it.o(i.SysTick_Handler) for SysTick_Handler
    startup_stm32f103xb.o(RESET) refers to stm32f1xx_it.o(i.USART1_IRQHandler) for USART1_IRQHandler
    startup_stm32f103xb.o(RESET) refers to stm32f1xx_it.o(i.USART2_IRQHandler) for USART2_IRQHandler
    startup_stm32f103xb.o(.text) refers (Special) to heapauxi.o(.text) for __use_two_region_memory
    startup_stm32f103xb.o(.text) refers to system_stm32f1xx.o(i.SystemInit) for SystemInit
    startup_stm32f103xb.o(.text) refers to __main.o(!!!main) for __main
    startup_stm32f103xb.o(.text) refers to startup_stm32f103xb.o(HEAP) for Heap_Mem
    startup_stm32f103xb.o(.text) refers to startup_stm32f103xb.o(STACK) for Stack_Mem
    main.o(i.SystemClock_Config) refers to rt_memclr_w.o(.text) for __aeabi_memclr4
    main.o(i.SystemClock_Config) refers to stm32f1xx_hal_rcc.o(i.HAL_RCC_OscConfig) for HAL_RCC_OscConfig
    main.o(i.SystemClock_Config) refers to stm32f1xx_hal_rcc.o(i.HAL_RCC_ClockConfig) for HAL_RCC_ClockConfig
    main.o(i.main) refers to stm32f1xx_hal.o(i.HAL_Init) for HAL_Init
    main.o(i.main) refers to main.o(i.SystemClock_Config) for SystemClock_Config
    main.o(i.main) refers to gpio.o(i.MX_GPIO_Init) for MX_GPIO_Init
    main.o(i.main) refers to usart.o(i.MX_USART1_UART_Init) for MX_USART1_UART_Init
    main.o(i.main) refers to usart.o(i.MX_USART2_UART_Init) for MX_USART2_UART_Init
    main.o(i.main) refers to delay.o(i.delay_init) for delay_init
    main.o(i.main) refers to usart1.o(i.USART1_Init) for USART1_Init
    main.o(i.main) refers to usart2.o(i.USART2_Init) for USART2_Init
    main.o(i.main) refers to usart.o(.bss) for huart1
    usart.o(i.HAL_UART_MspDeInit) refers to stm32f1xx_hal_gpio.o(i.HAL_GPIO_DeInit) for HAL_GPIO_DeInit
    usart.o(i.HAL_UART_MspDeInit) refers to stm32f1xx_hal_cortex.o(i.HAL_NVIC_DisableIRQ) for HAL_NVIC_DisableIRQ
    usart.o(i.HAL_UART_MspInit) refers to stm32f1xx_hal_gpio.o(i.HAL_GPIO_Init) for HAL_GPIO_Init
    usart.o(i.HAL_UART_MspInit) refers to stm32f1xx_hal_cortex.o(i.HAL_NVIC_SetPriority) for HAL_NVIC_SetPriority
    usart.o(i.HAL_UART_MspInit) refers to stm32f1xx_hal_cortex.o(i.HAL_NVIC_EnableIRQ) for HAL_NVIC_EnableIRQ
    usart.o(i.MX_USART1_UART_Init) refers to stm32f1xx_hal_uart.o(i.HAL_UART_Init) for HAL_UART_Init
    usart.o(i.MX_USART1_UART_Init) refers to main.o(i.Error_Handler) for Error_Handler
    usart.o(i.MX_USART1_UART_Init) refers to usart.o(.bss) for .bss
    usart.o(i.MX_USART2_UART_Init) refers to stm32f1xx_hal_uart.o(i.HAL_UART_Init) for HAL_UART_Init
    usart.o(i.MX_USART2_UART_Init) refers to main.o(i.Error_Handler) for Error_Handler
    usart.o(i.MX_USART2_UART_Init) refers to usart.o(.bss) for .bss
    stm32f1xx_it.o(i.AM_MD) refers to fflt_clz.o(x$fpl$ffltu) for __aeabi_ui2f
    stm32f1xx_it.o(i.AM_MD) refers to fmul.o(x$fpl$fmul) for __aeabi_fmul
    stm32f1xx_it.o(i.AM_MD) refers to f2d.o(x$fpl$f2d) for __aeabi_f2d
    stm32f1xx_it.o(i.AM_MD) refers to scalbnf.o(x$fpl$scalbnf) for __ARM_scalbnf
    stm32f1xx_it.o(i.AM_MD) refers to faddsub_clz.o(x$fpl$fsub) for __aeabi_fsub
    stm32f1xx_it.o(i.AM_MD) refers to daddsub_clz.o(x$fpl$dsub) for __aeabi_dsub
    stm32f1xx_it.o(i.AM_MD) refers to d2f.o(x$fpl$d2f) for __aeabi_d2f
    stm32f1xx_it.o(i.FM_MD) refers to fflt_clz.o(x$fpl$ffltu) for __aeabi_ui2f
    stm32f1xx_it.o(i.FM_MD) refers to fmul.o(x$fpl$fmul) for __aeabi_fmul
    stm32f1xx_it.o(i.FM_MD) refers to f2d.o(x$fpl$f2d) for __aeabi_f2d
[...]
    ../clib/angel/kernel.s                   0x00000000   Number         0  rtexit2.o ABSOLUTE
    ../clib/angel/rt.s                       0x00000000   Number         0  rt_locale_intlibspace.o ABSOLUTE
    ../clib/angel/rt.s                       0x00000000   Number         0  rt_raise.o ABSOLUTE
    ../clib/angel/rt.s                       0x00000000   Number         0  rt_locale.o ABSOLUTE
    ../clib/angel/scatter.s                  0x00000000   Number         0  __scatter.o ABSOLUTE
    ../clib/angel/startup.s                  0x00000000   Number         0  __main.o ABSOLUTE
    ../clib/angel/sys.s                      0x00000000   Number         0  use_no_semi.o ABSOLUTE
    ../clib/angel/sys.s                      0x00000000   Number         0  indicate_semi.o ABSOLUTE
    ../clib/angel/sys.s                      0x00000000   Number         0  sys_stackheap_outer.o ABSOLUTE
    ../clib/angel/sys.s                      0x00000000   Number         0  libspace.o ABSOLUTE
    ../clib/angel/sysapp.c                   0x00000000   Number         0  sys_wrch.o ABSOLUTE
    ../clib/angel/sysapp.c                   0x00000000   Number         0  sys_command.o ABSOLUTE
    ../clib/angel/sysapp.c                   0x00000000   Number         0  sys_exit.o ABSOLUTE
    ../clib/armsys.c                         0x00000000   Number         0  _get_argv_nomalloc.o ABSOLUTE
    ../clib/armsys.c                         0x00000000   Number         0  argv_veneer.o ABSOLUTE
    ../clib/armsys.c                         0x00000000   Number         0  no_argv.o ABSOLUTE
    ../clib/armsys.c                         0x00000000   Number         0  argv_veneer.o ABSOLUTE
    ../clib/bigflt.c                         0x00000000   Number         0  bigflt0.o ABSOLUTE
    ../clib/btod.s                           0x00000000   Number         0  btod.o ABSOLUTE
    ../clib/heapalloc.c                      0x00000000   Number         0  hrguard.o ABSOLUTE
    ../clib/heapaux.c                        0x00000000   Number         0  heapauxi.o ABSOLUTE
    ../clib/libinit.s                        0x00000000   Number         0  libinit2.o ABSOLUTE
    ../clib/libinit.s                        0x00000000   Number         0  libshutdown.o ABSOLUTE
    ../clib/libinit.s                        0x00000000   Number         0  libinit.o ABSOLUTE
    ../clib/libinit.s                        0x00000000   Number         0  libshutdown2.o ABSOLUTE
    ../clib/locale.s                         0x00000000   Number         0  lc_numeric_c.o ABSOLUTE
    ../clib/longlong.s                       0x00000000   Number         0  lludiv10.o ABSOLUTE
    ../clib/longlong.s                       0x00000000   Number         0  llushr.o ABSOLUTE
    ../clib/memcpset.s                       0x00000000   Number         0  strcmpv7m.o ABSOLUTE
    ../clib/memcpset.s                       0x00000000   Number         0  rt_memclr_w.o ABSOLUTE
    ../clib/misc.s                           0x00000000   Number         0  printf_stubs.o ABSOLUTE
    ../clib/printf.c                         0x00000000   Number         0  __printf_flags_ss_wp.o ABSOLUTE
    ../clib/printf.c                         0x00000000   Number         0  _printf_intcommon.o ABSOLUTE
    ../clib/printf.c                         0x00000000   Number         0  __printf_nopercent.o ABSOLUTE
    ../clib/printf.c                         0x00000000   Number         0  __printf_ss.o ABSOLUTE
    ../clib/printf.c                         0x00000000   Number         0  _printf_fp_infnan.o ABSOLUTE
    ../clib/printf.c                         0x00000000   Number         0  _printf_char_common.o ABSOLUTE
    ../clib/printf.c                         0x00000000   Number         0  __2printf.o ABSOLUTE
    ../clib/printf.c                         0x00000000   Number         0  noretval__2printf.o ABSOLUTE
    ../clib/printf.c                         0x00000000   Number         0  __printf.o ABSOLUTE
    ../clib/printf.c                         0x00000000   Number         0  _printf_dec.o ABSOLUTE
    ../clib/printf.c                         0x00000000   Number         0  __printf_flags.o ABSOLUTE
    ../clib/printf.c                         0x00000000   Number         0  __printf_flags_ss.o ABSOLUTE
    ../clib/printf.c                         0x00000000   Number         0  __printf_wp.o ABSOLUTE
    ../clib/printf.c                         0x00000000   Number         0  _printf_char_file.o ABSOLUTE
    ../clib/printf.c                         0x00000000   Number         0  _printf_fp_dec.o ABSOLUTE
    ../clib/printf.c                         0x00000000   Number         0  __printf_flags_wp.o ABSOLUTE
    ../clib/printf.c                         0x00000000   Number         0  __printf_ss_wp.o ABSOLUTE
    ../clib/printf_percent.s                 0x00000000   Number         0  _printf_d.o ABSOLUTE
    ../clib/printf_percent.s                 0x00000000   Number         0  _printf_percent_end.o ABSOLUTE
    ../clib/printf_percent.s                 0x00000000   Number         0  _printf_f.o ABSOLUTE
    ../clib/printf_percent.s                 0x00000000   Number         0  _printf_percent.o ABSOLUTE
    ../clib/signal.c                         0x00000000   Number         0  defsig_abrt_inner.o ABSOLUTE
    ../clib/signal.c                         0x00000000   Number         0  defsig_rtmem_inner.o ABSOLUTE
    ../clib/signal.c                         0x00000000   Number         0  defsig_exit.o ABSOLUTE
    ../clib/signal.c                         0x00000000   Number         0  __raise.o ABSOLUTE
    ../clib/signal.c                         0x00000000   Number         0  defsig_general.o ABSOLUTE
    ../clib/signal.c                         0x00000000   Number         0  defsig_rtmem_outer.o ABSOLUTE
    ../clib/signal.c                         0x00000000   Number         0  defsig_fpe_inner.o ABSOLUTE
    ../clib/signal.c                         0x00000000   Number         0  defsig_rtred_inner.o ABSOLUTE
    ../clib/signal.c                         0x00000000   Number         0  defsig_stak_inner.o ABSOLUTE
    ../clib/signal.c                         0x00000000   Number         0  defsig_pvfn_inner.o ABSOLUTE
    ../clib/signal.c                         0x00000000   Number         0  defsig_rtmem_formal.o ABSOLUTE
    ../clib/signal.c                         0x00000000   Number         0  defsig_cppl_inner.o ABSOLUTE
    ../clib/signal.c                         0x00000000   Number         0  defsig_other.o ABSOLUTE
    ../clib/signal.c                         0x00000000   Number         0  defsig_segv_inner.o ABSOLUTE
    ../clib/signal.s                         0x00000000   Number         0  defsig.o ABSOLUTE
    ../clib/stdio.c                          0x00000000   Number         0  ferror.o ABSOLUTE
    ../clib/stdio.c                          0x00000000   Number         0  ferror_locked.o ABSOLUTE
    ../clib/stdlib.c                         0x00000000   Number         0  exit.o ABSOLUTE
    ../fplib/d2f.s                           0x00000000   Number         0  d2f.o ABSOLUTE
    ../fplib/daddsub.s                       0x00000000   Number         0  daddsub_clz.o ABSOLUTE
    ../fplib/dnaninf.s                       0x00000000   Number         0  dnaninf.o ABSOLUTE
    ../fplib/dretinf.s                       0x00000000   Number         0  dretinf.o ABSOLUTE
    ../fplib/f2d.s                           0x00000000   Number         0  f2d.o ABSOLUTE
    ../fplib/faddsub.s                       0x00000000   Number         0  faddsub_clz.o ABSOLUTE
    ../fplib/fcheck1.s                       0x00000000   Number         0  fcheck1.o ABSOLUTE
    ../fplib/fdiv.s                          0x00000000   Number         0  fdiv.o ABSOLUTE
    ../fplib/fflt.s                          0x00000000   Number         0  fflt_clz.o ABSOLUTE
    ../fplib/fmul.s                          0x00000000   Number         0  fmul.o ABSOLUTE
    ../fplib/fnaninf.s                       0x00000000   Number         0  fnaninf.o ABSOLUTE
    ../fplib/fpinit.s                        0x00000000   Number         0  fpinit.o ABSOLUTE
    ../fplib/fretinf.s                       0x00000000   Number         0  fretinf.o ABSOLUTE
    ../fplib/istatus.s                       0x00000000   Number         0  istatus.o ABSOLUTE
    ../fplib/printf1.s                       0x00000000   Number         0  printf1.o ABSOLUTE
    ../fplib/retnan.s                        0x00000000   Number         0  retnan.o ABSOLUTE
    ../fplib/scalbnf.s                       0x00000000   Number         0  scalbnf.o ABSOLUTE
    ../fplib/trapv.s                         0x00000000   Number         0  trapv.o ABSOLUTE
    ../fplib/usenofp.s                       0x00000000   Number         0  usenofp.o ABSOLUTE
    ../mathlib/fpclassify.c                  0x00000000   Number         0  fpclassify.o ABSOLUTE
    ..\Core\Src\gpio.c                       0x00000000   Number         0  gpio.o ABSOLUTE
    ..\Core\Src\main.c                       0x00000000   Number         0  main.o ABSOLUTE
    ..\Core\Src\stm32f1xx_hal_msp.c          0x00000000   Number         0  stm32f1xx_hal_msp.o ABSOLUTE
    ..\Core\Src\stm32f1xx_it.c               0x00000000   Number         0  stm32f1xx_it.o ABSOLUTE
    ..\Core\Src\system_stm32f1xx.c           0x00000000   Number         0  system_stm32f1xx.o ABSOLUTE
    ..\Core\Src\usart.c                      0x00000000   Number         0  usart.o ABSOLUTE
    ..\Drivers\STM32F1xx_HAL_Driver\Src\stm32f1xx_hal.c 0x00000000   Number         0  stm32f1xx_hal.o ABSOLUTE
    ..\Drivers\STM32F1xx_HAL_Driver\Src\stm32f1xx_hal_cortex.c 0x00000000   Number         0  stm32f1xx_hal_cortex.o ABSOLUTE
    ..\Drivers\STM32F1xx_HAL_Driver\Src\stm32f1xx_hal_dma.c 0x00000000   Number         0  stm32f1xx_hal_dma.o ABSOLUTE
    ..\Drivers\STM32F1xx_HAL_Driver\Src\stm32f1xx_hal_exti.c 0x00000000   Number         0  stm32f1xx_hal_exti.o ABSOLUTE
    ..\Drivers\STM32F1xx_HAL_Driver\Src\stm32f1xx_hal_flash.c 0x00000000   Number         0  stm32f1xx_hal_flash.o ABSOLUTE
    ..\Drivers\STM32F1xx_HAL_Driver\Src\stm32f1xx_hal_flash_ex.c 0x00000000   Number         0  stm32f1xx_hal_flash_ex.o ABSOLUTE
    ..\Drivers\STM32F1xx_HAL_Driver\Src\stm32f1xx_hal_gpio.c 0x00000000   Number         0  stm32f1xx_hal_gpio.o ABSOLUTE
    ..\Drivers\STM32F1xx_HAL_Driver\Src\stm32f1xx_hal_gpio_ex.c 0x00000000   Number         0  stm32f1xx_hal_gpio_ex.o ABSOLUTE
    ..\Drivers\STM32F1xx_HAL_Driver\Src\stm32f1xx_hal_pwr.c 0x00000000   Number         0  stm32f1xx_hal_pwr.o ABSOLUTE
    ..\Drivers\STM32F1xx_HAL_Driver\Src\stm32f1xx_hal_rcc.c 0x00000000   Number         0  stm32f1xx_hal_rcc.o ABSOLUTE
    ..\Drivers\STM32F1xx_HAL_Driver\Src\stm32f1xx_hal_rcc_ex.c 0x00000000   Number         0  stm32f1xx_hal_rcc_ex.o ABSOLUTE
    ..\Drivers\STM32F1xx_HAL_Driver\Src\stm32f1xx_hal_tim.c 0x00000000   Number         0  stm32f1xx_hal_tim.o ABSOLUTE
    ..\Drivers\STM32F1xx_HAL_Driver\Src\stm32f1xx_hal_tim_ex.c 0x00000000   Number         0  stm32f1xx_hal_tim_ex.o ABSOLUTE
    ..\Drivers\STM32F1xx_HAL_Driver\Src\stm32f1xx_hal_uart.c 0x00000000   Number         0  stm32f1xx_hal_uart.o ABSOLUTE
    ..\HARDWARE\DELAY\delay.c                0x00000000   Number         0  delay.o ABSOLUTE
    ..\HARDWARE\USART\USART1.c               0x00000000   Number         0  usart1.o ABSOLUTE
    ..\HARDWARE\USART\USART2.c               0x00000000   Number         0  usart2.o ABSOLUTE
    ..\\HARDWARE\\DELAY\\delay.c             0x00000000   Number         0  delay.o ABSOLUTE
    ..\\HARDWARE\\USART\\USART1.c            0x00000000   Number         0  usart1.o ABSOLUTE
    ..\\HARDWARE\\USART\\USART2.c            0x00000000   Number         0  usart2.o ABSOLUTE
    dc.s                                     0x00000000   Number         0  dc.o ABSOLUTE
    startup_stm32f103xb.s                    0x00000000   Number         0  startup_stm32f103xb.o ABSOLUTE
    RESET                                    0x08000000   Section      236  startup_stm32f103xb.o(RESET)
    !!!main                                  0x080000ec   Section        8  __main.o(!!!main)
    !!!scatter                               0x080000f4   Section       52  __scatter.o(!!!scatter)
    !!handler_copy                           0x08000128   Section       26  __scatter_copy.o(!!handler_copy)
    !!handler_zi                             0x08000144   Section       28  __scatter_zi.o(!!handler_zi)
    .ARM.Collect$$_printf_percent$$00000000  0x08000160   Section        0  _printf_percent.o(.ARM.Collect$$_printf_percent$$00000000)
    .ARM.Collect$$_printf_percent$$00000003  0x08000160   Section        6  _printf_f.o(.ARM.Collect$$_printf_percent$$00000003)
    .ARM.Collect$$_printf_percent$$00000009  0x08000166   Section        6  _printf_d.o(.ARM.Collect$$_printf_percent$$00000009)
    .ARM.Collect$$_printf_percent$$00000017  0x0800016c   Section        4  _printf_percent_end.o(.ARM.Collect$$_printf_percent$$00000017)
    .ARM.Collect$$libinit$$00000000          0x08000170   Section        2  libinit.o(.ARM.Collect$$libinit$$00000000)
    .ARM.Collect$$libinit$$00000002          0x08000172   Section        0  libinit2.o(.ARM.Collect$$libinit$$00000002)
    .ARM.Collect$$libinit$$00000004          0x08000172   Section        0  libinit2.o(.ARM.Collect$$libinit$$00000004)
    .ARM.Collect$$libinit$$0000000A          0x08000172   Section        0  libinit2.o(.ARM.Collect$$libinit$$0000000A)
    .ARM.Collect$$libinit$$0000000C          0x08000172   Section        0  libinit2.o(.ARM.Collect$$libinit$$0000000C)
    .ARM.Collect$$libinit$$0000000E          0x08000172   Section        0  libinit2.o(.ARM.Collect$$libinit$$0000000E)
    .ARM.Collect$$libinit$$0000000F          0x08000172   Section        6  libinit2.o(.ARM.Collect$$libinit$$0000000F)
    .ARM.Collect$$libinit$$00000011          0x08000178   Section        0  libinit2.o(.ARM.Collect$$libinit$$00000011)
    .ARM.Collect$$libinit$$00000013          0x08000178   Section        0  libinit2.o(.ARM.Collect$$libinit$$00000013)
    .ARM.Collect$$libinit$$00000015          0x08000178   Section        0  libinit2.o(.ARM.Collect$$libinit$$00000015)
    .ARM.Collect$$libinit$$00000016          0x08000178   Section       10  libinit2.o(.ARM.Collect$$libinit$$00000016)
    .ARM.Collect$$libinit$$00000017          0x08000182   Section        0  libinit2.o(.ARM.Collect$$libinit$$00000017)
    .ARM.Collect$$libinit$$00000019          0x08000182   Section        0  libinit2.o(.ARM.Collect$$libinit$$00000019)
    .ARM.Collect$$libinit$$0000001B          0x08000182   Section        0  libinit2.o(.ARM.Collect$$libinit$$0000001B)
    .ARM.Collect$$libinit$$0000001D          0x08000182   Section        0  libinit2.o(.ARM.Collect$$libinit$$0000001D)
    .ARM.Collect$$libinit$$0000001F          0x08000182   Section        0  libinit2.o(.ARM.Collect$$libinit$$0000001F)
    .ARM.Collect$$libinit$$00000021          0x08000182   Section        0  libinit2.o(.ARM.Collect$$libinit$$00000021)
    .ARM.Collect$$libinit$$00000023          0x08000182   Section        0  libinit2.o(.ARM.Collect$$libinit$$00000023)
    .ARM.Collect$$libinit$$00000025          0x08000182   Section        0  libinit2.o(.ARM.Collect$$libinit$$00000025)
    .ARM.Collect$$libinit$$0000002C          0x08000182   Section        0  libinit2.o(.ARM.Collect$$libinit$$0000002C)
    .ARM.Collect$$libinit$$0000002E          0x08000182   Section        0  libinit2.o(.ARM.Collect$$libinit$$0000002E)
    .ARM.Collect$$libinit$$00000030          0x08000182   Section        0  libinit2.o(.ARM.Collect$$libinit$$00000030)
    .ARM.Collect$$libinit$$00000032          0x08000182   Section        0  libinit2.o(.ARM.Collect$$libinit$$00000032)
    .ARM.Collect$$libinit$$00000033          0x08000182   Section        2  libinit2.o(.ARM.Collect$$libinit$$00000033)
    .ARM.Collect$$libshutdown$$00000000      0x08000184   Section        2  libshutdown.o(.ARM.Collect$$libshutdown$$00000000)
    .ARM.Collect$$libshutdown$$00000003      0x08000186   Section        0  libshutdown2.o(.ARM.Collect$$libshutdown$$00000003)
    .ARM.Collect$$libshutdown$$00000006      0x08000186   Section        0  libshutdown2.o(.ARM.Collect$$libshutdown$$00000006)
    .ARM.Collect$$libshutdown$$00000009      0x08000186   Section        0  libshutdown2.o(.ARM.Collect$$libshutdown$$00000009)
    .ARM.Collect$$libshutdown$$0000000B      0x08000186   Section        0  libshutdown2.o(.ARM.Collect$$libshutdown$$0000000B)
    .ARM.Collect$$libshutdown$$0000000E      0x08000186   Section        0  libshutdown2.o(.ARM.Collect$$libshutdown$$0000000E)
    .ARM.Collect$$libshutdown$$0000000F      0x08000186   Section        2  libshutdown2.o(.ARM.Collect$$libshutdown$$0000000F)
    .ARM.Collect$$rtentry$$00000000          0x08000188   Section        0  __rtentry.o(.ARM.Collect$$rtentry$$00000000)
    .ARM.Collect$$rtentry$$00000002          0x08000188   Section        0  __rtentry2.o(.ARM.Collect$$rtentry$$00000002)
    .ARM.Collect$$rtentry$$00000004          0x08000188   Section        6  __rtentry4.o(.ARM.Collect$$rtentry$$00000004)
    .ARM.Collect$$rtentry$$00000009          0x0800018e   Section        0  __rtentry2.o(.ARM.Collect$$rtentry$$00000009)
    .ARM.Collect$$rtentry$$0000000A          0x0800018e   Section        4  __rtentry2.o(.ARM.Collect$$rtentry$$0000000A)
    .ARM.Collect$$rtentry$$0000000C          0x08000192   Section        0  __rtentry2.o(.ARM.Collect$$rtentry$$0000000C)
    .ARM.Collect$$rtentry$$0000000D          0x08000192   Section        8  __rtentry2.o(.ARM.Collect$$rtentry$$0000000D)
    .ARM.Collect$$rtexit$$00000000           0x0800019a   Section        2  rtexit.o(.ARM.Collect$$rtexit$$00000000)
    .ARM.Collect$$rtexit$$00000002           0x0800019c   Section        0  rtexit2.o(.ARM.Collect$$rtexit$$00000002)
    .ARM.Collect$$rtexit$$00000003           0x0800019c   Section        4  rtexit2.o(.ARM.Collect$$rtexit$$00000003)
    .ARM.Collect$$rtexit$$00000004           0x080001a0   Section        6  rtexit2.o(.ARM.Collect$$rtexit$$00000004)
    .text                                    0x080001a8   Section       64  startup_stm32f103xb.o(.text)
    .text                                    0x080001e8   Section        0  noretval__2printf.o(.text)
    .text                                    0x08000200   Section        0  _printf_dec.o(.text)
    .text                                    0x08000278   Section        0  __printf_wp.o(.text)
    .text                                    0x08000386   Section       78  rt_memclr_w.o(.text)
    .text                                    0x080003d4   Section        0  heapauxi.o(.text)
    .text                                    0x080003da   Section        0  _printf_intcommon.o(.text)
    .text                                    0x0800048c   Section        0  _printf_fp_dec.o(.text)
    _fp_digits                               0x0800048f   Thumb Code   428  _printf_fp_dec.o(.text)
    .text                                    0x080008a8   Section        0  _printf_char_file.o(.text)
    .text                                    0x080008cc   Section        8  rt_locale_intlibspace.o(.text)
    .text                                    0x080008d4   Section      138  lludiv10.o(.text)
    .text                                    0x08000960   Section        0  _printf_char_common.o(.text)
    _printf_input_char                       0x08000961   Thumb Code    10  _printf_char_common.o(.text)
    .text                                    0x08000990   Section        0  _printf_fp_infnan.o(.text)
    .text                                    0x08000a10   Section        0  bigflt0.o(.text)
    .text                                    0x08000aec   Section        0  ferror.o(.text)
    .text                                    0x08000af4   Section        8  libspace.o(.text)
    .text                                    0x08000afc   Section       74  sys_stackheap_outer.o(.text)
    .text                                    0x08000b46   Section        0  exit.o(.text)
    .text                                    0x08000b54   Section      128  strcmpv7m.o(.text)
    .text                                    0x08000bd4   Section        0  sys_exit.o(.text)
    .text                                    0x08000be0   Section        2  use_no_semi.o(.text)
    .text                                    0x08000be2   Section        0  indicate_semi.o(.text)
    CL$$btod_d2e                             0x08000be2   Section       62  btod.o(CL$$btod_d2e)
    CL$$btod_d2e_denorm_low                  0x08000c20   Section       70  btod.o(CL$$btod_d2e_denorm_low)
    CL$$btod_d2e_norm_op1                    0x08000c66   Section       96  btod.o(CL$$btod_d2e_norm_op1)
    CL$$btod_div_common                      0x08000cc6   Section      824  btod.o(CL$$btod_div_common)
    CL$$btod_e2e                             0x08000ffe   Section      198  btod.o(CL$$btod_e2e)
    CL$$btod_ediv                            0x080010c4   Section       40  btod.o(CL$$btod_ediv)
    CL$$btod_emul                            0x080010ec   Section       40  btod.o(CL$$btod_emul)
    CL$$btod_mult_common                     0x08001114   Section      580  btod.o(CL$$btod_mult_common)
    i.AM_MD                                  0x08001358   Section        0  stm32f1xx_it.o(i.AM_MD)
    i.BusFault_Handler                       0x0800159c   Section        0  stm32f1xx_it.o(i.BusFault_Handler)
    i.DebugMon_Handler                       0x0800159e   Section        0  stm32f1xx_it.o(i.DebugMon_Handler)
    i.Error_Handler                          0x080015a0   Section        0  main.o(i.Error_Handler)
    i.FM_MD                                  0x080015a4   Section        0  stm32f1xx_it.o(i.FM_MD)
    i.HAL_DMA_Abort                          0x08001708   Section        0  stm32f1xx_hal_dma.o(i.HAL_DMA_Abort)
    i.HAL_DMA_Abort_IT                       0x08001750   Section        0  stm32f1xx_hal_dma.o(i.HAL_DMA_Abort_IT)
    i.HAL_GPIO_Init                          0x080017e8   Section        0  stm32f1xx_hal_gpio.o(i.HAL_GPIO_Init)
    i.HAL_GetTick                            0x080019c8   Section        0  stm32f1xx_hal.o(i.HAL_GetTick)
    i.HAL_IncTick                            0x080019d4   Section        0  stm32f1xx_hal.o(i.HAL_IncTick)
    i.HAL_Init                               0x080019e4   Section        0  stm32f1xx_hal.o(i.HAL_Init)
    i.HAL_InitTick                           0x08001a08   Section        0  stm32f1xx_hal.o(i.HAL_InitTick)
    i.HAL_MspInit                            0x08001a48   Section        0  stm32f1xx_hal_msp.o(i.HAL_MspInit)
    i.HAL_NVIC_EnableIRQ                     0x08001a84   Section        0  stm32f1xx_hal_cortex.o(i.HAL_NVIC_EnableIRQ)
    i.HAL_NVIC_SetPriority                   0x08001aa0   Section        0  stm32f1xx_hal_cortex.o(i.HAL_NVIC_SetPriority)
    i.HAL_NVIC_SetPriorityGrouping           0x08001ae0   Section        0  stm32f1xx_hal_cortex.o(i.HAL_NVIC_SetPriorityGrouping)
    i.HAL_RCC_ClockConfig                    0x08001b04   Section        0  stm32f1xx_hal_rcc.o(i.HAL_RCC_ClockConfig)
    i.HAL_RCC_GetPCLK1Freq                   0x08001c30   Section        0  stm32f1xx_hal_rcc.o(i.HAL_RCC_GetPCLK1Freq)
    i.HAL_RCC_GetPCLK2Freq                   0x08001c50   Section        0  stm32f1xx_hal_rcc.o(i.HAL_RCC_GetPCLK2Freq)
    i.HAL_RCC_GetSysClockFreq                0x08001c70   Section        0  stm32f1xx_hal_rcc.o(i.HAL_RCC_GetSysClockFreq)
    i.HAL_RCC_OscConfig                      0x08001cbc   Section        0  stm32f1xx_hal_rcc.o(i.HAL_RCC_OscConfig)
    i.HAL_SYSTICK_CLKSourceConfig            0x08001fdc   Section        0  stm32f1xx_hal_cortex.o(i.HAL_SYSTICK_CLKSourceConfig)
    i.HAL_SYSTICK_Config                     0x08001ff4   Section        0  stm32f1xx_hal_cortex.o(i.HAL_SYSTICK_Config)
    i.HAL_UARTEx_RxEventCallback             0x0800201c   Section        0  stm32f1xx_hal_uart.o(i.HAL_UARTEx_RxEventCallback)
    i.HAL_UART_ErrorCallback                 0x0800201e   Section        0  stm32f1xx_hal_uart.o(i.HAL_UART_ErrorCallback)
    i.HAL_UART_IRQHandler                    0x08002020   Section        0  stm32f1xx_hal_uart.o(i.HAL_UART_IRQHandler)
    i.HAL_UART_Init                          0x0800228c   Section        0  stm32f1xx_hal_uart.o(i.HAL_UART_Init)
    i.HAL_UART_MspInit                       0x080022f0   Section        0  usart.o(i.HAL_UART_MspInit)
    i.HAL_UART_RxCpltCallback                0x080023c8   Section        0  stm32f1xx_hal_uart.o(i.HAL_UART_RxCpltCallback)
    i.HAL_UART_TxCpltCallback                0x080023ca   Section        0  stm32f1xx_hal_uart.o(i.HAL_UART_TxCpltCallback)
    i.HardFault_Handler                      0x080023cc   Section        0  stm32f1xx_it.o(i.HardFault_Handler)
    i.MX_GPIO_Init                           0x080023d0   Section        0  gpio.o(i.MX_GPIO_Init)
    i.MX_USART1_UART_Init                    0x0800240c   Section        0  usart.o(i.MX_USART1_UART_Init)
    i.MX_USART2_UART_Init                    0x08002444   Section        0  usart.o(i.MX_USART2_UART_Init)
    i.MemManage_Handler                      0x0800247c   Section        0  stm32f1xx_it.o(i.MemManage_Handler)
    i.My_USART1_IRQHandler                   0x08002480   Section        0  usart1.o(i.My_USART1_IRQHandler)
    i.My_USART2_IRQHandler                   0x080024b4   Section        0  usart2.o(i.My_USART2_IRQHandler)
    i.NMI_Handler                            0x080024e8   Section        0  stm32f1xx_it.o(i.NMI_Handler)
    i.PendSV_Handler                         0x080024ea   Section        0  stm32f1xx_it.o(i.PendSV_Handler)
    i.SVC_Handler                            0x080024ec   Section        0  stm32f1xx_it.o(i.SVC_Handler)
    i.SysTick_Handler                        0x080024ee   Section        0  stm32f1xx_it.o(i.SysTick_Handler)
    i.SystemClock_Config                     0x080024f2   Section        0  main.o(i.SystemClock_Config)
    i.SystemInit                             0x08002550   Section        0  system_stm32f1xx.o(i.SystemInit)
    i.UART_DMAAbortOnError                   0x08002552   Section        0  stm32f1xx_hal_uart.o(i.UART_DMAAbortOnError)
    UART_DMAAbortOnError                     0x08002553   Thumb Code    16  stm32f1xx_hal_uart.o(i.UART_DMAAbortOnError)
    i.UART_EndRxTransfer                     0x08002562   Section        0  stm32f1xx_hal_uart.o(i.UART_EndRxTransfer)
    UART_EndRxTransfer                       0x08002563   Thumb Code    78  stm32f1xx_hal_uart.o(i.UART_EndRxTransfer)
    i.UART_Receive_IT                        0x080025b0   Section        0  stm32f1xx_hal_uart.o(i.UART_Receive_IT)
    UART_Receive_IT                          0x080025b1   Thumb Code   194  stm32f1xx_hal_uart.o(i.UART_Receive_IT)
    i.UART_SetConfig                         0x08002674   Section        0  stm32f1xx_hal_uart.o(i.UART_SetConfig)
    UART_SetConfig                           0x08002675   Thumb Code   178  stm32f1xx_hal_uart.o(i.UART_SetConfig)
    i.USART1_CanReadLine                     0x0800272c   Section        0  usart1.o(i.USART1_CanReadLine)
    i.USART1_IRQHandler                      0x0800275c   Section        0  stm32f1xx_it.o(i.USART1_IRQHandler)
    i.USART1_Init                            0x08002780   Section        0  usart1.o(i.USART1_Init)
    i.USART1_ReadLine                        0x08002794   Section        0  usart1.o(i.USART1_ReadLine)
    i.USART2_CanReadLine                     0x080027dc   Section        0  usart2.o(i.USART2_CanReadLine)
    i.USART2_IRQHandler                      0x0800280c   Section        0  stm32f1xx_it.o(i.USART2_IRQHandler)
    i.USART2_Init                            0x08002a38   Section        0  usart2.o(i.USART2_Init)
    i.USART2_ReadLine                        0x08002a4c   Section        0  usart2.o(i.USART2_ReadLine)
    i.UsageFault_Handler                     0x08002a94   Section        0  stm32f1xx_it.o(i.UsageFault_Handler)
    i.__ARM_fpclassify                       0x08002a96   Section        0  fpclassify.o(i.__ARM_fpclassify)
    i.__NVIC_SetPriority                     0x08002abe   Section        0  stm32f1xx_hal_cortex.o(i.__NVIC_SetPriority)
    __NVIC_SetPriority                       0x08002abf   Thumb Code    32  stm32f1xx_hal_cortex.o(i.__NVIC_SetPriority)
    i.__USART1_Shift                         0x08002ae0   Section        0  usart1.o(i.__USART1_Shift)
    i.__USART2_Shift                         0x08002b0c   Section        0  usart2.o(i.__USART2_Shift)
    i._is_digit                              0x08002b38   Section        0  __printf_wp.o(i._is_digit)
    i.delay_init                             0x08002b48   Section        0  delay.o(i.delay_init)
    i.fputc                                  0x08002b5c   Section        0  usart1.o(i.fputc)
    i.main                                   0x08002b78   Section        0  main.o(i.main)
    locale$$code                             0x08002ba8   Section       44  lc_numeric_c.o(locale$$code)
    x$fpl$d2f                                0x08002bd4   Section       98  d2f.o(x$fpl$d2f)
    x$fpl$dadd                               0x08002c38   Section      336  daddsub_clz.o(x$fpl$dadd)
    _dadd1                                   0x08002c49   Thumb Code     0  daddsub_clz.o(x$fpl$dadd)
    x$fpl$dnaninf                            0x08002d88   Section      156  dnaninf.o(x$fpl$dnaninf)
    x$fpl$dretinf                            0x08002e24   Section       12  dretinf.o(x$fpl$dretinf)
    x$fpl$dsub                               0x08002e30   Section      468  daddsub_clz.o(x$fpl$dsub)
    _dsub1                                   0x08002e41   Thumb Code     0  daddsub_clz.o(x$fpl$dsub)
    x$fpl$f2d                                0x08003004   Section       86  f2d.o(x$fpl$f2d)
    x$fpl$fadd                               0x0800305c   Section      196  faddsub_clz.o(x$fpl$fadd)
    _fadd1                                   0x0800306b   Thumb Code     0  faddsub_clz.o(x$fpl$fadd)
    x$fpl$fcheck1                            0x08003120   Section       12  fcheck1.o(x$fpl$fcheck1)
    x$fpl$fdiv                               0x0800312c   Section      388  fdiv.o(x$fpl$fdiv)
    _fdiv1                                   0x0800312d   Thumb Code     0  fdiv.o(x$fpl$fdiv)
    x$fpl$ffltu                              0x080032b0   Section       38  fflt_clz.o(x$fpl$ffltu)
    x$fpl$fmul                               0x080032d8   Section      258  fmul.o(x$fpl$fmul)
    x$fpl$fnaninf                            0x080033da   Section      140  fnaninf.o(x$fpl$fnaninf)
    x$fpl$fretinf                            0x08003466   Section       10  fretinf.o(x$fpl$fretinf)
    x$fpl$fsub                               0x08003470   Section      234  faddsub_clz.o(x$fpl$fsub)
    _fsub1                                   0x0800347f   Thumb Code     0  faddsub_clz.o(x$fpl$fsub)
    x$fpl$printf1                            0x0800355a   Section        4  printf1.o(x$fpl$printf1)
    x$fpl$retnan                             0x0800355e   Section      100  retnan.o(x$fpl$retnan)
    x$fpl$scalbnf                            0x080035c2   Section       76  scalbnf.o(x$fpl$scalbnf)
    x$fpl$trapveneer                         0x0800360e   Section       48  trapv.o(x$fpl$trapveneer)
    .constdata                               0x0800363e   Section       18  stm32f1xx_hal_rcc.o(.constdata)
    x$fpl$usenofp                            0x0800363e   Section        0  usenofp.o(x$fpl$usenofp)
    aPredivFactorTable                       0x0800363e   Data           2  stm32f1xx_hal_rcc.o(.constdata)
    aPLLMULFactorTable                       0x08003640   Data          16  stm32f1xx_hal_rcc.o(.constdata)
    .constdata                               0x08003650   Section       16  system_stm32f1xx.o(.constdata)
    .constdata                               0x08003660   Section        8  system_stm32f1xx.o(.constdata)
    .constdata                               0x08003668   Section      148  bigflt0.o(.constdata)
    tenpwrs_x                                0x08003668   Data          60  bigflt0.o(.constdata)
    tenpwrs_i                                0x080036a4   Data          64  bigflt0.o(.constdata)
    locale$$data                             0x0800371c   Section       28  lc_numeric_c.o(locale$$data)
    __lcnum_c_name                           0x08003720   Data           2  lc_numeric_c.o(locale$$data)
    __lcnum_c_start                          0x08003728   Data           0  lc_numeric_c.o(locale$$data)
    __lcnum_c_point                          0x08003734   Data           0  lc_numeric_c.o(locale$$data)
    __lcnum_c_thousands                      0x08003736   Data           0  lc_numeric_c.o(locale$$data)
    __lcnum_c_grouping                       0x08003737   Data           0  lc_numeric_c.o(locale$$data)
    __lcnum_c_end                            0x08003738   Data           0  lc_numeric_c.o(locale$$data)
    .data                                    0x20000000   Section        2  stm32f1xx_it.o(.data)
    AM_MAX_t                                 0x20000000   Data           2  stm32f1xx_it.o(.data)
    .data                                    0x20000004   Section       12  stm32f1xx_hal.o(.data)
    .data                                    0x20000010   Section        4  system_stm32f1xx.o(.data)
    .data                                    0x20000014   Section        2  delay.o(.data)
    sysClkFreq                               0x20000014   Data           2  delay.o(.data)
    .data                                    0x20000018   Section       12  usart1.o(.data)
    .data                                    0x20000024   Section        4  usart1.o(.data)
    .data                                    0x20000028   Section       12  usart2.o(.data)
    .bss                                     0x20000034   Section      144  usart.o(.bss)
    .bss                                     0x200000c4   Section      200  stm32f1xx_it.o(.bss)
    .bss                                     0x2000018c   Section      100  usart1.o(.bss)
    .bss                                     0x200001f0   Section      100  usart2.o(.bss)
    .bss                                     0x20000254   Section       96  libspace.o(.bss)
    HEAP                                     0x200002b8   Section      512  startup_stm32f103xb.o(HEAP)
    Heap_Mem                                 0x200002b8   Data         512  startup_stm32f103xb.o(HEAP)
    STACK                                    0x200004b8   Section     1024  startup_stm32f103xb.o(STACK)
    Stack_Mem                                0x200004b8   Data        1024  startup_stm32f103xb.o(STACK)
    __initial_sp                             0x200008b8   Data           0  startup_stm32f103xb.o(STACK)

    Global Symbols

    Symbol Name                              Value     Ov Type        Size  Object(Section)

    BuildAttributes$$THM_ISAv4$P$D$K$B$S$PE$A:L22UL41UL21$X:L11$S22US41US21$IEEE1$IW$USESV6$~STKCKD$USESV7$~SHL$OTIME$ROPI$IEEEJ$EBA8$UX$STANDARDLIB$REQ8$PRES8$EABIv2 0x00000000   Number         0  anon$$obj.o ABSOLUTE
    __ARM_use_no_argv                        0x00000000   Number         0  main.o ABSOLUTE
    _printf_flags                            0x00000000   Number         0  printf_stubs.o ABSOLUTE
    _printf_return_value                     0x00000000   Number         0  printf_stubs.o ABSOLUTE
    _printf_sizespec                         0x00000000   Number         0  printf_stubs.o ABSOLUTE
    _printf_widthprec                        0x00000000   Number         0  printf_stubs.o ABSOLUTE
    __ARM_exceptions_init                     - Undefined Weak Reference
    __alloca_initialize                       - Undefined Weak Reference
    __arm_preinit_                            - Undefined Weak Reference
    __cpp_initialize__aeabi_                  - Undefined Weak Reference
    __cxa_finalize                            - Undefined Weak Reference
    __sigvec_lookup                           - Undefined Weak Reference
    _atexit_init                              - Undefined Weak Reference
    _call_atexit_fns                          - Undefined Weak Reference
    _clock_init                               - Undefined Weak Reference
    _fp_trap_init                             - Undefined Weak Reference
    _fp_trap_shutdown                         - Undefined Weak Reference
    _get_lc_collate                           - Undefined Weak Reference
    _get_lc_ctype                             - Undefined Weak Reference
    _get_lc_monetary                          - Undefined Weak Reference
    _get_lc_time                              - Undefined Weak Reference
    _getenv_init                              - Undefined Weak Reference
    _handle_redirection                       - Undefined Weak Reference
    _init_alloc                               - Undefined Weak Reference
    _init_user_alloc                          - Undefined Weak Reference
    _initio                                   - Undefined Weak Reference
    _mutex_acquire                            - Undefined Weak Reference
    _mutex_release                            - Undefined Weak Reference
    _printf_post_padding                      - Undefined Weak Reference
    _printf_pre_padding                       - Undefined Weak Reference
    _printf_truncate_signed                   - Undefined Weak Reference
    _printf_truncate_unsigned                 - Undefined Weak Reference
    _rand_init                                - Undefined Weak Reference
    _signal_finish                            - Undefined Weak Reference
    _signal_init                              - Undefined Weak Reference
    _terminate_alloc                          - Undefined Weak Reference
    _terminate_user_alloc                     - Undefined Weak Reference
    _terminateio                              - Undefined Weak Reference
    __Vectors_Size                           0x000000ec   Number         0  startup_stm32f103xb.o ABSOLUTE
    __Vectors                                0x08000000   Data           4  startup_stm32f103xb.o(RESET)
    __Vectors_End                            0x080000ec   Data           0  startup_stm32f103xb.o(RESET)
    __main                                   0x080000ed   Thumb Code     8  __main.o(!!!main)
    __scatterload                            0x080000f5   Thumb Code     0  __scatter.o(!!!scatter)
    __scatterload_rt2                        0x080000f5   Thumb Code    44  __scatter.o(!!!scatter)
    __scatterload_rt2_thumb_only             0x080000f5   Thumb Code     0  __scatter.o(!!!scatter)
    __scatterload_null                       0x08000103   Thumb Code     0  __scatter.o(!!!scatter)
    __scatterload_copy                       0x08000129   Thumb Code    26  __scatter_copy.o(!!handler_copy)
    __scatterload_zeroinit                   0x08000145   Thumb Code    28  __scatter_zi.o(!!handler_zi)
    _printf_f                                0x08000161   Thumb Code     0  _printf_f.o(.ARM.Collect$$_printf_percent$$00000003)
    _printf_percent                          0x08000161   Thumb Code     0  _printf_percent.o(.ARM.Collect$$_printf_percent$$00000000)
    _printf_d                                0x08000167   Thumb Code     0  _printf_d.o(.ARM.Collect$$_printf_percent$$00000009)
    _printf_percent_end                      0x0800016d   Thumb Code     0  _printf_percent_end.o(.ARM.Collect$$_printf_percent$$00000017)
    __rt_lib_init                            0x08000171   Thumb Code     0  libinit.o(.ARM.Collect$$libinit$$00000000)
    __rt_lib_init_fp_1                       0x08000173   Thumb Code     0  libinit2.o(.ARM.Collect$$libinit$$00000002)
    __rt_lib_init_heap_1                     0x08000173   Thumb Code     0  libinit2.o(.ARM.Collect$$libinit$$0000000A)
    __rt_lib_init_lc_common                  0x08000173   Thumb Code     0  libinit2.o(.ARM.Collect$$libinit$$0000000F)
    __rt_lib_init_preinit_1                  0x08000173   Thumb Code     0  libinit2.o(.ARM.Collect$$libinit$$00000004)
    __rt_lib_init_rand_1                     0x08000173   Thumb Code     0  libinit2.o(.ARM.Collect$$libinit$$0000000E)
    __rt_lib_init_user_alloc_1               0x08000173   Thumb Code     0  libinit2.o(.ARM.Collect$$libinit$$0000000C)
    __rt_lib_init_lc_collate_1               0x08000179   Thumb Code     0  libinit2.o(.ARM.Collect$$libinit$$00000011)
    __rt_lib_init_lc_ctype_1                 0x08000179   Thumb Code     0  libinit2.o(.ARM.Collect$$libinit$$00000013)
    __rt_lib_init_lc_monetary_1              0x08000179   Thumb Code     0  libinit2.o(.ARM.Collect$$libinit$$00000015)
    __rt_lib_init_lc_numeric_2               0x08000179   Thumb Code     0  libinit2.o(.ARM.Collect$$libinit$$00000016)
    __rt_lib_init_alloca_1                   0x08000183   Thumb Code     0  libinit2.o(.ARM.Collect$$libinit$$0000002E)
    __rt_lib_init_argv_1                     0x08000183   Thumb Code     0  libinit2.o(.ARM.Collect$$libinit$$0000002C)
    __rt_lib_init_atexit_1                   0x08000183   Thumb Code     0  libinit2.o(.ARM.Collect$$libinit$$0000001B)
    __rt_lib_init_clock_1                    0x08000183   Thumb Code     0  libinit2.o(.ARM.Collect$$libinit$$00000021)
    __rt_lib_init_cpp_1                      0x08000183   Thumb Code     0  libinit2.o(.ARM.Collect$$libinit$$00000032)
    __rt_lib_init_exceptions_1               0x08000183   Thumb Code     0  libinit2.o(.ARM.Collect$$libinit$$00000030)
    __rt_lib_init_fp_trap_1                  0x08000183   Thumb Code     0  libinit2.o(.ARM.Collect$$libinit$$0000001F)
    __rt_lib_init_getenv_1                   0x08000183   Thumb Code     0  libinit2.o(.ARM.Collect$$libinit$$00000023)
    __rt_lib_init_lc_numeric_1               0x08000183   Thumb Code     0  libinit2.o(.ARM.Collect$$libinit$$00000017)
    __rt_lib_init_lc_time_1                  0x08000183   Thumb Code     0  libinit2.o(.ARM.Collect$$libinit$$00000019)
    __rt_lib_init_return                     0x08000183   Thumb Code     0  libinit2.o(.ARM.Collect$$libinit$$00000033)
    __rt_lib_init_signal_1                   0x08000183   Thumb Code     0  libinit2.o(.ARM.Collect$$libinit$$0000001D)
    __rt_lib_init_stdio_1                    0x08000183   Thumb Code     0  libinit2.o(.ARM.Collect$$libinit$$00000025)
    __rt_lib_shutdown                        0x08000185   Thumb Code     0  libshutdown.o(.ARM.Collect$$libshutdown$$00000000)
    __rt_lib_shutdown_fp_trap_1              0x08000187   Thumb Code     0  libshutdown2.o(.ARM.Collect$$libshutdown$$00000006)
    __rt_lib_shutdown_heap_1                 0x08000187   Thumb Code     0  libshutdown2.o(.ARM.Collect$$libshutdown$$0000000E)
    __rt_lib_shutdown_return                 0x08000187   Thumb Code     0  libshutdown2.o(.ARM.Collect$$libshutdown$$0000000F)
    __rt_lib_shutdown_signal_1               0x08000187   Thumb Code     0  libshutdown2.o(.ARM.Collect$$libshutdown$$00000009)
    __rt_lib_shutdown_stdio_1                0x08000187   Thumb Code     0  libshutdown2.o(.ARM.Collect$$libshutdown$$00000003)
    __rt_lib_shutdown_user_alloc_1           0x08000187   Thumb Code     0  libshutdown2.o(.ARM.Collect$$libshutdown$$0000000B)
    __rt_entry                               0x08000189   Thumb Code     0  __rtentry.o(.ARM.Collect$$rtentry$$00000000)
    __rt_entry_presh_1                       0x08000189   Thumb Code     0  __rtentry2.o(.ARM.Collect$$rtentry$$00000002)
    __rt_entry_sh                            0x08000189   Thumb Code     0  __rtentry4.o(.ARM.Collect$$rtentry$$00000004)
    __rt_entry_li                            0x0800018f   Thumb Code     0  __rtentry2.o(.ARM.Collect$$rtentry$$0000000A)
    __rt_entry_postsh_1                      0x0800018f   Thumb Code     0  __rtentry2.o(.ARM.Collect$$rtentry$$00000009)
    __rt_entry_main                          0x08000193   Thumb Code     0  __rtentry2.o(.ARM.Collect$$rtentry$$0000000D)
    __rt_entry_postli_1                      0x08000193   Thumb Code     0  __rtentry2.o(.ARM.Collect$$rtentry$$0000000C)
    __rt_exit                                0x0800019b   Thumb Code     0  rtexit.o(.ARM.Collect$$rtexit$$00000000)
    __rt_exit_ls                             0x0800019d   Thumb Code     0  rtexit2.o(.ARM.Collect$$rtexit$$00000003)
    __rt_exit_prels_1                        0x0800019d   Thumb Code     0  rtexit2.o(.ARM.Collect$$rtexit$$00000002)
    __rt_exit_exit                           0x080001a1   Thumb Code     0  rtexit2.o(.ARM.Collect$$rtexit$$00000004)
    Reset_Handler                            0x080001a9   Thumb Code     8  startup_stm32f103xb.o(.text)
    ADC1_2_IRQHandler                        0x080001c3   Thumb Code     0  startup_stm32f103xb.o(.text)
    CAN1_RX1_IRQHandler                      0x080001c3   Thumb Code     0  startup_stm32f103xb.o(.text)
    CAN1_SCE_IRQHandler                      0x080001c3   Thumb Code     0  startup_stm32f103xb.o(.text)
    DMA1_Channel1_IRQHandler                 0x080001c3   Thumb Code     0  startup_stm32f103xb.o(.text)
    DMA1_Channel2_IRQHandler                 0x080001c3   Thumb Code     0  startup_stm32f103xb.o(.text)
    DMA1_Channel3_IRQHandler                 0x080001c3   Thumb Code     0  startup_stm32f103xb.o(.text)
    DMA1_Channel4_IRQHandler                 0x080001c3   Thumb Code     0  startup_stm32f103xb.o(.text)
    DMA1_Channel5_IRQHandler                 0x080001c3   Thumb Code     0  startup_stm32f103xb.o(.text)
    DMA1_Channel6_IRQHandler                 0x080001c3   Thumb Code     0  startup_stm32f103xb.o(.text)
    DMA1_Channel7_IRQHandler                 0x080001c3   Thumb Code     0  startup_stm32f103xb.o(.text)
    EXTI0_IRQHandler                         0x080001c3   Thumb Code     0  startup_stm32f103xb.o(.text)
    EXTI15_10_IRQHandler                     0x080001c3   Thumb Code     0  startup_stm32f103xb.o(.text)
    EXTI1_IRQHandler                         0x080001c3   Thumb Code     0  startup_stm32f103xb.o(.text)
    EXTI2_IRQHandler                         0x080001c3   Thumb Code     0  startup_stm32f103xb.o(.text)
    EXTI3_IRQHandler                         0x080001c3   Thumb Code     0  startup_stm32f103xb.o(.text)
    EXTI4_IRQHandler                         0x080001c3   Thumb Code     0  startup_stm32f103xb.o(.text)
    EXTI9_5_IRQHandler                       0x080001c3   Thumb Code     0  startup_stm32f103xb.o(.text)
    FLASH_IRQHandler                         0x080001c3   Thumb Code     0  startup_stm32f103xb.o(.text)
    I2C1_ER_IRQHandler                       0x080001c3   Thumb Code     0  startup_stm32f103xb.o(.text)
    I2C1_EV_IRQHandler                       0x080001c3   Thumb Code     0  startup_stm32f103xb.o(.text)
    I2C2_ER_IRQHandler                       0x080001c3   Thumb Code     0  startup_stm32f103xb.o(.text)
    I2C2_EV_IRQHandler                       0x080001c3   Thumb Code     0  startup_stm32f103xb.o(.text)
    PVD_IRQHandler                           0x080001c3   Thumb Code     0  startup_stm32f103xb.o(.text)
    RCC_IRQHandler                           0x080001c3   Thumb Code     0  startup_stm32f103xb.o(.text)
    RTC_Alarm_IRQHandler                     0x080001c3   Thumb Code     0  startup_stm32f103xb.o(.text)
    RTC_IRQHandler                           0x080001c3   Thumb Code     0  startup_stm32f103xb.o(.text)
    SPI1_IRQHandler                          0x080001c3   Thumb Code     0  startup_stm32f103xb.o(.text)
    SPI2_IRQHandler                          0x080001c3   Thumb Code     0  startup_stm32f103xb.o(.text)
    TAMPER_IRQHandler                        0x080001c3   Thumb Code     0  startup_stm32f103xb.o(.text)
    TIM1_BRK_IRQHandler                      0x080001c3   Thumb Code     0  startup_stm32f103xb.o(.text)
    TIM1_CC_IRQHandler                       0x080001c3   Thumb Code     0  startup_stm32f103xb.o(.text)
    TIM1_TRG_COM_IRQHandler                  0x080001c3   Thumb Code     0  startup_stm32f103xb.o(.text)
    TIM1_UP_IRQHandler                       0x080001c3   Thumb Code     0  startup_stm32f103xb.o(.text)
    TIM2_IRQHandler                          0x080001c3   Thumb Code     0  startup_stm32f103xb.o(.text)
    TIM3_IRQHandler                          0x080001c3   Thumb Code     0  startup_stm32f103xb.o(.text)
    TIM4_IRQHandler                          0x080001c3   Thumb Code     0  startup_stm32f103xb.o(.text)
    USART3_IRQHandler                        0x080001c3   Thumb Code     0  startup_stm32f103xb.o(.text)
    USBWakeUp_IRQHandler                     0x080001c3   Thumb Code     0  startup_stm32f103xb.o(.text)
    USB_HP_CAN1_TX_IRQHandler                0x080001c3   Thumb Code     0  startup_stm32f103xb.o(.text)
    USB_LP_CAN1_RX0_IRQHandler               0x080001c3   Thumb Code     0  startup_stm32f103xb.o(.text)
    WWDG_IRQHandler                          0x080001c3   Thumb Code     0  startup_stm32f103xb.o(.text)
    __user_initial_stackheap                 0x080001c5   Thumb Code     0  startup_stm32f103xb.o(.text)
    __2printf                                0x080001e9   Thumb Code    20  noretval__2printf.o(.text)
    _printf_int_dec                          0x08000201   Thumb Code   104  _printf_dec.o(.text)
    __printf                                 0x08000279   Thumb Code   270  __printf_wp.o(.text)
    __aeabi_memclr4                          0x08000387   Thumb Code     0  rt_memclr_w.o(.text)
    __aeabi_memclr8                          0x08000387   Thumb Code     0  rt_memclr_w.o(.text)
    __rt_memclr_w                            0x08000387   Thumb Code    78  rt_memclr_w.o(.text)
    _memset_w                                0x0800038b   Thumb Code     0  rt_memclr_w.o(.text)
    __use_two_region_memory                  0x080003d5   Thumb Code     2  heapauxi.o(.text)
    __rt_heap_escrow$2region                 0x080003d7   Thumb Code     2  heapauxi.o(.text)
    __rt_heap_expand$2region                 0x080003d9   Thumb Code     2  heapauxi.o(.text)
    _printf_int_common                       0x080003db   Thumb Code   178  _printf_intcommon.o(.text)
    __lib_sel_fp_printf                      0x0800048d   Thumb Code     2  _printf_fp_dec.o(.text)
    _printf_fp_dec_real                      0x0800063b   Thumb Code   620  _printf_fp_dec.o(.text)
    _printf_char_file                        0x080008a9   Thumb Code    32  _printf_char_file.o(.text)
    __rt_locale                              0x080008cd   Thumb Code     8  rt_locale_intlibspace.o(.text)
    _ll_udiv10                               0x080008d5   Thumb Code   138  lludiv10.o(.text)
    _printf_char_common                      0x0800096b   Thumb Code    32  _printf_char_common.o(.text)
    _printf_fp_infnan                        0x08000991   Thumb Code   112  _printf_fp_infnan.o(.text)
    _btod_etento                             0x08000a11   Thumb Code   216  bigflt0.o(.text)
    ferror                                   0x08000aed   Thumb Code     8  ferror.o(.text)
    __user_libspace                          0x08000af5   Thumb Code     8  libspace.o(.text)
    __user_perproc_libspace                  0x08000af5   Thumb Code     0  libspace.o(.text)
    __user_perthread_libspace                0x08000af5   Thumb Code     0  libspace.o(.text)
    __user_setup_stackheap                   0x08000afd   Thumb Code    74  sys_stackheap_outer.o(.text)
    exit                                     0x08000b47   Thumb Code    12  exit.o(.text)
    strcmp                                   0x08000b55   Thumb Code   128  strcmpv7m.o(.text)
    _sys_exit                                0x08000bd5   Thumb Code     8  sys_exit.o(.text)
    __I$use$semihosting                      0x08000be1   Thumb Code     0  use_no_semi.o(.text)
    __use_no_semihosting_swi                 0x08000be1   Thumb Code     2  use_no_semi.o(.text)
    __semihosting_library_function           0x08000be3   Thumb Code     0  indicate_semi.o(.text)
    _btod_d2e                                0x08000be3   Thumb Code    62  btod.o(CL$$btod_d2e)
    _d2e_denorm_low                          0x08000c21   Thumb Code    70  btod.o(CL$$btod_d2e_denorm_low)
    _d2e_norm_op1                            0x08000c67   Thumb Code    96  btod.o(CL$$btod_d2e_norm_op1)
    __btod_div_common                        0x08000cc7   Thumb Code   696  btod.o(CL$$btod_div_common)
    _e2e                                     0x08000fff   Thumb Code   198  btod.o(CL$$btod_e2e)
    _btod_ediv                               0x080010c5   Thumb Code    40  btod.o(CL$$btod_ediv)
    _btod_emul                               0x080010ed   Thumb Code    40  btod.o(CL$$btod_emul)
    __btod_mult_common                       0x08001115   Thumb Code   580  btod.o(CL$$btod_mult_common)
    AM_MD                                    0x08001359   Thumb Code   384  stm32f1xx_it.o(i.AM_MD)
    BusFault_Handler                         0x0800159d   Thumb Code     2  stm32f1xx_it.o(i.BusFault_Handler)
    DebugMon_Handler                         0x0800159f   Thumb Code     2  stm32f1xx_it.o(i.DebugMon_Handler)
    Error_Handler                            0x080015a1   Thumb Code     4  main.o(i.Error_Handler)
    FM_MD                                    0x080015a5   Thumb Code   228  stm32f1xx_it.o(i.FM_MD)
    HAL_DMA_Abort                            0x08001709   Thumb Code    70  stm32f1xx_hal_dma.o(i.HAL_DMA_Abort)
    HAL_DMA_Abort_IT                         0x08001751   Thumb Code   148  stm32f1xx_hal_dma.o(i.HAL_DMA_Abort_IT)
    HAL_GPIO_Init                            0x080017e9   Thumb Code   446  stm32f1xx_hal_gpio.o(i.HAL_GPIO_Init)
    HAL_GetTick                              0x080019c9   Thumb Code     6  stm32f1xx_hal.o(i.HAL_GetTick)
    HAL_IncTick                              0x080019d5   Thumb Code    12  stm32f1xx_hal.o(i.HAL_IncTick)
    HAL_Init                                 0x080019e5   Thumb Code    32  stm32f1xx_hal.o(i.HAL_Init)
    HAL_InitTick                             0x08001a09   Thumb Code    54  stm32f1xx_hal.o(i.HAL_InitTick)
    HAL_MspInit                              0x08001a49   Thumb Code    52  stm32f1xx_hal_msp.o(i.HAL_MspInit)
    HAL_NVIC_EnableIRQ                       0x08001a85   Thumb Code    26  stm32f1xx_hal_cortex.o(i.HAL_NVIC_EnableIRQ)
    HAL_NVIC_SetPriority                     0x08001aa1   Thumb Code    60  stm32f1xx_hal_cortex.o(i.HAL_NVIC_SetPriority)
    HAL_NVIC_SetPriorityGrouping             0x08001ae1   Thumb Code    26  stm32f1xx_hal_cortex.o(i.HAL_NVIC_SetPriorityGrouping)
    HAL_RCC_ClockConfig                      0x08001b05   Thumb Code   280  stm32f1xx_hal_rcc.o(i.HAL_RCC_ClockConfig)
    HAL_RCC_GetPCLK1Freq                     0x08001c31   Thumb Code    20  stm32f1xx_hal_rcc.o(i.HAL_RCC_GetPCLK1Freq)
    HAL_RCC_GetPCLK2Freq                     0x08001c51   Thumb Code    20  stm32f1xx_hal_rcc.o(i.HAL_RCC_GetPCLK2Freq)
    HAL_RCC_GetSysClockFreq                  0x08001c71   Thumb Code    58  stm32f1xx_hal_rcc.o(i.HAL_RCC_GetSysClockFreq)
    HAL_RCC_OscConfig                        0x08001cbd   Thumb Code   778  stm32f1xx_hal_rcc.o(i.HAL_RCC_OscConfig)
    HAL_SYSTICK_CLKSourceConfig              0x08001fdd   Thumb Code    24  stm32f1xx_hal_cortex.o(i.HAL_SYSTICK_CLKSourceConfig)
    HAL_SYSTICK_Config                       0x08001ff5   Thumb Code    40  stm32f1xx_hal_cortex.o(i.HAL_SYSTICK_Config)
    HAL_UARTEx_RxEventCallback               0x0800201d   Thumb Code     2  stm32f1xx_hal_uart.o(i.HAL_UARTEx_RxEventCallback)
    HAL_UART_ErrorCallback                   0x0800201f   Thumb Code     2  stm32f1xx_hal_uart.o(i.HAL_UART_ErrorCallback)
    HAL_UART_IRQHandler                      0x08002021   Thumb Code   616  stm32f1xx_hal_uart.o(i.HAL_UART_IRQHandler)
    HAL_UART_Init                            0x0800228d   Thumb Code   100  stm32f1xx_hal_uart.o(i.HAL_UART_Init)
    HAL_UART_MspInit                         0x080022f1   Thumb Code   198  usart.o(i.HAL_UART_MspInit)
    HAL_UART_RxCpltCallback                  0x080023c9   Thumb Code     2  stm32f1xx_hal_uart.o(i.HAL_UART_RxCpltCallback)
    HAL_UART_TxCpltCallback                  0x080023cb   Thumb Code     2  stm32f1xx_hal_uart.o(i.HAL_UART_TxCpltCallback)
    HardFault_Handler                        0x080023cd   Thumb Code     2  stm32f1xx_it.o(i.HardFault_Handler)
    MX_GPIO_Init                             0x080023d1   Thumb Code    54  gpio.o(i.MX_GPIO_Init)
    MX_USART1_UART_Init                      0x0800240d   Thumb Code    48  usart.o(i.MX_USART1_UART_Init)
    MX_USART2_UART_Init                      0x08002445   Thumb Code    48  usart.o(i.MX_USART2_UART_Init)
    MemManage_Handler                        0x0800247d   Thumb Code     2  stm32f1xx_it.o(i.MemManage_Handler)
    My_USART1_IRQHandler                     0x08002481   Thumb Code    40  usart1.o(i.My_USART1_IRQHandler)
    My_USART2_IRQHandler                     0x080024b5   Thumb Code    40  usart2.o(i.My_USART2_IRQHandler)
    NMI_Handler                              0x080024e9   Thumb Code     2  stm32f1xx_it.o(i.NMI_Handler)
    PendSV_Handler                           0x080024eb   Thumb Code     2  stm32f1xx_it.o(i.PendSV_Handler)
    SVC_Handler                              0x080024ed   Thumb Code     2  stm32f1xx_it.o(i.SVC_Handler)
    SysTick_Handler                          0x080024ef   Thumb Code     4  stm32f1xx_it.o(i.SysTick_Handler)
    SystemClock_Config                       0x080024f3   Thumb Code    94  main.o(i.SystemClock_Config)
    SystemInit                               0x08002551   Thumb Code     2  system_stm32f1xx.o(i.SystemInit)
    USART1_CanReadLine                       0x0800272d   Thumb Code    40  usart1.o(i.USART1_CanReadLine)
    USART1_IRQHandler                        0x0800275d   Thumb Code    24  stm32f1xx_it.o(i.USART1_IRQHandler)
    USART1_Init                              0x08002781   Thumb Code    16  usart1.o(i.USART1_Init)
    USART1_ReadLine                          0x08002795   Thumb Code    62  usart1.o(i.USART1_ReadLine)
    USART2_CanReadLine                       0x080027dd   Thumb Code    40  usart2.o(i.USART2_CanReadLine)
    USART2_IRQHandler                        0x0800280d   Thumb Code   290  stm32f1xx_it.o(i.USART2_IRQHandler)
    USART2_Init                              0x08002a39   Thumb Code    16  usart2.o(i.USART2_Init)
    USART2_ReadLine                          0x08002a4d   Thumb Code    62  usart2.o(i.USART2_ReadLine)
    UsageFault_Handler                       0x08002a95   Thumb Code     2  stm32f1xx_it.o(i.UsageFault_Handler)
    __ARM_fpclassify                         0x08002a97   Thumb Code    40  fpclassify.o(i.__ARM_fpclassify)
    __USART1_Shift                           0x08002ae1   Thumb Code    34  usart1.o(i.__USART1_Shift)
    __USART2_Shift                           0x08002b0d   Thumb Code    34  usart2.o(i.__USART2_Shift)
    _is_digit                                0x08002b39   Thumb Code    14  __printf_wp.o(i._is_digit)
    delay_init                               0x08002b49   Thumb Code    16  delay.o(i.delay_init)
    fputc                                    0x08002b5d   Thumb Code    20  usart1.o(i.fputc)
    main                                     0x08002b79   Thumb Code    40  main.o(i.main)
    _get_lc_numeric                          0x08002ba9   Thumb Code    44  lc_numeric_c.o(locale$$code)
    __aeabi_d2f                              0x08002bd5   Thumb Code     0  d2f.o(x$fpl$d2f)
    _d2f                                     0x08002bd5   Thumb Code    98  d2f.o(x$fpl$d2f)
    __aeabi_dadd                             0x08002c39   Thumb Code     0  daddsub_clz.o(x$fpl$dadd)
    _dadd                                    0x08002c39   Thumb Code   332  daddsub_clz.o(x$fpl$dadd)
    __fpl_dnaninf                            0x08002d89   Thumb Code   156  dnaninf.o(x$fpl$dnaninf)
    __fpl_dretinf                            0x08002e25   Thumb Code    12  dretinf.o(x$fpl$dretinf)
    __aeabi_dsub                             0x08002e31   Thumb Code     0  daddsub_clz.o(x$fpl$dsub)
    _dsub                                    0x08002e31   Thumb Code   464  daddsub_clz.o(x$fpl$dsub)
    __aeabi_f2d                              0x08003005   Thumb Code     0  f2d.o(x$fpl$f2d)
    _f2d                                     0x08003005   Thumb Code    86  f2d.o(x$fpl$f2d)
    __aeabi_fadd                             0x0800305d   Thumb Code     0  faddsub_clz.o(x$fpl$fadd)
    _fadd                                    0x0800305d   Thumb Code   196  faddsub_clz.o(x$fpl$fadd)
    __fpl_fcheck_NaN1                        0x08003121   Thumb Code     6  fcheck1.o(x$fpl$fcheck1)
    __aeabi_fdiv                             0x0800312d   Thumb Code     0  fdiv.o(x$fpl$fdiv)
    _fdiv                                    0x0800312d   Thumb Code   384  fdiv.o(x$fpl$fdiv)
    __aeabi_ui2f                             0x080032b1   Thumb Code     0  fflt_clz.o(x$fpl$ffltu)
    _ffltu                                   0x080032b1   Thumb Code    38  fflt_clz.o(x$fpl$ffltu)
    __aeabi_fmul                             0x080032d9   Thumb Code     0  fmul.o(x$fpl$fmul)
    _fmul                                    0x080032d9   Thumb Code   258  fmul.o(x$fpl$fmul)
    __fpl_fnaninf                            0x080033db   Thumb Code   140  fnaninf.o(x$fpl$fnaninf)
    __fpl_fretinf                            0x08003467   Thumb Code    10  fretinf.o(x$fpl$fretinf)
    __aeabi_fsub                             0x08003471   Thumb Code     0  faddsub_clz.o(x$fpl$fsub)
    _fsub                                    0x08003471   Thumb Code   234  faddsub_clz.o(x$fpl$fsub)
    _printf_fp_dec                           0x0800355b   Thumb Code     4  printf1.o(x$fpl$printf1)
    __fpl_return_NaN                         0x0800355f   Thumb Code   100  retnan.o(x$fpl$retnan)
    __ARM_scalbnf                            0x080035c3   Thumb Code    76  scalbnf.o(x$fpl$scalbnf)
    __fpl_cmpreturn                          0x0800360f   Thumb Code    48  trapv.o(x$fpl$trapveneer)
    __I$use$fp                               0x0800363e   Number         0  usenofp.o(x$fpl$usenofp)
    AHBPrescTable                            0x08003650   Data          16  system_stm32f1xx.o(.constdata)
    APBPrescTable                            0x08003660   Data           8  system_stm32f1xx.o(.constdata)
    Region$$Table$$Base                      0x080036fc   Number         0  anon$$obj.o(Region$$Table)
    Region$$Table$$Limit                     0x0800371c   Number         0  anon$$obj.o(Region$$Table)
    uwTickFreq                               0x20000004   Data           1  stm32f1xx_hal.o(.data)
    uwTickPrio                               0x20000008   Data           4  stm32f1xx_hal.o(.data)
    uwTick                                   0x2000000c   Data           4  stm32f1xx_hal.o(.data)
    SystemCoreClock                          0x20000010   Data           4  system_stm32f1xx.o(.data)
    USART1_bufferOverflowFlag                0x20000018   Data           1  usart1.o(.data)
    USART1_bufferPos                         0x2000001c   Data           4  usart1.o(.data)
    USART1_dummyHandle                       0x20000020   Data           4  usart1.o(.data)
    __stdout                                 0x20000024   Data           4  usart1.o(.data)
    USART2_bufferOverflowFlag                0x20000028   Data           1  usart2.o(.data)
    USART2_bufferPos                         0x2000002c   Data           4  usart2.o(.data)
    USART2_dummyHandle                       0x20000030   Data           4  usart2.o(.data)
    huart1                                   0x20000034   Data          72  usart.o(.bss)
    huart2                                   0x2000007c   Data          72  usart.o(.bss)
    Rx_data1                                 0x200000c4   Data         100  stm32f1xx_it.o(.bss)
    Rx_data2                                 0x20000128   Data         100  stm32f1xx_it.o(.bss)
    USART1_buffer                            0x2000018c   Data         100  usart1.o(.bss)
    USART2_buffer                            0x200001f0   Data         100  usart2.o(.bss)
    __libspace_start                         0x20000254   Data          96  libspace.o(.bss)
    __temporary_stack_top$libspace           0x200002b4   Data           0  libspace.o(.bss)



==============================================================================

Memory Map of the image

  Image Entry point : 0x080000ed

  Load Region LR_IROM1 (Base: 0x08000000, Size: 0x0000376c, Max: 0x00010000, ABSOLUTE)

    Execution Region ER_IROM1 (Exec base: 0x08000000, Load base: 0x08000000, Size: 0x00003738, Max: 0x00010000, ABSOLUTE)

    Exec Addr    Load Addr    Size         Type   Attr      Idx    E Section Name        Object

    0x08000000   0x08000000   0x000000ec   Data   RO            3    RESET               startup_stm32f103xb.o
    0x080000ec   0x080000ec   0x00000008   Code   RO         2187  * !!!main             c_w.l(__main.o)
    0x080000f4   0x080000f4   0x00000034   Code   RO         2448    !!!scatter          c_w.l(__scatter.o)
    0x08000128   0x08000128   0x0000001a   Code   RO         2450    !!handler_copy      c_w.l(__scatter_copy.o)
    0x08000142   0x08000142   0x00000002   PAD
    0x08000144   0x08000144   0x0000001c   Code   RO         2452    !!handler_zi        c_w.l(__scatter_zi.o)
    0x08000160   0x08000160   0x00000000   Code   RO         2182    .ARM.Collect$$_printf_percent$$00000000  c_w.l(_printf_percent.o)
    0x08000160   0x08000160   0x00000006   Code   RO         2181    .ARM.Collect$$_printf_percent$$00000003  c_w.l(_printf_f.o)
    0x08000166   0x08000166   0x00000006   Code   RO         2180    .ARM.Collect$$_printf_percent$$00000009  c_w.l(_printf_d.o)
    0x0800016c   0x0800016c   0x00000004   Code   RO         2228    .ARM.Collect$$_printf_percent$$00000017  c_w.l(_printf_percent_end.o)
    0x08000170   0x08000170   0x00000002   Code   RO         2320    .ARM.Collect$$libinit$$00000000  c_w.l(libinit.o)
    0x08000172   0x08000172   0x00000000   Code   RO         2322    .ARM.Collect$$libinit$$00000002  c_w.l(libinit2.o)
    0x08000172   0x08000172   0x00000000   Code   RO         2324    .ARM.Collect$$libinit$$00000004  c_w.l(libinit2.o)
    0x08000172   0x08000172   0x00000000   Code   RO         2327    .ARM.Collect$$libinit$$0000000A  c_w.l(libinit2.o)
    0x08000172   0x08000172   0x00000000   Code   RO         2329    .ARM.Collect$$libinit$$0000000C  c_w.l(libinit2.o)
    0x08000172   0x08000172   0x00000000   Code   RO         2331    .ARM.Collect$$libinit$$0000000E  c_w.l(libinit2.o)
    0x08000172   0x08000172   0x00000006   Code   RO         2332    .ARM.Collect$$libinit$$0000000F  c_w.l(libinit2.o)
    0x08000178   0x08000178   0x00000000   Code   RO         2334    .ARM.Collect$$libinit$$00000011  c_w.l(libinit2.o)
    0x08000178   0x08000178   0x00000000   Code   RO         2336    .ARM.Collect$$libinit$$00000013  c_w.l(libinit2.o)
    0x08000178   0x08000178   0x00000000   Code   RO         2338    .ARM.Collect$$libinit$$00000015  c_w.l(libinit2.o)
    0x08000178   0x08000178   0x0000000a   Code   RO         2339    .ARM.Collect$$libinit$$00000016  c_w.l(libinit2.o)
    0x08000182   0x08000182   0x00000000   Code   RO         2340    .ARM.Collect$$libinit$$00000017  c_w.l(libinit2.o)
    0x08000182   0x08000182   0x00000000   Code   RO         2342    .ARM.Collect$$libinit$$00000019  c_w.l(libinit2.o)
    0x08000182   0x08000182   0x00000000   Code   RO         2344    .ARM.Collect$$libinit$$0000001B  c_w.l(libinit2.o)
    0x08000182   0x08000182   0x00000000   Code   RO         2346    .ARM.Collect$$libinit$$0000001D  c_w.l(libinit2.o)
    0x08000182   0x08000182   0x00000000   Code   RO         2348    .ARM.Collect$$libinit$$0000001F  c_w.l(libinit2.o)
    0x08000182   0x08000182   0x00000000   Code   RO         2350    .ARM.Collect$$libinit$$00000021  c_w.l(libinit2.o)
    0x08000182   0x08000182   0x00000000   Code   RO         2352    .ARM.Collect$$libinit$$00000023  c_w.l(libinit2.o)
    0x08000182   0x08000182   0x00000000   Code   RO         2354    .ARM.Collect$$libinit$$00000025  c_w.l(libinit2.o)
    0x08000182   0x08000182   0x00000000   Code   RO         2358    .ARM.Collect$$libinit$$0000002C  c_w.l(libinit2.o)
    0x08000182   0x08000182   0x00000000   Code   RO         2360    .ARM.Collect$$libinit$$0000002E  c_w.l(libinit2.o)
    0x08000182   0x08000182   0x00000000   Code   RO         2362    .ARM.Collect$$libinit$$00000030  c_w.l(libinit2.o)
    0x08000182   0x08000182   0x00000000   Code   RO         2364    .ARM.Collect$$libinit$$00000032  c_w.l(libinit2.o)
    0x08000182   0x08000182   0x00000002   Code   RO         2365    .ARM.Collect$$libinit$$00000033  c_w.l(libinit2.o)
    0x08000184   0x08000184   0x00000002   Code   RO         2397    .ARM.Collect$$libshutdown$$00000000  c_w.l(libshutdown.o)
    0x08000186   0x08000186   0x00000000   Code   RO         2409    .ARM.Collect$$libshutdown$$00000003  c_w.l(libshutdown2.o)
    0x08000186   0x08000186   0x00000000   Code   RO         2412    .ARM.Collect$$libshutdown$$00000006  c_w.l(libshutdown2.o)
    0x08000186   0x08000186   0x00000000   Code   RO         2415    .ARM.Collect$$libshutdown$$00000009  c_w.l(libshutdown2.o)
    0x08000186   0x08000186   0x00000000   Code   RO         2417    .ARM.Collect$$libshutdown$$0000000B  c_w.l(libshutdown2.o)
    0x08000186   0x08000186   0x00000000   Code   RO         2420    .ARM.Collect$$libshutdown$$0000000E  c_w.l(libshutdown2.o)
    0x08000186   0x08000186   0x00000002   Code   RO         2421    .ARM.Collect$$libshutdown$$0000000F  c_w.l(libshutdown2.o)
    0x08000188   0x08000188   0x00000000   Code   RO         2221    .ARM.Collect$$rtentry$$00000000  c_w.l(__rtentry.o)
    0x08000188   0x08000188   0x00000000   Code   RO         2241    .ARM.Collect$$rtentry$$00000002  c_w.l(__rtentry2.o)
    0x08000188   0x08000188   0x00000006   Code   RO         2253    .ARM.Collect$$rtentry$$00000004  c_w.l(__rtentry4.o)
    0x0800018e   0x0800018e   0x00000000   Code   RO         2243    .ARM.Collect$$rtentry$$00000009  c_w.l(__rtentry2.o)
    0x0800018e   0x0800018e   0x00000004   Code   RO         2244    .ARM.Collect$$rtentry$$0000000A  c_w.l(__rtentry2.o)
    0x08000192   0x08000192   0x00000000   Code   RO         2246    .ARM.Collect$$rtentry$$0000000C  c_w.l(__rtentry2.o)
    0x08000192   0x08000192   0x00000008   Code   RO         2247    .ARM.Collect$$rtentry$$0000000D  c_w.l(__rtentry2.o)
    0x0800019a   0x0800019a   0x00000002   Code   RO         2368    .ARM.Collect$$rtexit$$00000000  c_w.l(rtexit.o)
    0x0800019c   0x0800019c   0x00000000   Code   RO         2375    .ARM.Collect$$rtexit$$00000002  c_w.l(rtexit2.o)
    0x0800019c   0x0800019c   0x00000004   Code   RO         2376    .ARM.Collect$$rtexit$$00000003  c_w.l(rtexit2.o)
    0x080001a0   0x080001a0   0x00000006   Code   RO         2377    .ARM.Collect$$rtexit$$00000004  c_w.l(rtexit2.o)
    0x080001a6   0x080001a6   0x00000002   PAD
    0x080001a8   0x080001a8   0x00000040   Code   RO            4    .text               startup_stm32f103xb.o
    0x080001e8   0x080001e8   0x00000018   Code   RO         2154    .text               c_w.l(noretval__2printf.o)
    0x08000200   0x08000200   0x00000078   Code   RO         2158    .text               c_w.l(_printf_dec.o)
    0x08000278   0x08000278   0x0000010e   Code   RO         2168    .text               c_w.l(__printf_wp.o)
    0x08000386   0x08000386   0x0000004e   Code   RO         2183    .text               c_w.l(rt_memclr_w.o)
    0x080003d4   0x080003d4   0x00000006   Code   RO         2185    .text               c_w.l(heapauxi.o)
    0x080003da   0x080003da   0x000000b2   Code   RO         2222    .text               c_w.l(_printf_intcommon.o)
    0x0800048c   0x0800048c   0x0000041a   Code   RO         2224    .text               c_w.l(_printf_fp_dec.o)
    0x080008a6   0x080008a6   0x00000002   PAD
    0x080008a8   0x080008a8   0x00000024   Code   RO         2226    .text               c_w.l(_printf_char_file.o)
    0x080008cc   0x080008cc   0x00000008   Code   RO         2258    .text               c_w.l(rt_locale_intlibspace.o)
    0x080008d4   0x080008d4   0x0000008a   Code   RO         2260    .text               c_w.l(lludiv10.o)
    0x0800095e   0x0800095e   0x00000002   PAD
    0x08000960   0x08000960   0x00000030   Code   RO         2262    .text               c_w.l(_printf_char_common.o)
    0x08000990   0x08000990   0x00000080   Code   RO         2264    .text               c_w.l(_printf_fp_infnan.o)
    0x08000a10   0x08000a10   0x000000dc   Code   RO         2266    .text               c_w.l(bigflt0.o)
    0x08000aec   0x08000aec   0x00000008   Code   RO         2291    .text               c_w.l(ferror.o)
    0x08000af4   0x08000af4   0x00000008   Code   RO         2304    .text               c_w.l(libspace.o)
    0x08000afc   0x08000afc   0x0000004a   Code   RO         2307    .text               c_w.l(sys_stackheap_outer.o)
    0x08000b46   0x08000b46   0x0000000c   Code   RO         2311    .text               c_w.l(exit.o)
    0x08000b52   0x08000b52   0x00000002   PAD
    0x08000b54   0x08000b54   0x00000080   Code   RO         2313    .text               c_w.l(strcmpv7m.o)
    0x08000bd4   0x08000bd4   0x0000000c   Code   RO         2387    .text               c_w.l(sys_exit.o)
    0x08000be0   0x08000be0   0x00000002   Code   RO         2398    .text               c_w.l(use_no_semi.o)
    0x08000be2   0x08000be2   0x00000000   Code   RO         2400    .text               c_w.l(indicate_semi.o)
    0x08000be2   0x08000be2   0x0000003e   Code   RO         2269    CL$$btod_d2e        c_w.l(btod.o)
    0x08000c20   0x08000c20   0x00000046   Code   RO         2271    CL$$btod_d2e_denorm_low  c_w.l(btod.o)
    0x08000c66   0x08000c66   0x00000060   Code   RO         2270    CL$$btod_d2e_norm_op1  c_w.l(btod.o)
    0x08000cc6   0x08000cc6   0x00000338   Code   RO         2279    CL$$btod_div_common  c_w.l(btod.o)
    0x08000ffe   0x08000ffe   0x000000c6   Code   RO         2276    CL$$btod_e2e        c_w.l(btod.o)
    0x080010c4   0x080010c4   0x00000028   Code   RO         2273    CL$$btod_ediv       c_w.l(btod.o)
    0x080010ec   0x080010ec   0x00000028   Code   RO         2272    CL$$btod_emul       c_w.l(btod.o)
    0x08001114   0x08001114   0x00000244   Code   RO         2278    CL$$btod_mult_common  c_w.l(btod.o)
    0x08001358   0x08001358   0x00000244   Code   RO          223    i.AM_MD             stm32f1xx_it.o
    0x0800159c   0x0800159c   0x00000002   Code   RO          224    i.BusFault_Handler  stm32f1xx_it.o
    0x0800159e   0x0800159e   0x00000002   Code   RO          225    i.DebugMon_Handler  stm32f1xx_it.o
    0x080015a0   0x080015a0   0x00000004   Code   RO           13    i.Error_Handler     main.o
    0x080015a4   0x080015a4   0x00000164   Code   RO          226    i.FM_MD             stm32f1xx_it.o
    0x08001708   0x08001708   0x00000046   Code   RO         1169    i.HAL_DMA_Abort     stm32f1xx_hal_dma.o
    0x0800174e   0x0800174e   0x00000002   PAD
    0x08001750   0x08001750   0x00000098   Code   RO         1170    i.HAL_DMA_Abort_IT  stm32f1xx_hal_dma.o
    0x080017e8   0x080017e8   0x000001e0   Code   RO         1105    i.HAL_GPIO_Init     stm32f1xx_hal_gpio.o
    0x080019c8   0x080019c8   0x0000000c   Code   RO          799    i.HAL_GetTick       stm32f1xx_hal.o
    0x080019d4   0x080019d4   0x00000010   Code   RO          805    i.HAL_IncTick       stm32f1xx_hal.o
    0x080019e4   0x080019e4   0x00000024   Code   RO          806    i.HAL_Init          stm32f1xx_hal.o
    0x08001a08   0x08001a08   0x00000040   Code   RO          807    i.HAL_InitTick      stm32f1xx_hal.o
    0x08001a48   0x08001a48   0x0000003c   Code   RO          329    i.HAL_MspInit       stm32f1xx_hal_msp.o
    0x08001a84   0x08001a84   0x0000001a   Code   RO         1265    i.HAL_NVIC_EnableIRQ  stm32f1xx_hal_cortex.o
    0x08001a9e   0x08001a9e   0x00000002   PAD
    0x08001aa0   0x08001aa0   0x00000040   Code   RO         1271    i.HAL_NVIC_SetPriority  stm32f1xx_hal_cortex.o
    0x08001ae0   0x08001ae0   0x00000024   Code   RO         1272    i.HAL_NVIC_SetPriorityGrouping  stm32f1xx_hal_cortex.o
    0x08001b04   0x08001b04   0x0000012c   Code   RO          963    i.HAL_RCC_ClockConfig  stm32f1xx_hal_rcc.o
    0x08001c30   0x08001c30   0x00000020   Code   RO          970    i.HAL_RCC_GetPCLK1Freq  stm32f1xx_hal_rcc.o
    0x08001c50   0x08001c50   0x00000020   Code   RO          971    i.HAL_RCC_GetPCLK2Freq  stm32f1xx_hal_rcc.o
    0x08001c70   0x08001c70   0x0000004c   Code   RO          972    i.HAL_RCC_GetSysClockFreq  stm32f1xx_hal_rcc.o
    0x08001cbc   0x08001cbc   0x00000320   Code   RO          975    i.HAL_RCC_OscConfig  stm32f1xx_hal_rcc.o
    0x08001fdc   0x08001fdc   0x00000018   Code   RO         1274    i.HAL_SYSTICK_CLKSourceConfig  stm32f1xx_hal_cortex.o
    0x08001ff4   0x08001ff4   0x00000028   Code   RO         1276    i.HAL_SYSTICK_Config  stm32f1xx_hal_cortex.o
    0x0800201c   0x0800201c   0x00000002   Code   RO          437    i.HAL_UARTEx_RxEventCallback  stm32f1xx_hal_uart.o
    0x0800201e   0x0800201e   0x00000002   Code   RO          451    i.HAL_UART_ErrorCallback  stm32f1xx_hal_uart.o
    0x08002020   0x08002020   0x0000026c   Code   RO          454    i.HAL_UART_IRQHandler  stm32f1xx_hal_uart.o
    0x0800228c   0x0800228c   0x00000064   Code   RO          455    i.HAL_UART_Init     stm32f1xx_hal_uart.o
    0x080022f0   0x080022f0   0x000000d8   Code   RO          176    i.HAL_UART_MspInit  usart.o
    0x080023c8   0x080023c8   0x00000002   Code   RO          461    i.HAL_UART_RxCpltCallback  stm32f1xx_hal_uart.o
    0x080023ca   0x080023ca   0x00000002   Code   RO          466    i.HAL_UART_TxCpltCallback  stm32f1xx_hal_uart.o
    0x080023cc   0x080023cc   0x00000002   Code   RO          227    i.HardFault_Handler  stm32f1xx_it.o
    0x080023ce   0x080023ce   0x00000002   PAD
    0x080023d0   0x080023d0   0x0000003c   Code   RO          151    i.MX_GPIO_Init      gpio.o
    0x0800240c   0x0800240c   0x00000038   Code   RO          177    i.MX_USART1_UART_Init  usart.o
    0x08002444   0x08002444   0x00000038   Code   RO          178    i.MX_USART2_UART_Init  usart.o
    0x0800247c   0x0800247c   0x00000002   Code   RO          228    i.MemManage_Handler  stm32f1xx_it.o
    0x0800247e   0x0800247e   0x00000002   PAD
    0x08002480   0x08002480   0x00000034   Code   RO         1856    i.My_USART1_IRQHandler  usart1.o
    0x080024b4   0x080024b4   0x00000034   Code   RO         2009    i.My_USART2_IRQHandler  usart2.o
    0x080024e8   0x080024e8   0x00000002   Code   RO          229    i.NMI_Handler       stm32f1xx_it.o
    0x080024ea   0x080024ea   0x00000002   Code   RO          230    i.PendSV_Handler    stm32f1xx_it.o
    0x080024ec   0x080024ec   0x00000002   Code   RO          231    i.SVC_Handler       stm32f1xx_it.o
    0x080024ee   0x080024ee   0x00000004   Code   RO          232    i.SysTick_Handler   stm32f1xx_it.o
    0x080024f2   0x080024f2   0x0000005e   Code   RO           14    i.SystemClock_Config  main.o
    0x08002550   0x08002550   0x00000002   Code   RO         1766    i.SystemInit        system_stm32f1xx.o
    0x08002552   0x08002552   0x00000010   Code   RO          468    i.UART_DMAAbortOnError  stm32f1xx_hal_uart.o
    0x08002562   0x08002562   0x0000004e   Code   RO          478    i.UART_EndRxTransfer  stm32f1xx_hal_uart.o
    0x080025b0   0x080025b0   0x000000c2   Code   RO          480    i.UART_Receive_IT   stm32f1xx_hal_uart.o
    0x08002672   0x08002672   0x00000002   PAD
    0x08002674   0x08002674   0x000000b8   Code   RO          481    i.UART_SetConfig    stm32f1xx_hal_uart.o
    0x0800272c   0x0800272c   0x00000030   Code   RO         1857    i.USART1_CanReadLine  usart1.o
    0x0800275c   0x0800275c   0x00000024   Code   RO          233    i.USART1_IRQHandler  stm32f1xx_it.o
    0x08002780   0x08002780   0x00000014   Code   RO         1861    i.USART1_Init       usart1.o
    0x08002794   0x08002794   0x00000048   Code   RO         1866    i.USART1_ReadLine   usart1.o
    0x080027dc   0x080027dc   0x00000030   Code   RO         2010    i.USART2_CanReadLine  usart2.o
    0x0800280c   0x0800280c   0x0000022c   Code   RO          234    i.USART2_IRQHandler  stm32f1xx_it.o
    0x08002a38   0x08002a38   0x00000014   Code   RO         2014    i.USART2_Init       usart2.o
    0x08002a4c   0x08002a4c   0x00000048   Code   RO         2019    i.USART2_ReadLine   usart2.o
    0x08002a94   0x08002a94   0x00000002   Code   RO          235    i.UsageFault_Handler  stm32f1xx_it.o
    0x08002a96   0x08002a96   0x00000028   Code   RO         2302    i.__ARM_fpclassify  m_ws.l(fpclassify.o)
    0x08002abe   0x08002abe   0x00000020   Code   RO         1278    i.__NVIC_SetPriority  stm32f1xx_hal_cortex.o
    0x08002ade   0x08002ade   0x00000002   PAD
    0x08002ae0   0x08002ae0   0x0000002c   Code   RO         1875    i.__USART1_Shift    usart1.o
    0x08002b0c   0x08002b0c   0x0000002c   Code   RO         2028    i.__USART2_Shift    usart2.o
    0x08002b38   0x08002b38   0x0000000e   Code   RO         2170    i._is_digit         c_w.l(__printf_wp.o)
    0x08002b46   0x08002b46   0x00000002   PAD
    0x08002b48   0x08002b48   0x00000014   Code   RO         1804    i.delay_init        delay.o
    0x08002b5c   0x08002b5c   0x0000001c   Code   RO         1876    i.fputc             usart1.o
    0x08002b78   0x08002b78   0x00000030   Code   RO           15    i.main              main.o
    0x08002ba8   0x08002ba8   0x0000002c   Code   RO         2296    locale$$code        c_w.l(lc_numeric_c.o)
    0x08002bd4   0x08002bd4   0x00000062   Code   RO         2189    x$fpl$d2f           fz_ws.l(d2f.o)
    0x08002c36   0x08002c36   0x00000002   PAD
    0x08002c38   0x08002c38   0x00000150   Code   RO         2191    x$fpl$dadd          fz_ws.l(daddsub_clz.o)
    0x08002d88   0x08002d88   0x0000009c   Code   RO         2229    x$fpl$dnaninf       fz_ws.l(dnaninf.o)
    0x08002e24   0x08002e24   0x0000000c   Code   RO         2231    x$fpl$dretinf       fz_ws.l(dretinf.o)
    0x08002e30   0x08002e30   0x000001d4   Code   RO         2193    x$fpl$dsub          fz_ws.l(daddsub_clz.o)
    0x08003004   0x08003004   0x00000056   Code   RO         2197    x$fpl$f2d           fz_ws.l(f2d.o)
    0x0800305a   0x0800305a   0x00000002   PAD
    0x0800305c   0x0800305c   0x000000c4   Code   RO         2199    x$fpl$fadd          fz_ws.l(faddsub_clz.o)
    0x08003120   0x08003120   0x0000000c   Code   RO         2233    x$fpl$fcheck1       fz_ws.l(fcheck1.o)
    0x0800312c   0x0800312c   0x00000184   Code   RO         2206    x$fpl$fdiv          fz_ws.l(fdiv.o)
    0x080032b0   0x080032b0   0x00000026   Code   RO         2209    x$fpl$ffltu         fz_ws.l(fflt_clz.o)
    0x080032d6   0x080032d6   0x00000002   PAD
    0x080032d8   0x080032d8   0x00000102   Code   RO         2215    x$fpl$fmul          fz_ws.l(fmul.o)
    0x080033da   0x080033da   0x0000008c   Code   RO         2235    x$fpl$fnaninf       fz_ws.l(fnaninf.o)
    0x08003466   0x08003466   0x0000000a   Code   RO         2237    x$fpl$fretinf       fz_ws.l(fretinf.o)
    0x08003470   0x08003470   0x000000ea   Code   RO         2201    x$fpl$fsub          fz_ws.l(faddsub_clz.o)
    0x0800355a   0x0800355a   0x00000004   Code   RO         2217    x$fpl$printf1       fz_ws.l(printf1.o)
    0x0800355e   0x0800355e   0x00000064   Code   RO         2300    x$fpl$retnan        fz_ws.l(retnan.o)
    0x080035c2   0x080035c2   0x0000004c   Code   RO         2219    x$fpl$scalbnf       fz_ws.l(scalbnf.o)
    0x0800360e   0x0800360e   0x00000030   Code   RO         2366    x$fpl$trapveneer    fz_ws.l(trapv.o)
    0x0800363e   0x0800363e   0x00000000   Code   RO         2239    x$fpl$usenofp       fz_ws.l(usenofp.o)
    0x0800363e   0x0800363e   0x00000012   Data   RO          976    .constdata          stm32f1xx_hal_rcc.o
    0x08003650   0x08003650   0x00000010   Data   RO         1767    .constdata          system_stm32f1xx.o
    0x08003660   0x08003660   0x00000008   Data   RO         1768    .constdata          system_stm32f1xx.o
    0x08003668   0x08003668   0x00000094   Data   RO         2267    .constdata          c_w.l(bigflt0.o)
    0x080036fc   0x080036fc   0x00000020   Data   RO         2446    Region$$Table       anon$$obj.o
    0x0800371c   0x0800371c   0x0000001c   Data   RO         2295    locale$$data        c_w.l(lc_numeric_c.o)


    Execution Region RW_IRAM1 (Exec base: 0x20000000, Load base: 0x08003738, Size: 0x000008b8, Max: 0x00005000, ABSOLUTE)

    Exec Addr    Load Addr    Size         Type   Attr      Idx    E Section Name        Object

    0x20000000   0x08003738   0x00000002   Data   RW          237    .data               stm32f1xx_it.o
    0x20000002   0x0800373a   0x00000002   PAD
    0x20000004   0x0800373c   0x0000000c   Data   RW          813    .data               stm32f1xx_hal.o
    0x20000010   0x08003748   0x00000004   Data   RW         1769    .data               system_stm32f1xx.o
    0x20000014   0x0800374c   0x00000002   Data   RW         1808    .data               delay.o
    0x20000016   0x0800374e   0x00000002   PAD
    0x20000018   0x08003750   0x0000000c   Data   RW         1878    .data               usart1.o
    0x20000024   0x0800375c   0x00000004   Data   RW         1879    .data               usart1.o
    0x20000028   0x08003760   0x0000000c   Data   RW         2030    .data               usart2.o
    0x20000034        -       0x00000090   Zero   RW          179    .bss                usart.o
    0x200000c4        -       0x000000c8   Zero   RW          236    .bss                stm32f1xx_it.o
    0x2000018c        -       0x00000064   Zero   RW         1877    .bss                usart1.o
    0x200001f0        -       0x00000064   Zero   RW         2029    .bss                usart2.o
    0x20000254        -       0x00000060   Zero   RW         2305    .bss                c_w.l(libspace.o)
    0x200002b4   0x0800376c   0x00000004   PAD
    0x200002b8        -       0x00000200   Zero   RW            2    HEAP                startup_stm32f103xb.o
    0x200004b8        -       0x00000400   Zero   RW            1    STACK               startup_stm32f103xb.o


==============================================================================

Image component sizes


      Code (inc. data)   RO Data    RW Data    ZI Data      Debug   Object Name

        20          4          0          2          0        653   delay.o
        60          6          0          0          0        807   gpio.o
       146          8          0          0          0     395212   main.o
        64         26        236          0       1536        804   startup_stm32f103xb.o
       128         24          0         12          0       5229   stm32f1xx_hal.o
       222         14          0          0          0      29125   stm32f1xx_hal_cortex.o
       222          4          0          0          0       1663   stm32f1xx_hal_dma.o
       480         34          0          0          0       1988   stm32f1xx_hal_gpio.o
        60          8          0          0          0        858   stm32f1xx_hal_msp.o
      1240         84         18          0          0       4832   stm32f1xx_hal_rcc.o
      1200         10          0          0          0       7396   stm32f1xx_hal_uart.o
      1548        642          0          2        200       7250   stm32f1xx_it.o
         2          0         24          4          0       1103   system_stm32f1xx.o
       328         34          0          0        144       2319   usart.o
       264         52          0         16        100       5318   usart1.o
       236         44          0         12        100       3582   usart2.o

    ----------------------------------------------------------------------
      6232        994        310         52       2080     468139   Object Totals
         0          0         32          0          0          0   (incl. Generated)
        12          0          0          4          0          0   (incl. Padding)

    ----------------------------------------------------------------------

      Code (inc. data)   RO Data    RW Data    ZI Data      Debug   Library Member Name

         8          0          0          0          0         68   __main.o
       284          0          0          0          0        156   __printf_wp.o
         0          0          0          0          0          0   __rtentry.o
        12          0          0          0          0          0   __rtentry2.o
         6          0          0          0          0          0   __rtentry4.o
        52          8          0          0          0          0   __scatter.o
        26          0          0          0          0          0   __scatter_copy.o
        28          0          0          0          0          0   __scatter_zi.o
        48          6          0          0          0         96   _printf_char_common.o
        36          4          0          0          0         80   _printf_char_file.o
         6          0          0          0          0          0   _printf_d.o
       120         16          0          0          0         92   _printf_dec.o
         6          0          0          0          0          0   _printf_f.o
      1050          0          0          0          0        216   _printf_fp_dec.o
       128         16          0          0          0         84   _printf_fp_infnan.o
       178          0          0          0          0         88   _printf_intcommon.o
         0          0          0          0          0          0   _printf_percent.o
         4          0          0          0          0          0   _printf_percent_end.o
       220          4        148          0          0         96   bigflt0.o
      1910        128          0          0          0        672   btod.o
        12          0          0          0          0         72   exit.o
         8          0          0          0          0         68   ferror.o
         6          0          0          0          0        152   heapauxi.o
         0          0          0          0          0          0   indicate_semi.o
        44         10         28          0          0         76   lc_numeric_c.o
         2          0          0          0          0          0   libinit.o
        18          0          0          0          0          0   libinit2.o
         2          0          0          0          0          0   libshutdown.o
         2          0          0          0          0          0   libshutdown2.o
         8          4          0          0         96         68   libspace.o
       138          0          0          0          0         80   lludiv10.o
        24          4          0          0          0         84   noretval__2printf.o
         8          4          0          0          0         68   rt_locale_intlibspace.o
        78          0          0          0          0         80   rt_memclr_w.o
         2          0          0          0          0          0   rtexit.o
        10          0          0          0          0          0   rtexit2.o
       128          0          0          0          0         68   strcmpv7m.o
        12          4          0          0          0         68   sys_exit.o
        74          0          0          0          0         80   sys_stackheap_outer.o
         2          0          0          0          0         68   use_no_semi.o
        98          4          0          0          0         92   d2f.o
       804         16          0          0          0        272   daddsub_clz.o
       156          4          0          0          0         92   dnaninf.o
        12          0          0          0          0         68   dretinf.o
        86          4          0          0          0         84   f2d.o
       430          8          0          0          0        168   faddsub_clz.o
        12          4          0          0          0         68   fcheck1.o
       388         76          0          0          0         96   fdiv.o
        38          0          0          0          0         68   fflt_clz.o
       258          4          0          0          0         84   fmul.o
       140          4          0          0          0         84   fnaninf.o
        10          0          0          0          0         68   fretinf.o
         4          0          0          0          0         68   printf1.o
       100          0          0          0          0         68   retnan.o
        76          0          0          0          0         68   scalbnf.o
        48          0          0          0          0         68   trapv.o
         0          0          0          0          0          0   usenofp.o
        40          0          0          0          0         68   fpclassify.o

    ----------------------------------------------------------------------
      7418        332        176          0        100       4264   Library Totals
        18          0          0          0          4          0   (incl. Padding)

    ----------------------------------------------------------------------

      Code (inc. data)   RO Data    RW Data    ZI Data      Debug   Library Name

      4700        208        176          0         96       2680   c_w.l
      2660        124          0          0          0       1516   fz_ws.l
        40          0          0          0          0         68   m_ws.l

    ----------------------------------------------------------------------
      7418        332        176          0        100       4264   Library Totals

    ----------------------------------------------------------------------

==============================================================================


      Code (inc. data)   RO Data    RW Data    ZI Data      Debug   

     13650       1326        486         52       2180     466991   Grand Totals
     13650       1326        486         52       2180     466991   ELF Image Totals
     13650       1326        486         52          0          0   ROM Totals

==============================================================================

    Total RO  Size (Code + RO Data)                14136 (  13.80kB)
    Total RW  Size (RW Data + ZI Data)              2232 (   2.18kB)
    Total ROM Size (Code + RO Data + RW Data)      14188 (  13.86kB)

==============================================================================

