Copyright 1986-2022 Xilinx, Inc. All Rights Reserved. Copyright 2022-2023 Advanced Micro Devices, Inc. All Rights Reserved.
-------------------------------------------------------------------------------------------------------------------------------------------------------------------------------------------
| Tool Version     : Vivado v.2023.1 (win64) Build 3865809 Sun May  7 15:05:29 MDT 2023
| Date             : Tue Mar 26 22:28:01 2024
| Host             : Blessing running 64-bit major release  (build 9200)
| Command          : report_power -file Quadrature_Demodulation_power_routed.rpt -pb Quadrature_Demodulation_power_summary_routed.pb -rpx Quadrature_Demodulation_power_routed.rpx
| Design           : Quadrature_Demodulation
| Device           : xc7a200tfbg484-1
| Design State     : routed
| Grade            : commercial
| Process          : typical
| Characterization : Production
-------------------------------------------------------------------------------------------------------------------------------------------------------------------------------------------

Power Report

Table of Contents
-----------------
1. Summary
1.1 On-Chip Components
1.2 Power Supply Summary
1.3 Confidence Level
2. Settings
2.1 Environment
2.2 Clock Constraints
3. Detailed Reports
3.1 By Hierarchy

1. Summary
----------

+--------------------------+--------------+
| Total On-Chip Power (W)  | 0.534        |
| Design Power Budget (W)  | Unspecified* |
| Power Budget Margin (W)  | NA           |
| Dynamic (W)              | 0.393        |
| Device Static (W)        | 0.141        |
| Effective TJA (C/W)      | 2.5          |
| Max Ambient (C)          | 83.7         |
| Junction Temperature (C) | 26.3         |
| Confidence Level         | Low          |
| Setting File             | ---          |
| Simulation Activity File | ---          |
| Design Nets Matched      | NA           |
+--------------------------+--------------+
* Specify Design Power Budget using, set_operating_conditions -design_power_budget <value in Watts>


1.1 On-Chip Components
----------------------

+--------------------------+-----------+----------+-----------+-----------------+
| On-Chip                  | Power (W) | Used     | Available | Utilization (%) |
+--------------------------+-----------+----------+-----------+-----------------+
| Clocks                   |     0.030 |        5 |       --- |             --- |
| Slice Logic              |     0.063 |    23057 |       --- |             --- |
|   LUT as Logic           |     0.044 |     4814 |    133800 |            3.60 |
|   LUT as Shift Register  |     0.006 |     1466 |     46200 |            3.17 |
|   Register               |     0.006 |    10438 |    269200 |            3.88 |
|   CARRY4                 |     0.006 |      830 |     33450 |            2.48 |
|   LUT as Distributed RAM |    <0.001 |      192 |     46200 |            0.42 |
|   F7/F8 Muxes            |    <0.001 |      133 |    133800 |            0.10 |
|   BUFG                   |    <0.001 |        4 |        32 |           12.50 |
|   Others                 |     0.000 |     1931 |       --- |             --- |
| Signals                  |     0.070 |    17229 |       --- |             --- |
| Block RAM                |     0.007 |     21.5 |       365 |            5.89 |
| MMCM                     |     0.105 |        1 |        10 |           10.00 |
| DSPs                     |     0.082 |       81 |       740 |           10.95 |
| I/O                      |     0.036 |       31 |       285 |           10.88 |
| Static Power             |     0.141 |          |           |                 |
| Total                    |     0.534 |          |           |                 |
+--------------------------+-----------+----------+-----------+-----------------+


1.2 Power Supply Summary
------------------------

+-----------+-------------+-----------+-------------+------------+-------------+-------------+------------+
| Source    | Voltage (V) | Total (A) | Dynamic (A) | Static (A) | Powerup (A) | Budget (A)  | Margin (A) |
+-----------+-------------+-----------+-------------+------------+-------------+-------------+------------+
| Vccint    |       1.000 |     0.284 |       0.251 |      0.032 |       NA    | Unspecified | NA         |
| Vccaux    |       1.800 |     0.090 |       0.060 |      0.031 |       NA    | Unspecified | NA         |
| Vcco33    |       3.300 |     0.015 |       0.010 |      0.005 |       NA    | Unspecified | NA         |
| Vcco25    |       2.500 |     0.000 |       0.000 |      0.000 |       NA    | Unspecified | NA         |
| Vcco18    |       1.800 |     0.000 |       0.000 |      0.000 |       NA    | Unspecified | NA         |
| Vcco15    |       1.500 |     0.000 |       0.000 |      0.000 |       NA    | Unspecified | NA         |
| Vcco135   |       1.350 |     0.000 |       0.000 |      0.000 |       NA    | Unspecified | NA         |
| Vcco12    |       1.200 |     0.000 |       0.000 |      0.000 |       NA    | Unspecified | NA         |
| Vccaux_io |       1.800 |     0.000 |       0.000 |      0.000 |       NA    | Unspecified | NA         |
| Vccbram   |       1.000 |     0.002 |       0.001 |      0.001 |       NA    | Unspecified | NA         |
| MGTAVcc   |       1.000 |     0.000 |       0.000 |      0.000 |       NA    | Unspecified | NA         |
| MGTAVtt   |       1.200 |     0.000 |       0.000 |      0.000 |       NA    | Unspecified | NA         |
| Vccadc    |       1.800 |     0.020 |       0.000 |      0.020 |       NA    | Unspecified | NA         |
+-----------+-------------+-----------+-------------+------------+-------------+-------------+------------+


1.3 Confidence Level
--------------------

+-----------------------------+------------+--------------------------------------------------------+--------------------------------------------------------------------------------------------------------------------+
| User Input Data             | Confidence | Details                                                | Action                                                                                                             |
+-----------------------------+------------+--------------------------------------------------------+--------------------------------------------------------------------------------------------------------------------+
| Design implementation state | High       | Design is routed                                       |                                                                                                                    |
| Clock nodes activity        | Low        | User specified less than 75% of clocks                 | Provide missing clock activity with a constraint file, simulation results or by editing the "By Clock Domain" view |
| I/O nodes activity          | Low        | More than 75% of inputs are missing user specification | Provide missing input activity with simulation results or by editing the "By Resource Type -> I/Os" view           |
| Internal nodes activity     | Medium     | User specified less than 25% of internal nodes         | Provide missing internal nodes activity with simulation results or by editing the "By Resource Type" views         |
| Device models               | High       | Device models are Production                           |                                                                                                                    |
|                             |            |                                                        |                                                                                                                    |
| Overall confidence level    | Low        |                                                        |                                                                                                                    |
+-----------------------------+------------+--------------------------------------------------------+--------------------------------------------------------------------------------------------------------------------+


2. Settings
-----------

2.1 Environment
---------------

+-----------------------+--------------------------+
| Ambient Temp (C)      | 25.0                     |
| ThetaJA (C/W)         | 2.5                      |
| Airflow (LFM)         | 250                      |
| Heat Sink             | medium (Medium Profile)  |
| ThetaSA (C/W)         | 4.2                      |
| Board Selection       | medium (10"x10")         |
| # of Board Layers     | 12to15 (12 to 15 Layers) |
| Board Temperature (C) | 25.0                     |
+-----------------------+--------------------------+


2.2 Clock Constraints
---------------------

+--------------------+--------------------------------+-----------------+
| Clock              | Domain                         | Constraint (ns) |
+--------------------+--------------------------------+-----------------+
| clk_125M_clk_wiz_0 | clk_u0/inst/clk_125M_clk_wiz_0 |             8.0 |
| clk_50M            | clk_50M                        |            20.0 |
| clkfbout_clk_wiz_0 | clk_u0/inst/clkfbout_clk_wiz_0 |            20.0 |
+--------------------+--------------------------------+-----------------+


3. Detailed Reports
-------------------

3.1 By Hierarchy
----------------

+--------------------------+-----------+
| Name                     | Power (W) |
+--------------------------+-----------+
| Quadrature_Demodulation  |     0.393 |
|   clk_u0                 |     0.106 |
|     inst                 |     0.106 |
|   u_Demodulation         |     0.251 |
|     LPF_U1_fm            |     0.029 |
|       U0                 |     0.029 |
|     u_CIC_AM             |     0.017 |
|       U0                 |     0.017 |
|     u_CIC_FFT_1          |     0.012 |
|       U0                 |     0.012 |
|     u_CIC_FFT_2          |     0.019 |
|       U0                 |     0.019 |
|     u_CIC_FM             |     0.016 |
|       U0                 |     0.016 |
|     u_FFT_1              |     0.040 |
|       u_FFT_NonRealTIME  |     0.025 |
|       u_fft_ram_test     |     0.003 |
|     u_FFT_2              |     0.003 |
|       u_fft_ram_test     |     0.002 |
|     u_FM_DEMOD           |     0.003 |
|     u_HS_AD9481_IN       |     0.005 |
|       fifo_16to8_inst    |     0.005 |
|     u_LPF_I              |     0.026 |
|       U0                 |     0.026 |
|     u_LPF_Q              |     0.026 |
|       U0                 |     0.026 |
|     u_MULT_1             |     0.002 |
|       U0                 |     0.002 |
|     u_MULT_2             |     0.002 |
|       U0                 |     0.002 |
|     u_dds                |     0.004 |
|       U0                 |     0.004 |
|     u_fifo_generator_fft |     0.002 |
|       U0                 |     0.002 |
|     u_mult_squre_1       |     0.004 |
|       U0                 |     0.004 |
|     u_mult_squre_2       |     0.003 |
|       U0                 |     0.003 |
|     u_sqrt               |     0.038 |
|       U0                 |     0.038 |
+--------------------------+-----------+


