Copyright 1986-2022 Xilinx, Inc. All Rights Reserved. Copyright 2022-2023 Advanced Micro Devices, Inc. All Rights Reserved.
---------------------------------------------------------------------------------------------------------------------------------------------
| Tool Version : Vivado v.2023.1 (win64) Build 3865809 Sun May  7 15:05:29 MDT 2023
| Date         : Tue Mar 26 22:28:03 2024
| Host         : Blessing running 64-bit major release  (build 9200)
| Command      : report_clock_utilization -file Quadrature_Demodulation_clock_utilization_routed.rpt
| Design       : Quadrature_Demodulation
| Device       : 7a200t-fbg484
| Speed File   : -1  PRODUCTION 1.23 2018-06-13
| Design State : Routed
---------------------------------------------------------------------------------------------------------------------------------------------

Clock Utilization Report

Table of Contents
-----------------
1. Clock Primitive Utilization
2. Global Clock Resources
3. Global Clock Source Details
4. Clock Regions: Key Resource Utilization
5. Clock Regions : Global Clock Summary
6. Device Cell Placement Summary for Global Clock g0
7. Device Cell Placement Summary for Global Clock g1
8. Device Cell Placement Summary for Global Clock g2
9. Device Cell Placement Summary for Global Clock g3
10. Device Cell Placement Summary for Global Clock g4
11. Device Cell Placement Summary for Global Clock g5
12. Clock Region Cell Placement per Global Clock: Region X0Y1
13. Clock Region Cell Placement per Global Clock: Region X0Y2
14. Clock Region Cell Placement per Global Clock: Region X0Y3

1. Clock Primitive Utilization
------------------------------

+----------+------+-----------+-----+--------------+--------+
| Type     | Used | Available | LOC | Clock Region | Pblock |
+----------+------+-----------+-----+--------------+--------+
| BUFGCTRL |    6 |        32 |   0 |            0 |      0 |
| BUFH     |    0 |       120 |   0 |            0 |      0 |
| BUFIO    |    0 |        40 |   0 |            0 |      0 |
| BUFMR    |    0 |        20 |   0 |            0 |      0 |
| BUFR     |    0 |        40 |   0 |            0 |      0 |
| MMCM     |    1 |        10 |   0 |            0 |      0 |
| PLL      |    0 |        10 |   0 |            0 |      0 |
+----------+------+-----------+-----+--------------+--------+


2. Global Clock Resources
-------------------------

+-----------+-----------+-----------------+------------+----------------+--------------+-------------------+-------------+-----------------+--------------+--------------------+--------------------------------------------------------------------------------------------------+-------------------------------------------------------------------------------------------+
| Global Id | Source Id | Driver Type/Pin | Constraint | Site           | Clock Region | Load Clock Region | Clock Loads | Non-Clock Loads | Clock Period | Clock              | Driver Pin                                                                                       | Net                                                                                       |
+-----------+-----------+-----------------+------------+----------------+--------------+-------------------+-------------+-----------------+--------------+--------------------+--------------------------------------------------------------------------------------------------+-------------------------------------------------------------------------------------------+
| g0        | src0      | BUFG/O          | None       | BUFGCTRL_X0Y0  | n/a          |                 3 |        9230 |               2 |        8.000 | clk_125M_clk_wiz_0 | clk_u0/inst/clkout1_buf/O                                                                        | clk_u0/inst/clk_125M                                                                      |
| g1        | src1      | BUFG/O          | None       | BUFGCTRL_X0Y1  | n/a          |                 2 |        2111 |               0 |              |                    | u_Demodulation/u_CIC_FFT_1/U0/i_synth/decimator.decimation_filter/m_axis_data_tvalid_BUFG_inst/O | u_Demodulation/u_CIC_FFT_1/U0/i_synth/decimator.decimation_filter/m_axis_data_tvalid_BUFG |
| g2        | src2      | BUFG/O          | None       | BUFGCTRL_X0Y2  | n/a          |                 1 |        1905 |               0 |              |                    | u_Demodulation/u_CIC_FFT_2/U0/i_synth/decimator.decimation_filter/m_axis_data_tvalid_BUFG_inst/O | u_Demodulation/u_CIC_FFT_2/U0/i_synth/decimator.decimation_filter/m_axis_data_tvalid_BUFG |
| g3        | src3      | BUFG/O          | None       | BUFGCTRL_X0Y3  | n/a          |                 1 |         136 |               0 |              |                    | ADC_DCO_N_IBUF_BUFG_inst/O                                                                       | ADC_DCO_N_IBUF_BUFG                                                                       |
| g4        | src4      | BUFG/O          | None       | BUFGCTRL_X0Y16 | n/a          |                 1 |           8 |               0 |              |                    | ADC_DCO_P_IBUF_BUFG_inst/O                                                                       | ADC_DCO_P_IBUF_BUFG                                                                       |
| g5        | src5      | BUFG/O          | None       | BUFGCTRL_X0Y4  | n/a          |                 1 |           1 |               0 |       20.000 | clkfbout_clk_wiz_0 | clk_u0/inst/clkf_buf/O                                                                           | clk_u0/inst/clkfbout_buf_clk_wiz_0                                                        |
+-----------+-----------+-----------------+------------+----------------+--------------+-------------------+-------------+-----------------+--------------+--------------------+--------------------------------------------------------------------------------------------------+-------------------------------------------------------------------------------------------+
* Clock Loads column represents cell count of net connects that connect to a clock pin. Internal cell leaf pins are not considered
** Non-Clock Loads column represents cell count of non-clock pin loads


3. Global Clock Source Details
------------------------------

+-----------+-----------+---------------------+------------+-----------------+--------------+-------------+-----------------+---------------------+--------------------+-----------------------------------------------------------------------------+--------------------------------------------------------------------------------------+
| Source Id | Global Id | Driver Type/Pin     | Constraint | Site            | Clock Region | Clock Loads | Non-Clock Loads | Source Clock Period | Source Clock       | Driver Pin                                                                  | Net                                                                                  |
+-----------+-----------+---------------------+------------+-----------------+--------------+-------------+-----------------+---------------------+--------------------+-----------------------------------------------------------------------------+--------------------------------------------------------------------------------------+
| src0      | g0        | MMCME2_ADV/CLKOUT0  | None       | MMCME2_ADV_X0Y2 | X0Y2         |           1 |               0 |               8.000 | clk_125M_clk_wiz_0 | clk_u0/inst/mmcm_adv_inst/CLKOUT0                                           | clk_u0/inst/clk_125M_clk_wiz_0                                                       |
| src1      | g1        | FDRE/Q              | None       | SLICE_X20Y119   | X0Y2         |           1 |               0 |                     |                    | u_Demodulation/u_CIC_FFT_1/U0/i_synth/decimator.decimation_filter/RDY_reg/Q | u_Demodulation/u_CIC_FFT_1/U0/i_synth/decimator.decimation_filter/m_axis_data_tvalid |
| src2      | g2        | FDRE/Q              | None       | SLICE_X18Y122   | X0Y2         |           1 |               0 |                     |                    | u_Demodulation/u_CIC_FFT_2/U0/i_synth/decimator.decimation_filter/RDY_reg/Q | u_Demodulation/u_CIC_FFT_2/U0/i_synth/decimator.decimation_filter/m_axis_data_tvalid |
| src3      | g3        | IBUF/O              | IOB_X0Y177 | IOB_X0Y177      | X0Y3         |           1 |               0 |                     |                    | ADC_DCO_N_IBUF_inst/O                                                       | ADC_DCO_N_IBUF                                                                       |
| src4      | g4        | IBUF/O              | IOB_X0Y178 | IOB_X0Y178      | X0Y3         |           1 |               0 |                     |                    | ADC_DCO_P_IBUF_inst/O                                                       | ADC_DCO_P_IBUF                                                                       |
| src5      | g5        | MMCME2_ADV/CLKFBOUT | None       | MMCME2_ADV_X0Y2 | X0Y2         |           1 |               0 |              20.000 | clkfbout_clk_wiz_0 | clk_u0/inst/mmcm_adv_inst/CLKFBOUT                                          | clk_u0/inst/clkfbout_clk_wiz_0                                                       |
+-----------+-----------+---------------------+------------+-----------------+--------------+-------------+-----------------+---------------------+--------------------+-----------------------------------------------------------------------------+--------------------------------------------------------------------------------------+
* Clock Loads column represents cell count of net connects that connect to a clock pin. Internal cell leaf pins are not considered
** Non-Clock Loads column represents cell count of non-clock pin loads


4. Clock Regions: Key Resource Utilization
------------------------------------------

+-------------------+--------------+--------------+--------------+--------------+--------------+--------------+--------------+--------------+--------------+--------------+--------------+--------------+--------------+--------------+--------------+
|                   | Global Clock |     BUFRs    |    BUFMRs    |    BUFIOs    |     MMCM     |      PLL     |      GT      |      PCI     |    ILOGIC    |    OLOGIC    |      FF      |     LUTM     |    RAMB18    |    RAMB36    |    DSP48E2   |
+-------------------+------+-------+------+-------+------+-------+------+-------+------+-------+------+-------+------+-------+------+-------+------+-------+------+-------+------+-------+------+-------+------+-------+------+-------+------+-------+
| Clock Region Name | Used | Avail | Used | Avail | Used | Avail | Used | Avail | Used | Avail | Used | Avail | Used | Avail | Used | Avail | Used | Avail | Used | Avail | Used | Avail | Used | Avail | Used | Avail | Used | Avail | Used | Avail |
+-------------------+------+-------+------+-------+------+-------+------+-------+------+-------+------+-------+------+-------+------+-------+------+-------+------+-------+------+-------+------+-------+------+-------+------+-------+------+-------+
| X0Y0              |    0 |    12 |    0 |     4 |    0 |     2 |    0 |     4 |    0 |     1 |    0 |     1 |    0 |     4 |    0 |     0 |    0 |    50 |    0 |    50 |    0 |  2700 |    0 |   800 |    0 |    60 |    0 |    30 |    0 |    60 |
| X1Y0              |    0 |    12 |    0 |     4 |    0 |     2 |    0 |     4 |    0 |     1 |    0 |     1 |    0 |     4 |    0 |     0 |    0 |    50 |    0 |    50 |    0 |  2500 |    0 |   800 |    0 |    40 |    0 |    20 |    0 |    40 |
| X0Y1              |    4 |    12 |    0 |     4 |    0 |     2 |    0 |     4 |    0 |     1 |    0 |     1 |    0 |     0 |    0 |     0 |    0 |    50 |    0 |    50 | 4763 |  4200 | 3992 |  1400 |    2 |   100 |    0 |    50 |   53 |   100 |
| X1Y1              |    0 |    12 |    0 |     4 |    0 |     2 |    0 |     4 |    0 |     1 |    0 |     1 |    0 |     0 |    0 |     0 |    0 |    50 |    0 |    50 |    0 |  4000 |    0 |  1400 |    0 |    80 |    0 |    40 |    0 |    80 |
| X0Y2              |    4 |    12 |    0 |     4 |    0 |     2 |    0 |     4 |    1 |     1 |    0 |     1 |    0 |     0 |    0 |     0 |    0 |    50 |    0 |    50 | 5675 |  3600 | 3603 |  1400 |   11 |   100 |    6 |    50 |   15 |   100 |
| X1Y2              |    0 |    12 |    0 |     4 |    0 |     2 |    0 |     4 |    0 |     1 |    0 |     1 |    0 |     0 |    0 |     0 |    0 |    50 |    0 |    50 |    0 |  4000 |    0 |  1400 |    0 |    80 |    0 |    40 |    0 |    80 |
| X0Y3              |    1 |    12 |    0 |     4 |    0 |     2 |    0 |     4 |    0 |     1 |    0 |     1 |    0 |     0 |    0 |     0 |    0 |    50 |    0 |    50 |    0 |  3600 |    0 |  1400 |    0 |   100 |    0 |    50 |    0 |   100 |
| X1Y3              |    0 |    12 |    0 |     4 |    0 |     2 |    0 |     4 |    0 |     1 |    0 |     1 |    0 |     0 |    0 |     0 |    0 |    50 |    0 |    50 |    0 |  4000 |    0 |  1400 |    0 |    80 |    0 |    40 |    0 |    80 |
| X0Y4              |    0 |    12 |    0 |     4 |    0 |     2 |    0 |     4 |    0 |     1 |    0 |     1 |    0 |     4 |    0 |     1 |    0 |    50 |    0 |    50 |    0 |  2550 |    0 |   750 |    0 |    50 |    0 |    25 |    0 |    60 |
| X1Y4              |    0 |    12 |    0 |     4 |    0 |     2 |    0 |     4 |    0 |     1 |    0 |     1 |    0 |     4 |    0 |     0 |    0 |    50 |    0 |    50 |    0 |  2500 |    0 |   800 |    0 |    40 |    0 |    20 |    0 |    40 |
+-------------------+------+-------+------+-------+------+-------+------+-------+------+-------+------+-------+------+-------+------+-------+------+-------+------+-------+------+-------+------+-------+------+-------+------+-------+------+-------+
* Global Clock column represents track count; while other columns represents cell counts


5. Clock Regions : Global Clock Summary
---------------------------------------

All Modules
+----+----+----+
|    | X0 | X1 |
+----+----+----+
| Y4 |  0 |  0 |
| Y3 |  0 |  0 |
| Y2 |  0 |  0 |
| Y1 |  0 |  0 |
| Y0 |  0 |  0 |
+----+----+----+


6. Device Cell Placement Summary for Global Clock g0
----------------------------------------------------

+-----------+-----------------+-------------------+--------------------+-------------+---------------+-------------+----------+----------------+----------+----------------------+
| Global Id | Driver Type/Pin | Driver Region (D) | Clock              | Period (ns) | Waveform (ns) | Slice Loads | IO Loads | Clocking Loads | GT Loads | Net                  |
+-----------+-----------------+-------------------+--------------------+-------------+---------------+-------------+----------+----------------+----------+----------------------+
| g0        | BUFG/O          | n/a               | clk_125M_clk_wiz_0 |       8.000 | {0.000 4.000} |        9230 |        2 |              0 |        0 | clk_u0/inst/clk_125M |
+-----------+-----------------+-------------------+--------------------+-------------+---------------+-------------+----------+----------------+----------+----------------------+
* Slice Loads column represents load cell count of all cell types other than IO, GT and clock resources
** IO Loads column represents load cell count of IO types
*** Clocking Loads column represents load cell count that are clock resources (global clock buffer, MMCM, PLL, etc)
**** GT Loads column represents load cell count of GT types


+----+-------+----+-----------------------+
|    | X0    | X1 | HORIZONTAL PROG DELAY |
+----+-------+----+-----------------------+
| Y4 |     0 |  0 |                     - |
| Y3 |     1 |  0 |                     0 |
| Y2 |  3487 |  0 |                     0 |
| Y1 |  5744 |  0 |                     0 |
| Y0 |     0 |  0 |                     - |
+----+-------+----+-----------------------+


7. Device Cell Placement Summary for Global Clock g1
----------------------------------------------------

+-----------+-----------------+-------------------+-------+-------------+---------------+-------------+----------+----------------+----------+-------------------------------------------------------------------------------------------+
| Global Id | Driver Type/Pin | Driver Region (D) | Clock | Period (ns) | Waveform (ns) | Slice Loads | IO Loads | Clocking Loads | GT Loads | Net                                                                                       |
+-----------+-----------------+-------------------+-------+-------------+---------------+-------------+----------+----------------+----------+-------------------------------------------------------------------------------------------+
| g1        | BUFG/O          | n/a               |       |             |               |        2111 |        0 |              0 |        0 | u_Demodulation/u_CIC_FFT_1/U0/i_synth/decimator.decimation_filter/m_axis_data_tvalid_BUFG |
+-----------+-----------------+-------------------+-------+-------------+---------------+-------------+----------+----------------+----------+-------------------------------------------------------------------------------------------+
* Slice Loads column represents load cell count of all cell types other than IO, GT and clock resources
** IO Loads column represents load cell count of IO types
*** Clocking Loads column represents load cell count that are clock resources (global clock buffer, MMCM, PLL, etc)
**** GT Loads column represents load cell count of GT types


+----+-------+----+-----------------------+
|    | X0    | X1 | HORIZONTAL PROG DELAY |
+----+-------+----+-----------------------+
| Y4 |     0 |  0 |                     - |
| Y3 |     0 |  0 |                     - |
| Y2 |  1546 |  0 |                     0 |
| Y1 |   565 |  0 |                     0 |
| Y0 |     0 |  0 |                     - |
+----+-------+----+-----------------------+


8. Device Cell Placement Summary for Global Clock g2
----------------------------------------------------

+-----------+-----------------+-------------------+-------+-------------+---------------+-------------+----------+----------------+----------+-------------------------------------------------------------------------------------------+
| Global Id | Driver Type/Pin | Driver Region (D) | Clock | Period (ns) | Waveform (ns) | Slice Loads | IO Loads | Clocking Loads | GT Loads | Net                                                                                       |
+-----------+-----------------+-------------------+-------+-------------+---------------+-------------+----------+----------------+----------+-------------------------------------------------------------------------------------------+
| g2        | BUFG/O          | n/a               |       |             |               |        1905 |        0 |              0 |        0 | u_Demodulation/u_CIC_FFT_2/U0/i_synth/decimator.decimation_filter/m_axis_data_tvalid_BUFG |
+-----------+-----------------+-------------------+-------+-------------+---------------+-------------+----------+----------------+----------+-------------------------------------------------------------------------------------------+
* Slice Loads column represents load cell count of all cell types other than IO, GT and clock resources
** IO Loads column represents load cell count of IO types
*** Clocking Loads column represents load cell count that are clock resources (global clock buffer, MMCM, PLL, etc)
**** GT Loads column represents load cell count of GT types


+----+-------+----+-----------------------+
|    | X0    | X1 | HORIZONTAL PROG DELAY |
+----+-------+----+-----------------------+
| Y4 |     0 |  0 |                     - |
| Y3 |     0 |  0 |                     - |
| Y2 |  1905 |  0 |                     0 |
| Y1 |     0 |  0 |                     - |
| Y0 |     0 |  0 |                     - |
+----+-------+----+-----------------------+


9. Device Cell Placement Summary for Global Clock g3
----------------------------------------------------

+-----------+-----------------+-------------------+-------+-------------+---------------+-------------+----------+----------------+----------+---------------------+
| Global Id | Driver Type/Pin | Driver Region (D) | Clock | Period (ns) | Waveform (ns) | Slice Loads | IO Loads | Clocking Loads | GT Loads | Net                 |
+-----------+-----------------+-------------------+-------+-------------+---------------+-------------+----------+----------------+----------+---------------------+
| g3        | BUFG/O          | n/a               |       |             |               |          88 |        0 |              0 |        0 | ADC_DCO_N_IBUF_BUFG |
+-----------+-----------------+-------------------+-------+-------------+---------------+-------------+----------+----------------+----------+---------------------+
* Slice Loads column represents load cell count of all cell types other than IO, GT and clock resources
** IO Loads column represents load cell count of IO types
*** Clocking Loads column represents load cell count that are clock resources (global clock buffer, MMCM, PLL, etc)
**** GT Loads column represents load cell count of GT types


+----+-----+----+-----------------------+
|    | X0  | X1 | HORIZONTAL PROG DELAY |
+----+-----+----+-----------------------+
| Y4 |   0 |  0 |                     - |
| Y3 |   0 |  0 |                     - |
| Y2 |   0 |  0 |                     - |
| Y1 |  88 |  0 |                     0 |
| Y0 |   0 |  0 |                     - |
+----+-----+----+-----------------------+


10. Device Cell Placement Summary for Global Clock g4
-----------------------------------------------------

+-----------+-----------------+-------------------+-------+-------------+---------------+-------------+----------+----------------+----------+---------------------+
| Global Id | Driver Type/Pin | Driver Region (D) | Clock | Period (ns) | Waveform (ns) | Slice Loads | IO Loads | Clocking Loads | GT Loads | Net                 |
+-----------+-----------------+-------------------+-------+-------------+---------------+-------------+----------+----------------+----------+---------------------+
| g4        | BUFG/O          | n/a               |       |             |               |           8 |        0 |              0 |        0 | ADC_DCO_P_IBUF_BUFG |
+-----------+-----------------+-------------------+-------+-------------+---------------+-------------+----------+----------------+----------+---------------------+
* Slice Loads column represents load cell count of all cell types other than IO, GT and clock resources
** IO Loads column represents load cell count of IO types
*** Clocking Loads column represents load cell count that are clock resources (global clock buffer, MMCM, PLL, etc)
**** GT Loads column represents load cell count of GT types


+----+----+----+-----------------------+
|    | X0 | X1 | HORIZONTAL PROG DELAY |
+----+----+----+-----------------------+
| Y4 |  0 |  0 |                     - |
| Y3 |  0 |  0 |                     - |
| Y2 |  0 |  0 |                     - |
| Y1 |  8 |  0 |                     0 |
| Y0 |  0 |  0 |                     - |
+----+----+----+-----------------------+


11. Device Cell Placement Summary for Global Clock g5
-----------------------------------------------------

+-----------+-----------------+-------------------+--------------------+-------------+----------------+-------------+----------+----------------+----------+------------------------------------+
| Global Id | Driver Type/Pin | Driver Region (D) | Clock              | Period (ns) | Waveform (ns)  | Slice Loads | IO Loads | Clocking Loads | GT Loads | Net                                |
+-----------+-----------------+-------------------+--------------------+-------------+----------------+-------------+----------+----------------+----------+------------------------------------+
| g5        | BUFG/O          | n/a               | clkfbout_clk_wiz_0 |      20.000 | {0.000 10.000} |           0 |        0 |              1 |        0 | clk_u0/inst/clkfbout_buf_clk_wiz_0 |
+-----------+-----------------+-------------------+--------------------+-------------+----------------+-------------+----------+----------------+----------+------------------------------------+
* Slice Loads column represents load cell count of all cell types other than IO, GT and clock resources
** IO Loads column represents load cell count of IO types
*** Clocking Loads column represents load cell count that are clock resources (global clock buffer, MMCM, PLL, etc)
**** GT Loads column represents load cell count of GT types


+----+----+----+-----------------------+
|    | X0 | X1 | HORIZONTAL PROG DELAY |
+----+----+----+-----------------------+
| Y4 |  0 |  0 |                     - |
| Y3 |  0 |  0 |                     - |
| Y2 |  1 |  0 |                     0 |
| Y1 |  0 |  0 |                     - |
| Y0 |  0 |  0 |                     - |
+----+----+----+-----------------------+


12. Clock Region Cell Placement per Global Clock: Region X0Y1
-------------------------------------------------------------

+-----------+-------+-----------------+------------+-------------+-----------------+------+-------------+------+-----+----+------+-----+---------+-------------------------------------------------------------------------------------------+
| Global Id | Track | Driver Type/Pin | Constraint | Clock Loads | Non-Clock Loads | FF   | Memory LUTs | RAMB | DSP | GT | MMCM | PLL | Hard IP | Net                                                                                       |
+-----------+-------+-----------------+------------+-------------+-----------------+------+-------------+------+-----+----+------+-----+---------+-------------------------------------------------------------------------------------------+
| g0        | n/a   | BUFG/O          | None       |        5744 |               0 | 4165 |        1527 |    0 |  51 |  0 |    0 |   0 |       0 | clk_u0/inst/clk_125M                                                                      |
| g1        | n/a   | BUFG/O          | None       |         565 |               0 |  502 |          55 |    2 |   2 |  0 |    0 |   0 |       0 | u_Demodulation/u_CIC_FFT_1/U0/i_synth/decimator.decimation_filter/m_axis_data_tvalid_BUFG |
| g3        | n/a   | BUFG/O          | None       |          88 |               0 |   88 |           0 |    0 |   0 |  0 |    0 |   0 |       0 | ADC_DCO_N_IBUF_BUFG                                                                       |
| g4        | n/a   | BUFG/O          | None       |           8 |               0 |    8 |           0 |    0 |   0 |  0 |    0 |   0 |       0 | ADC_DCO_P_IBUF_BUFG                                                                       |
+-----------+-------+-----------------+------------+-------------+-----------------+------+-------------+------+-----+----+------+-----+---------+-------------------------------------------------------------------------------------------+
* Clock Loads column represents cell count of net connects that connect to a clock pin. Internal cell leaf pins are not considered
** Non-Clock Loads column represents cell count of non-clock pin loads
*** Columns FF, LUTRAM, RAMB through 'Hard IP' represents load cell counts


13. Clock Region Cell Placement per Global Clock: Region X0Y2
-------------------------------------------------------------

+-----------+-------+-----------------+------------+-------------+-----------------+------+-------------+------+-----+----+------+-----+---------+-------------------------------------------------------------------------------------------+
| Global Id | Track | Driver Type/Pin | Constraint | Clock Loads | Non-Clock Loads | FF   | Memory LUTs | RAMB | DSP | GT | MMCM | PLL | Hard IP | Net                                                                                       |
+-----------+-------+-----------------+------------+-------------+-----------------+------+-------------+------+-----+----+------+-----+---------+-------------------------------------------------------------------------------------------+
| g0        | n/a   | BUFG/O          | None       |        3486 |               1 | 2823 |         654 |    4 |   5 |  0 |    0 |   0 |       0 | clk_u0/inst/clk_125M                                                                      |
| g1        | n/a   | BUFG/O          | None       |        1546 |               0 | 1276 |         253 |    8 |   4 |  0 |    0 |   0 |       0 | u_Demodulation/u_CIC_FFT_1/U0/i_synth/decimator.decimation_filter/m_axis_data_tvalid_BUFG |
| g2        | n/a   | BUFG/O          | None       |        1905 |               0 | 1576 |         306 |    9 |   6 |  0 |    0 |   0 |       0 | u_Demodulation/u_CIC_FFT_2/U0/i_synth/decimator.decimation_filter/m_axis_data_tvalid_BUFG |
| g5        | n/a   | BUFG/O          | None       |           1 |               0 |    0 |           0 |    0 |   0 |  0 |    1 |   0 |       0 | clk_u0/inst/clkfbout_buf_clk_wiz_0                                                        |
+-----------+-------+-----------------+------------+-------------+-----------------+------+-------------+------+-----+----+------+-----+---------+-------------------------------------------------------------------------------------------+
* Clock Loads column represents cell count of net connects that connect to a clock pin. Internal cell leaf pins are not considered
** Non-Clock Loads column represents cell count of non-clock pin loads
*** Columns FF, LUTRAM, RAMB through 'Hard IP' represents load cell counts


14. Clock Region Cell Placement per Global Clock: Region X0Y3
-------------------------------------------------------------

+-----------+-------+-----------------+------------+-------------+-----------------+----+-------------+------+-----+----+------+-----+---------+----------------------+
| Global Id | Track | Driver Type/Pin | Constraint | Clock Loads | Non-Clock Loads | FF | Memory LUTs | RAMB | DSP | GT | MMCM | PLL | Hard IP | Net                  |
+-----------+-------+-----------------+------------+-------------+-----------------+----+-------------+------+-----+----+------+-----+---------+----------------------+
| g0        | n/a   | BUFG/O          | None       |           0 |               1 |  0 |           0 |    0 |   0 |  0 |    0 |   0 |       0 | clk_u0/inst/clk_125M |
+-----------+-------+-----------------+------------+-------------+-----------------+----+-------------+------+-----+----+------+-----+---------+----------------------+
* Clock Loads column represents cell count of net connects that connect to a clock pin. Internal cell leaf pins are not considered
** Non-Clock Loads column represents cell count of non-clock pin loads
*** Columns FF, LUTRAM, RAMB through 'Hard IP' represents load cell counts



# Location of BUFG Primitives 
set_property LOC BUFGCTRL_X0Y2 [get_cells u_Demodulation/u_CIC_FFT_2/U0/i_synth/decimator.decimation_filter/m_axis_data_tvalid_BUFG_inst]
set_property LOC BUFGCTRL_X0Y1 [get_cells u_Demodulation/u_CIC_FFT_1/U0/i_synth/decimator.decimation_filter/m_axis_data_tvalid_BUFG_inst]
set_property LOC BUFGCTRL_X0Y4 [get_cells clk_u0/inst/clkf_buf]
set_property LOC BUFGCTRL_X0Y0 [get_cells clk_u0/inst/clkout1_buf]
set_property LOC BUFGCTRL_X0Y16 [get_cells ADC_DCO_P_IBUF_BUFG_inst]
set_property LOC BUFGCTRL_X0Y3 [get_cells ADC_DCO_N_IBUF_BUFG_inst]

# Location of IO Primitives which is load of clock spine
set_property LOC IOB_X0Y128 [get_cells DAC_CLK_OBUF_inst]
set_property LOC IOB_X0Y186 [get_cells ADC_CLK_OBUF_inst]

# Location of clock ports
set_property LOC IOB_X0Y177 [get_ports ADC_DCO_N]
set_property LOC IOB_X0Y178 [get_ports ADC_DCO_P]
set_property LOC IOB_X0Y126 [get_ports clk_50M]

# Clock net "u_Demodulation/u_CIC_FFT_2/U0/i_synth/decimator.decimation_filter/m_axis_data_tvalid_BUFG" driven by instance "u_Demodulation/u_CIC_FFT_2/U0/i_synth/decimator.decimation_filter/m_axis_data_tvalid_BUFG_inst" located at site "BUFGCTRL_X0Y2"
#startgroup
create_pblock {CLKAG_u_Demodulation/u_CIC_FFT_2/U0/i_synth/decimator.decimation_filter/m_axis_data_tvalid_BUFG}
add_cells_to_pblock [get_pblocks  {CLKAG_u_Demodulation/u_CIC_FFT_2/U0/i_synth/decimator.decimation_filter/m_axis_data_tvalid_BUFG}] [get_cells -filter { PRIMITIVE_GROUP != I/O && IS_PRIMITIVE==1 && PRIMITIVE_LEVEL !=INTERNAL } -of_object [get_pins -leaf -filter {DIRECTION==IN} -of_objects [get_nets {u_Demodulation/u_CIC_FFT_2/U0/i_synth/decimator.decimation_filter/m_axis_data_tvalid_BUFG}]]]
resize_pblock [get_pblocks {CLKAG_u_Demodulation/u_CIC_FFT_2/U0/i_synth/decimator.decimation_filter/m_axis_data_tvalid_BUFG}] -add {CLOCKREGION_X0Y2:CLOCKREGION_X0Y2}
#endgroup

# Clock net "u_Demodulation/u_CIC_FFT_1/U0/i_synth/decimator.decimation_filter/m_axis_data_tvalid_BUFG" driven by instance "u_Demodulation/u_CIC_FFT_1/U0/i_synth/decimator.decimation_filter/m_axis_data_tvalid_BUFG_inst" located at site "BUFGCTRL_X0Y1"
#startgroup
create_pblock {CLKAG_u_Demodulation/u_CIC_FFT_1/U0/i_synth/decimator.decimation_filter/m_axis_data_tvalid_BUFG}
add_cells_to_pblock [get_pblocks  {CLKAG_u_Demodulation/u_CIC_FFT_1/U0/i_synth/decimator.decimation_filter/m_axis_data_tvalid_BUFG}] [get_cells -filter { PRIMITIVE_GROUP != I/O && IS_PRIMITIVE==1 && PRIMITIVE_LEVEL !=INTERNAL } -of_object [get_pins -leaf -filter {DIRECTION==IN} -of_objects [get_nets {u_Demodulation/u_CIC_FFT_1/U0/i_synth/decimator.decimation_filter/m_axis_data_tvalid_BUFG}]]]
resize_pblock [get_pblocks {CLKAG_u_Demodulation/u_CIC_FFT_1/U0/i_synth/decimator.decimation_filter/m_axis_data_tvalid_BUFG}] -add {CLOCKREGION_X0Y1:CLOCKREGION_X0Y1 CLOCKREGION_X0Y2:CLOCKREGION_X0Y2}
#endgroup

# Clock net "clk_u0/inst/clk_125M" driven by instance "clk_u0/inst/clkout1_buf" located at site "BUFGCTRL_X0Y0"
#startgroup
create_pblock {CLKAG_clk_u0/inst/clk_125M}
add_cells_to_pblock [get_pblocks  {CLKAG_clk_u0/inst/clk_125M}] [get_cells -filter { PRIMITIVE_GROUP != I/O && IS_PRIMITIVE==1 && PRIMITIVE_LEVEL !=INTERNAL && NAME!=DAC_CLK_OBUF_inst && NAME!=ADC_CLK_OBUF_inst} -of_object [get_pins -leaf -filter {DIRECTION==IN} -of_objects [get_nets {clk_u0/inst/clk_125M}]]]
resize_pblock [get_pblocks {CLKAG_clk_u0/inst/clk_125M}] -add {CLOCKREGION_X0Y1:CLOCKREGION_X0Y1 CLOCKREGION_X0Y2:CLOCKREGION_X0Y2}
#endgroup

# Clock net "ADC_DCO_P_IBUF_BUFG" driven by instance "ADC_DCO_P_IBUF_BUFG_inst" located at site "BUFGCTRL_X0Y16"
#startgroup
create_pblock {CLKAG_ADC_DCO_P_IBUF_BUFG}
add_cells_to_pblock [get_pblocks  {CLKAG_ADC_DCO_P_IBUF_BUFG}] [get_cells -filter { PRIMITIVE_GROUP != I/O && IS_PRIMITIVE==1 && PRIMITIVE_LEVEL !=INTERNAL } -of_object [get_pins -leaf -filter {DIRECTION==IN} -of_objects [get_nets {ADC_DCO_P_IBUF_BUFG}]]]
resize_pblock [get_pblocks {CLKAG_ADC_DCO_P_IBUF_BUFG}] -add {CLOCKREGION_X0Y1:CLOCKREGION_X0Y1}
#endgroup

# Clock net "ADC_DCO_N_IBUF_BUFG" driven by instance "ADC_DCO_N_IBUF_BUFG_inst" located at site "BUFGCTRL_X0Y3"
#startgroup
create_pblock {CLKAG_ADC_DCO_N_IBUF_BUFG}
add_cells_to_pblock [get_pblocks  {CLKAG_ADC_DCO_N_IBUF_BUFG}] [get_cells -filter { PRIMITIVE_GROUP != I/O && IS_PRIMITIVE==1 && PRIMITIVE_LEVEL !=INTERNAL } -of_object [get_pins -leaf -filter {DIRECTION==IN} -of_objects [get_nets {ADC_DCO_N_IBUF_BUFG}]]]
resize_pblock [get_pblocks {CLKAG_ADC_DCO_N_IBUF_BUFG}] -add {CLOCKREGION_X0Y1:CLOCKREGION_X0Y1}
#endgroup
