Copyright 1986-2022 Xilinx, Inc. All Rights Reserved. Copyright 2022-2023 Advanced Micro Devices, Inc. All Rights Reserved.
---------------------------------------------------------------------------------------------------------------------------------------------
| Tool Version : Vivado v.2023.1 (win64) Build 3865809 Sun May  7 15:05:29 MDT 2023
| Date         : Tue Mar 26 22:25:55 2024
| Host         : Blessing running 64-bit major release  (build 9200)
| Command      : report_control_sets -verbose -file Quadrature_Demodulation_control_sets_placed.rpt
| Design       : Quadrature_Demodulation
| Device       : xc7a200t
---------------------------------------------------------------------------------------------------------------------------------------------

Control Set Information

Table of Contents
-----------------
1. Summary
2. Histogram
3. Flip-Flop Distribution
4. Detailed Control Set Information

1. Summary
----------

+----------------------------------------------------------+-------+
|                          Status                          | Count |
+----------------------------------------------------------+-------+
| Total control sets                                       |   173 |
|    Minimum number of control sets                        |   173 |
|    Addition due to synthesis replication                 |     0 |
|    Addition due to physical synthesis replication        |     0 |
| Unused register locations in slices containing registers |   282 |
+----------------------------------------------------------+-------+
* Control sets can be merged at opt_design using control_set_merge or merge_equivalent_drivers
** Run report_qor_suggestions for automated merging and remapping suggestions


2. Histogram
------------

+--------------------+-------+
|       Fanout       | Count |
+--------------------+-------+
| Total control sets |   173 |
| >= 0 to < 4        |    18 |
| >= 4 to < 6        |     5 |
| >= 6 to < 8        |     8 |
| >= 8 to < 10       |    13 |
| >= 10 to < 12      |     0 |
| >= 12 to < 14      |    26 |
| >= 14 to < 16      |    10 |
| >= 16              |    93 |
+--------------------+-------+
* Control sets can be remapped at either synth_design or opt_design


3. Flip-Flop Distribution
-------------------------

+--------------+-----------------------+------------------------+-----------------+--------------+
| Clock Enable | Synchronous Set/Reset | Asynchronous Set/Reset | Total Registers | Total Slices |
+--------------+-----------------------+------------------------+-----------------+--------------+
| No           | No                    | No                     |            4714 |          926 |
| No           | No                    | Yes                    |             180 |           54 |
| No           | Yes                   | No                     |             122 |           36 |
| Yes          | No                    | No                     |            4797 |         1047 |
| Yes          | No                    | Yes                    |             251 |           67 |
| Yes          | Yes                   | No                     |             374 |          101 |
+--------------+-----------------------+------------------------+-----------------+--------------+


4. Detailed Control Set Information
-----------------------------------

+--------------------------------------------------------------------------------------------+------------------------------------------------------------------------------------------------------------------------------------------------------------------------------------------------------------+------------------------------------------------------------------------------------------------------------------------------------------------------------------------+------------------+----------------+--------------+
|                                        Clock Signal                                        |                                                                                                Enable Signal                                                                                               |                                                                            Set/Reset Signal                                                                            | Slice Load Count | Bel Load Count | Bels / Slice |
+--------------------------------------------------------------------------------------------+------------------------------------------------------------------------------------------------------------------------------------------------------------------------------------------------------------+------------------------------------------------------------------------------------------------------------------------------------------------------------------------+------------------+----------------+--------------+
|  u_Demodulation/u_CIC_FFT_2/U0/i_synth/decimator.decimation_filter/m_axis_data_tvalid_BUFG |                                                                                                                                                                                                            | u_Demodulation/u_GET_Freq_FFT/rst_n                                                                                                                                    |                1 |              1 |         1.00 |
|  u_Demodulation/u_CIC_FFT_1/U0/i_synth/decimator.decimation_filter/m_axis_data_tvalid_BUFG | u_Demodulation/u_FFT_1/u_FFT_NonRealTIME/u_FFT/U0/i_synth/axi_wrapper/config_channel_fifo/gen_non_real_time.data_in_fifo_pt1/wr_enable                                                                     |                                                                                                                                                                        |                1 |              1 |         1.00 |
|  u_Demodulation/u_CIC_FFT_2/U0/i_synth/decimator.decimation_filter/m_axis_data_tvalid_BUFG | u_Demodulation/u_FFT_2/u_FFT_NonRealTIME/u_FFT/U0/i_synth/axi_wrapper/config_channel_fifo/gen_non_real_time.data_in_fifo_pt1/wr_enable                                                                     |                                                                                                                                                                        |                1 |              1 |         1.00 |
|  clk_u0/inst/clk_125M                                                                      | u_Demodulation/u_CIC_FFT_1/U0/i_synth/decimator.decimation_filter/int/gen_stages[3].gen_unfolded.int_comb_stage/gen_nd_out_dly/gen_rtl.gen_dly.gen_pipe.delay_bus_reg[1]_0                                 | u_Demodulation/u_CIC_FFT_1/U0/i_synth/decimator.decimation_filter/int/gen_stages[3].gen_unfolded.int_comb_stage/gen_nd_out_dly/SR[0]                                   |                1 |              1 |         1.00 |
|  clk_u0/inst/clk_125M                                                                      | u_Demodulation/u_CIC_FM/U0/i_synth/decimator.decimation_filter/int/gen_stages[3].gen_unfolded.int_comb_stage/gen_nd_out_dly/gen_rtl.gen_dly.gen_pipe.delay_bus_reg[1]_0                                    | u_Demodulation/u_CIC_FM/U0/i_synth/decimator.decimation_filter/int/gen_stages[3].gen_unfolded.int_comb_stage/gen_nd_out_dly/SR[0]                                      |                1 |              1 |         1.00 |
|  u_Demodulation/u_CIC_FFT_1/U0/i_synth/decimator.decimation_filter/m_axis_data_tvalid_BUFG |                                                                                                                                                                                                            | u_Demodulation/u_GET_Freq_FFT/rst_n                                                                                                                                    |                1 |              1 |         1.00 |
|  clk_u0/inst/clk_125M                                                                      | u_Demodulation/u_CIC_FFT_1/U0/i_synth/decimator.decimation_filter/op_rate_en                                                                                                                               | u_Demodulation/u_CIC_FFT_1/U0/i_synth/decimator.decimation_filter/op_rate_cnt[5]_i_1_n_0                                                                               |                1 |              1 |         1.00 |
|  clk_u0/inst/clk_125M                                                                      | u_Demodulation/u_CIC_AM/U0/i_synth/decimator.decimation_filter/int/gen_stages[3].gen_unfolded.int_comb_stage/gen_nd_out_dly/gen_rtl.gen_dly.gen_pipe.delay_bus_reg[1]_0                                    | u_Demodulation/u_CIC_AM/U0/i_synth/decimator.decimation_filter/int/gen_stages[3].gen_unfolded.int_comb_stage/gen_nd_out_dly/SR[0]                                      |                1 |              1 |         1.00 |
|  clk_u0/inst/clk_125M                                                                      | u_Demodulation/u_CIC_FM/U0/i_synth/decimator.decimation_filter/op_rate_en                                                                                                                                  | u_Demodulation/u_CIC_FM/U0/i_synth/decimator.decimation_filter/op_rate_cnt[6]_i_1_n_0                                                                                  |                1 |              2 |         2.00 |
|  ADC_DCO_N_IBUF_BUFG                                                                       |                                                                                                                                                                                                            | u_Demodulation/u_HS_AD9481_IN/fifo_16to8_inst/U0/inst_fifo_gen/gconvfifo.rf/grf.rf/rstblk/grstd1.grst_full.rst_d2                                                      |                1 |              2 |         2.00 |
|  ADC_DCO_N_IBUF_BUFG                                                                       |                                                                                                                                                                                                            | u_Demodulation/u_GET_Freq_FFT/rst_n                                                                                                                                    |                1 |              2 |         2.00 |
|  clk_u0/inst/clk_125M                                                                      | u_Demodulation/u_CIC_FFT_2/U0/i_synth/decimator.decimation_filter/int/gen_stages[3].gen_unfolded.int_comb_stage/gen_nd_out_dly/gen_rtl.gen_dly.gen_pipe.delay_bus_reg[4]_0                                 | u_Demodulation/u_CIC_FFT_2/U0/i_synth/decimator.decimation_filter/int/gen_stages[3].gen_unfolded.int_comb_stage/gen_nd_out_dly/SR[0]                                   |                1 |              2 |         2.00 |
|  clk_u0/inst/clk_125M                                                                      | u_Demodulation/u_CIC_FFT_2/U0/i_synth/decimator.decimation_filter/op_rate_en                                                                                                                               | u_Demodulation/u_CIC_FFT_2/U0/i_synth/decimator.decimation_filter/op_rate_cnt[10]_i_1_n_0                                                                              |                1 |              2 |         2.00 |
|  u_Demodulation/u_CIC_FFT_1/U0/i_synth/decimator.decimation_filter/m_axis_data_tvalid_BUFG |                                                                                                                                                                                                            | u_Demodulation/u_fifo_generator_fft/U0/inst_fifo_gen/gconvfifo.rf/grf.rf/rstblk/ngwrdrst.grst.g7serrst.gsckt_wrst.gic_rst.sckt_rd_rst_ic_reg_0                         |                1 |              2 |         2.00 |
|  clk_u0/inst/clk_125M                                                                      | u_Demodulation/u_CIC_AM/U0/i_synth/decimator.decimation_filter/op_rate_en                                                                                                                                  | u_Demodulation/u_CIC_AM/U0/i_synth/decimator.decimation_filter/op_rate_cnt[6]_i_1_n_0                                                                                  |                1 |              2 |         2.00 |
|  clk_u0/inst/clk_125M                                                                      |                                                                                                                                                                                                            | u_Demodulation/u_HS_AD9481_IN/fifo_16to8_inst/U0/inst_fifo_gen/gconvfifo.rf/grf.rf/rstblk/ngwrdrst.grst.g7serrst.gnsckt_wrst.gic_rst.sckt_rd_rst_ic_reg_0[0]           |                1 |              2 |         2.00 |
|  u_Demodulation/u_CIC_FFT_1/U0/i_synth/decimator.decimation_filter/m_axis_data_tvalid_BUFG |                                                                                                                                                                                                            | u_Demodulation/u_fifo_generator_fft/U0/inst_fifo_gen/gconvfifo.rf/grf.rf/rstblk/ngwrdrst.grst.g7serrst.gsckt_wrst.gic_rst.sckt_wr_rst_ic_reg_0                         |                1 |              3 |         3.00 |
|  clk_u0/inst/clk_125M                                                                      |                                                                                                                                                                                                            | u_Demodulation/u_HS_AD9481_IN/fifo_16to8_inst/U0/inst_fifo_gen/gconvfifo.rf/grf.rf/rstblk/ngwrdrst.grst.g7serrst.gnsckt_wrst.gic_rst.rst_rd_reg2_inst/arststages_ff[1] |                1 |              3 |         3.00 |
|  clk_u0/inst/clk_125M                                                                      | u_UART/uart_tx_inst/E[0]                                                                                                                                                                                   | u_Demodulation/u_GET_Freq_FFT/rst_n                                                                                                                                    |                1 |              4 |         4.00 |
|  clk_u0/inst/clk_125M                                                                      | u_Demodulation/u_CIC_FM/U0/i_synth/decimator.decimation_filter/op_rate_en                                                                                                                                  |                                                                                                                                                                        |                1 |              5 |         5.00 |
|  clk_u0/inst/clk_125M                                                                      | u_Demodulation/u_CIC_AM/U0/i_synth/decimator.decimation_filter/op_rate_en                                                                                                                                  |                                                                                                                                                                        |                1 |              5 |         5.00 |
|  u_Demodulation/u_CIC_FFT_1/U0/i_synth/decimator.decimation_filter/m_axis_data_tvalid_BUFG | u_Demodulation/u_FFT_1/u_FFT_NonRealTIME/u_FFT/U0/i_synth/xfft_inst/non_floating_point.arch_c.xfft_inst/control/cntrl/pe_cnt/process_state_s_reg                                                           | u_Demodulation/u_FFT_1/u_FFT_NonRealTIME/u_FFT/U0/i_synth/xfft_inst/non_floating_point.arch_c.xfft_inst/control/cntrl/process_state_s                                  |                2 |              5 |         2.50 |
|  u_Demodulation/u_CIC_FFT_2/U0/i_synth/decimator.decimation_filter/m_axis_data_tvalid_BUFG | u_Demodulation/u_FFT_2/u_FFT_NonRealTIME/u_FFT/U0/i_synth/xfft_inst/non_floating_point.arch_c.xfft_inst/control/cntrl/pe_cnt/process_state_s_reg                                                           | u_Demodulation/u_FFT_2/u_FFT_NonRealTIME/u_FFT/U0/i_synth/xfft_inst/non_floating_point.arch_c.xfft_inst/control/cntrl/process_state_s                                  |                2 |              5 |         2.50 |
|  clk_u0/inst/clk_125M                                                                      | u_Demodulation/u_CIC_FM/U0/i_synth/decimator.decimation_filter/int/gen_stages[3].gen_unfolded.int_comb_stage/gen_nd_out_dly/gen_rtl.gen_dly.gen_pipe.delay_bus_reg[1]_0                                    |                                                                                                                                                                        |                2 |              6 |         3.00 |
|  clk_u0/inst/clk_125M                                                                      | u_Demodulation/u_CIC_AM/U0/i_synth/decimator.decimation_filter/int/gen_stages[3].gen_unfolded.int_comb_stage/gen_nd_out_dly/gen_rtl.gen_dly.gen_pipe.delay_bus_reg[1]_0                                    |                                                                                                                                                                        |                2 |              6 |         3.00 |
|  u_Demodulation/u_CIC_FFT_1/U0/i_synth/decimator.decimation_filter/m_axis_data_tvalid_BUFG | u_Demodulation/u_FFT_1/u_FFT_NonRealTIME/u_FFT/U0/i_synth/axi_wrapper/ce_w2c                                                                                                                               | u_Demodulation/u_FFT_1/u_FFT_NonRealTIME/u_FFT/U0/i_synth/axi_wrapper/sclr_w2c                                                                                         |                4 |              6 |         1.50 |
|  u_Demodulation/u_CIC_FFT_2/U0/i_synth/decimator.decimation_filter/m_axis_data_tvalid_BUFG | u_Demodulation/u_FFT_2/u_FFT_NonRealTIME/u_FFT/U0/i_synth/axi_wrapper/ce_w2c                                                                                                                               | u_Demodulation/u_FFT_2/u_FFT_NonRealTIME/u_FFT/U0/i_synth/axi_wrapper/sclr_w2c                                                                                         |                3 |              6 |         2.00 |
|  u_Demodulation/u_CIC_FFT_1/U0/i_synth/decimator.decimation_filter/m_axis_data_tvalid_BUFG | u_Demodulation/u_FFT_1/u_FFT_NonRealTIME/u_FFT/U0/i_synth/xfft_inst/non_floating_point.arch_c.xfft_inst/control/cntrl/processing_state/ce_pedelay                                                          | u_Demodulation/u_FFT_1/u_FFT_NonRealTIME/u_FFT/U0/i_synth/axi_wrapper/sclr_w2c                                                                                         |                3 |              7 |         2.33 |
|  clk_u0/inst/clk_125M                                                                      | u_Demodulation/u_CIC_FFT_1/U0/i_synth/decimator.decimation_filter/op_rate_en                                                                                                                               |                                                                                                                                                                        |                2 |              7 |         3.50 |
|  clk_u0/inst/clk_125M                                                                      | u_Demodulation/u_CIC_FFT_1/U0/i_synth/decimator.decimation_filter/int/gen_stages[3].gen_unfolded.int_comb_stage/gen_nd_out_dly/gen_rtl.gen_dly.gen_pipe.delay_bus_reg[1]_0                                 |                                                                                                                                                                        |                2 |              7 |         3.50 |
|  u_Demodulation/u_CIC_FFT_2/U0/i_synth/decimator.decimation_filter/m_axis_data_tvalid_BUFG | u_Demodulation/u_FFT_2/u_FFT_NonRealTIME/u_FFT/U0/i_synth/xfft_inst/non_floating_point.arch_c.xfft_inst/control/cntrl/processing_state/ce_pedelay                                                          | u_Demodulation/u_FFT_2/u_FFT_NonRealTIME/u_FFT/U0/i_synth/axi_wrapper/sclr_w2c                                                                                         |                3 |              7 |         2.33 |
|  clk_u0/inst/clk_125M                                                                      | u_Demodulation/u_SCAN_CONTROL/freq_cnt[7]_i_1_n_0                                                                                                                                                          | u_Demodulation/u_GET_Freq_FFT/rst_n                                                                                                                                    |                3 |              8 |         2.67 |
|  clk_u0/inst/clk_125M                                                                      | u_Demodulation/u_SCAN_CONTROL/add_sub_cnt[7]_i_1_n_0                                                                                                                                                       | u_Demodulation/u_GET_Freq_FFT/rst_n                                                                                                                                    |                2 |              8 |         4.00 |
|  clk_u0/inst/clk_125M                                                                      | u_Demodulation/u_CIC_FFT_2/U0/i_synth/decimator.decimation_filter/comb/gen_stages[0].gen_folded.int_comb_stage/gen_split_accum[1].gen_comb_mem_src.gen_en_dly/gen_split_accum[1].gen_sum_struct.mem_reg_ce |                                                                                                                                                                        |                1 |              8 |         8.00 |
|  clk_u0/inst/clk_125M                                                                      | u_Demodulation/u_FFT_1/E[0]                                                                                                                                                                                | u_Demodulation/u_GET_Freq_FFT/rst_n                                                                                                                                    |                2 |              8 |         4.00 |
|  clk_u0/inst/clk_125M                                                                      | u_UART/tx_data                                                                                                                                                                                             | u_Demodulation/u_GET_Freq_FFT/rst_n                                                                                                                                    |                4 |              8 |         2.00 |
|  clk_u0/inst/clk_125M                                                                      | u_Demodulation/u_mode_control/over_cnt                                                                                                                                                                     | u_Demodulation/u_GET_Freq_FFT/rst_n                                                                                                                                    |                2 |              8 |         4.00 |
|  ADC_DCO_P_IBUF_BUFG                                                                       |                                                                                                                                                                                                            |                                                                                                                                                                        |                4 |              8 |         2.00 |
|  clk_u0/inst/clk_125M                                                                      | u_UART/uart_tx_inst/tx_data_latch0                                                                                                                                                                         | u_Demodulation/u_GET_Freq_FFT/rst_n                                                                                                                                    |                2 |              8 |         4.00 |
|  ADC_DCO_N_IBUF_BUFG                                                                       |                                                                                                                                                                                                            | u_Demodulation/u_HS_AD9481_IN/fifo_16to8_inst/U0/inst_fifo_gen/gconvfifo.rf/grf.rf/rstblk/ngwrdrst.grst.g7serrst.gnsckt_wrst.rst_wr_reg2_inst/arststages_ff[1]         |                3 |              9 |         3.00 |
|  clk_u0/inst/clk_125M                                                                      | u_Demodulation/u_CIC_FFT_2/U0/i_synth/decimator.decimation_filter/op_rate_en                                                                                                                               |                                                                                                                                                                        |                3 |              9 |         3.00 |
|  clk_u0/inst/clk_125M                                                                      | u_Demodulation/u_CIC_FFT_2/U0/i_synth/decimator.decimation_filter/int/gen_stages[3].gen_unfolded.int_comb_stage/gen_nd_out_dly/gen_rtl.gen_dly.gen_pipe.delay_bus_reg[4]_0                                 |                                                                                                                                                                        |                2 |              9 |         4.50 |
|  u_Demodulation/u_CIC_FFT_1/U0/i_synth/decimator.decimation_filter/m_axis_data_tvalid_BUFG | u_Demodulation/u_FFT_1/u_FFT_NonRealTIME/u_FFT/U0/i_synth/axi_wrapper/ce_w2c                                                                                                                               | u_Demodulation/u_FFT_1/u_FFT_NonRealTIME/u_FFT/U0/i_synth/axi_wrapper/reset_pipe[1]                                                                                    |                5 |              9 |         1.80 |
|  u_Demodulation/u_CIC_FFT_2/U0/i_synth/decimator.decimation_filter/m_axis_data_tvalid_BUFG | u_Demodulation/u_FFT_2/u_FFT_NonRealTIME/u_FFT/U0/i_synth/axi_wrapper/ce_w2c                                                                                                                               | u_Demodulation/u_FFT_2/u_FFT_NonRealTIME/u_FFT/U0/i_synth/axi_wrapper/reset_pipe[1]                                                                                    |                3 |              9 |         3.00 |
|  ADC_DCO_N_IBUF_BUFG                                                                       | u_Demodulation/u_HS_AD9481_IN/fifo_16to8_inst/U0/inst_fifo_gen/gconvfifo.rf/grf.rf/gntv_or_sync_fifo.gl0.wr/wpntr/gic0.gc0.count_d2_reg[9]_0                                                               |                                                                                                                                                                        |                3 |             12 |         4.00 |
|  ADC_DCO_N_IBUF_BUFG                                                                       | u_Demodulation/u_HS_AD9481_IN/fifo_16to8_inst/U0/inst_fifo_gen/gconvfifo.rf/grf.rf/gntv_or_sync_fifo.gl0.wr/wpntr/gic0.gc0.count_d2_reg[7]_1                                                               |                                                                                                                                                                        |                3 |             12 |         4.00 |
|  ADC_DCO_N_IBUF_BUFG                                                                       | u_Demodulation/u_HS_AD9481_IN/fifo_16to8_inst/U0/inst_fifo_gen/gconvfifo.rf/grf.rf/gntv_or_sync_fifo.gl0.wr/wpntr/gic0.gc0.count_d2_reg[8]_1                                                               |                                                                                                                                                                        |                3 |             12 |         4.00 |
|  ADC_DCO_N_IBUF_BUFG                                                                       | u_Demodulation/u_HS_AD9481_IN/fifo_16to8_inst/U0/inst_fifo_gen/gconvfifo.rf/grf.rf/gntv_or_sync_fifo.gl0.wr/wpntr/gic0.gc0.count_d2_reg[7]_0                                                               |                                                                                                                                                                        |                3 |             12 |         4.00 |
|  ADC_DCO_N_IBUF_BUFG                                                                       | u_Demodulation/u_HS_AD9481_IN/fifo_16to8_inst/U0/inst_fifo_gen/gconvfifo.rf/grf.rf/gntv_or_sync_fifo.gl0.wr/wpntr/gic0.gc0.count_d2_reg[8]_2                                                               |                                                                                                                                                                        |                3 |             12 |         4.00 |
|  ADC_DCO_N_IBUF_BUFG                                                                       | u_Demodulation/u_HS_AD9481_IN/fifo_16to8_inst/U0/inst_fifo_gen/gconvfifo.rf/grf.rf/gntv_or_sync_fifo.gl0.wr/wpntr/ram_full_fb_i_reg_3                                                                      |                                                                                                                                                                        |                3 |             12 |         4.00 |
|  clk_u0/inst/clk_125M                                                                      | u_Demodulation/u_FFT_1/rd_en                                                                                                                                                                               | u_Demodulation/u_GET_Freq_FFT/rst_n                                                                                                                                    |                3 |             12 |         4.00 |
|  clk_u0/inst/clk_125M                                                                      | u_Demodulation/u_FFT_2/rd_en_reg_n_0                                                                                                                                                                       | u_Demodulation/u_GET_Freq_FFT/rst_n                                                                                                                                    |                3 |             12 |         4.00 |
|  ADC_DCO_N_IBUF_BUFG                                                                       | u_Demodulation/u_HS_AD9481_IN/fifo_16to8_inst/U0/inst_fifo_gen/gconvfifo.rf/grf.rf/gntv_or_sync_fifo.gl0.wr/wpntr/ram_full_fb_i_reg_4                                                                      |                                                                                                                                                                        |                3 |             12 |         4.00 |
|  u_Demodulation/u_CIC_FFT_1/U0/i_synth/decimator.decimation_filter/m_axis_data_tvalid_BUFG | u_Demodulation/u_FFT_1/u_FFT_NonRealTIME/u_FFT/U0/i_synth/axi_wrapper/ce_w2c                                                                                                                               | u_Demodulation/u_FFT_1/u_FFT_NonRealTIME/u_FFT/U0/i_synth/axi_wrapper/SCLR                                                                                             |                3 |             12 |         4.00 |
|  u_Demodulation/u_CIC_FFT_1/U0/i_synth/decimator.decimation_filter/m_axis_data_tvalid_BUFG | u_Demodulation/u_FFT_1/u_FFT_NonRealTIME/u_FFT/U0/i_synth/axi_wrapper/ce_w2c                                                                                                                               | u_Demodulation/u_FFT_1/u_FFT_NonRealTIME/u_FFT/U0/i_synth/axi_wrapper/gen_ce_non_real_time.ce_predicted_reg_1                                                          |                2 |             12 |         6.00 |
|  ADC_DCO_N_IBUF_BUFG                                                                       | u_Demodulation/u_HS_AD9481_IN/fifo_16to8_inst/U0/inst_fifo_gen/gconvfifo.rf/grf.rf/gntv_or_sync_fifo.gl0.wr/wpntr/gic0.gc0.count_d2_reg[9]_3                                                               |                                                                                                                                                                        |                3 |             12 |         4.00 |
|  ADC_DCO_N_IBUF_BUFG                                                                       | u_Demodulation/u_HS_AD9481_IN/fifo_16to8_inst/U0/inst_fifo_gen/gconvfifo.rf/grf.rf/gntv_or_sync_fifo.gl0.wr/wpntr/ram_full_fb_i_reg_0                                                                      |                                                                                                                                                                        |                3 |             12 |         4.00 |
|  u_Demodulation/u_CIC_FFT_1/U0/i_synth/decimator.decimation_filter/m_axis_data_tvalid_BUFG | u_Demodulation/u_FFT_1/u_FFT_NonRealTIME/u_FFT/U0/i_synth/axi_wrapper/symbols_out_remaining[11]_i_1_n_0                                                                                                    | u_Demodulation/u_FFT_1/u_FFT_NonRealTIME/u_FFT/U0/i_synth/axi_wrapper/reset_pipe[1]                                                                                    |                2 |             12 |         6.00 |
|  ADC_DCO_N_IBUF_BUFG                                                                       | u_Demodulation/u_HS_AD9481_IN/fifo_16to8_inst/U0/inst_fifo_gen/gconvfifo.rf/grf.rf/gntv_or_sync_fifo.gl0.wr/wpntr/gic0.gc0.count_d2_reg[6]_0                                                               |                                                                                                                                                                        |                3 |             12 |         4.00 |
|  u_Demodulation/u_CIC_FFT_1/U0/i_synth/decimator.decimation_filter/m_axis_data_tvalid_BUFG | u_Demodulation/u_FFT_1/u_FFT_NonRealTIME/u_FFT/U0/i_synth/xfft_inst/non_floating_point.arch_c.xfft_inst/control/cntrl/processing_state/gen_ce_non_real_time.ce_predicted_reg                               | u_Demodulation/u_FFT_1/u_FFT_NonRealTIME/u_FFT/U0/i_synth/xfft_inst/non_floating_point.arch_c.xfft_inst/control/cntrl/loading_state/sclr_or_nfft_we_or_loading         |                4 |             12 |         3.00 |
|  ADC_DCO_N_IBUF_BUFG                                                                       | u_Demodulation/u_HS_AD9481_IN/fifo_16to8_inst/U0/inst_fifo_gen/gconvfifo.rf/grf.rf/gntv_or_sync_fifo.gl0.wr/wpntr/gic0.gc0.count_d2_reg[9]_1                                                               |                                                                                                                                                                        |                3 |             12 |         4.00 |
|  ADC_DCO_N_IBUF_BUFG                                                                       | u_Demodulation/u_HS_AD9481_IN/fifo_16to8_inst/U0/inst_fifo_gen/gconvfifo.rf/grf.rf/gntv_or_sync_fifo.gl0.wr/wpntr/gic0.gc0.count_d2_reg[9]_2                                                               |                                                                                                                                                                        |                3 |             12 |         4.00 |
|  u_Demodulation/u_CIC_FFT_2/U0/i_synth/decimator.decimation_filter/m_axis_data_tvalid_BUFG | u_Demodulation/u_FFT_2/u_FFT_NonRealTIME/u_FFT/U0/i_synth/xfft_inst/non_floating_point.arch_c.xfft_inst/control/cntrl/processing_state/gen_ce_non_real_time.ce_predicted_reg                               | u_Demodulation/u_FFT_2/u_FFT_NonRealTIME/u_FFT/U0/i_synth/xfft_inst/non_floating_point.arch_c.xfft_inst/control/cntrl/loading_state/sclr_or_nfft_we_or_loading         |                4 |             12 |         3.00 |
|  ADC_DCO_N_IBUF_BUFG                                                                       | u_Demodulation/u_HS_AD9481_IN/fifo_16to8_inst/U0/inst_fifo_gen/gconvfifo.rf/grf.rf/gntv_or_sync_fifo.gl0.wr/wpntr/ram_full_fb_i_reg_1                                                                      |                                                                                                                                                                        |                3 |             12 |         4.00 |
|  u_Demodulation/u_CIC_FFT_2/U0/i_synth/decimator.decimation_filter/m_axis_data_tvalid_BUFG | u_Demodulation/u_FFT_2/u_FFT_NonRealTIME/u_FFT/U0/i_synth/axi_wrapper/ce_w2c                                                                                                                               | u_Demodulation/u_FFT_2/u_FFT_NonRealTIME/u_FFT/U0/i_synth/axi_wrapper/SCLR                                                                                             |                3 |             12 |         4.00 |
|  ADC_DCO_N_IBUF_BUFG                                                                       | u_Demodulation/u_HS_AD9481_IN/fifo_16to8_inst/U0/inst_fifo_gen/gconvfifo.rf/grf.rf/gntv_or_sync_fifo.gl0.wr/wpntr/ram_full_fb_i_reg                                                                        |                                                                                                                                                                        |                3 |             12 |         4.00 |
|  u_Demodulation/u_CIC_FFT_2/U0/i_synth/decimator.decimation_filter/m_axis_data_tvalid_BUFG | u_Demodulation/u_FFT_2/u_FFT_NonRealTIME/u_FFT/U0/i_synth/axi_wrapper/ce_w2c                                                                                                                               | u_Demodulation/u_FFT_2/u_FFT_NonRealTIME/u_FFT/U0/i_synth/axi_wrapper/gen_ce_non_real_time.ce_predicted_reg_1                                                          |                2 |             12 |         6.00 |
|  ADC_DCO_N_IBUF_BUFG                                                                       | u_Demodulation/u_HS_AD9481_IN/fifo_16to8_inst/U0/inst_fifo_gen/gconvfifo.rf/grf.rf/gntv_or_sync_fifo.gl0.wr/wpntr/ram_full_fb_i_reg_2                                                                      |                                                                                                                                                                        |                3 |             12 |         4.00 |
|  u_Demodulation/u_CIC_FFT_2/U0/i_synth/decimator.decimation_filter/m_axis_data_tvalid_BUFG | u_Demodulation/u_FFT_2/u_FFT_NonRealTIME/u_FFT/U0/i_synth/axi_wrapper/symbols_out_remaining[11]_i_1_n_0                                                                                                    | u_Demodulation/u_FFT_2/u_FFT_NonRealTIME/u_FFT/U0/i_synth/axi_wrapper/reset_pipe[1]                                                                                    |                2 |             12 |         6.00 |
|  ADC_DCO_N_IBUF_BUFG                                                                       | u_Demodulation/u_HS_AD9481_IN/fifo_16to8_inst/U0/inst_fifo_gen/gconvfifo.rf/grf.rf/gntv_or_sync_fifo.gl0.wr/wpntr/gic0.gc0.count_d2_reg[8]_0                                                               |                                                                                                                                                                        |                3 |             12 |         4.00 |
|  clk_u0/inst/clk_125M                                                                      | u_Demodulation/u_CIC_FFT_2/U0/i_synth/decimator.decimation_filter/s_axis_data_tready                                                                                                                       |                                                                                                                                                                        |                2 |             14 |         7.00 |
|  clk_u0/inst/clk_125M                                                                      | u_Demodulation/u_GET_Max_Min_Med/data_max_reg[13]_i_1_n_0                                                                                                                                                  | u_Demodulation/u_GET_Freq_FFT/rst_n                                                                                                                                    |                3 |             14 |         4.67 |
|  u_Demodulation/u_CIC_FFT_1/U0/i_synth/decimator.decimation_filter/m_axis_data_tvalid_BUFG | u_Demodulation/u_FFT_1/u_FFT_NonRealTIME/u_FFT/U0/i_synth/xfft_inst/non_floating_point.arch_c.xfft_inst/control/cntrl/has_unloading.unloading_state/xk_index_counter_ce                                    | u_Demodulation/u_FFT_1/u_FFT_NonRealTIME/u_FFT/U0/i_synth/axi_wrapper/sclr_w2c                                                                                         |                4 |             14 |         3.50 |
|  u_Demodulation/u_CIC_FFT_2/U0/i_synth/decimator.decimation_filter/m_axis_data_tvalid_BUFG | u_Demodulation/u_FFT_2/u_FFT_NonRealTIME/u_FFT/U0/i_synth/xfft_inst/non_floating_point.arch_c.xfft_inst/control/cntrl/loading_state/xn_index_counter_ce                                                    | u_Demodulation/u_FFT_2/u_FFT_NonRealTIME/u_FFT/U0/i_synth/axi_wrapper/sclr_w2c                                                                                         |                5 |             14 |         2.80 |
|  clk_u0/inst/clk_125M                                                                      | u_Demodulation/u_CIC_AM/U0/i_synth/decimator.decimation_filter/comb/gen_stages[0].gen_folded.int_comb_stage/gen_nd_out_dly/comb_nd_out                                                                     |                                                                                                                                                                        |                2 |             14 |         7.00 |
|  clk_u0/inst/clk_125M                                                                      | u_Demodulation/u_CIC_FM/U0/i_synth/decimator.decimation_filter/comb/gen_stages[0].gen_folded.int_comb_stage/gen_nd_out_dly/comb_nd_out                                                                     |                                                                                                                                                                        |                3 |             14 |         4.67 |
|  clk_u0/inst/clk_125M                                                                      | u_Demodulation/u_SCAN_CONTROL/freq_sub_reg_0                                                                                                                                                               | u_Demodulation/u_GET_Freq_FFT/rst_n                                                                                                                                    |                4 |             14 |         3.50 |
|  u_Demodulation/u_CIC_FFT_2/U0/i_synth/decimator.decimation_filter/m_axis_data_tvalid_BUFG | u_Demodulation/u_FFT_2/u_FFT_NonRealTIME/u_FFT/U0/i_synth/xfft_inst/non_floating_point.arch_c.xfft_inst/control/cntrl/has_unloading.unloading_state/xk_index_counter_ce                                    | u_Demodulation/u_FFT_2/u_FFT_NonRealTIME/u_FFT/U0/i_synth/axi_wrapper/sclr_w2c                                                                                         |                4 |             14 |         3.50 |
|  u_Demodulation/u_CIC_FFT_1/U0/i_synth/decimator.decimation_filter/m_axis_data_tvalid_BUFG | u_Demodulation/u_FFT_1/u_FFT_NonRealTIME/u_FFT/U0/i_synth/xfft_inst/non_floating_point.arch_c.xfft_inst/control/cntrl/loading_state/xn_index_counter_ce                                                    | u_Demodulation/u_FFT_1/u_FFT_NonRealTIME/u_FFT/U0/i_synth/axi_wrapper/sclr_w2c                                                                                         |                4 |             14 |         3.50 |
|  clk_u0/inst/clk_125M                                                                      | u_Demodulation/u_DDS_FREQ_CONFIG/s_axis_config_tvalid                                                                                                                                                      |                                                                                                                                                                        |                5 |             15 |         3.00 |
|  u_Demodulation/u_CIC_FFT_1/U0/i_synth/decimator.decimation_filter/m_axis_data_tvalid_BUFG | u_Demodulation/u_FFT_1/u_FFT_NonRealTIME/u_FFT/U0/i_synth/axi_wrapper/data_in_channel_fifo/gen_non_real_time.data_in_fifo_pt1/wr_enable                                                                    |                                                                                                                                                                        |                2 |             16 |         8.00 |
|  u_Demodulation/u_CIC_FFT_1/U0/i_synth/decimator.decimation_filter/m_axis_data_tvalid_BUFG | u_Demodulation/u_FFT_1/u_FFT_NonRealTIME/u_FFT/U0/i_synth/axi_wrapper/data_in_channel_fifo/gen_non_real_time.data_in_fifo_pt1/gen_non_real_time.gen_has_skid_buffer.data_out_reg_full_1_reg[0]             | u_Demodulation/u_FFT_1/u_FFT_NonRealTIME/u_FFT/U0/i_synth/axi_wrapper/reset_pipe[1]                                                                                    |                2 |             16 |         8.00 |
|  u_Demodulation/u_CIC_FFT_1/U0/i_synth/decimator.decimation_filter/m_axis_data_tvalid_BUFG | u_Demodulation/u_FFT_1/u_FFT_NonRealTIME/u_FFT/U0/i_synth/axi_wrapper/data_in_channel_fifo/gen_non_real_time.data_in_fifo_pt1/gen_non_real_time.gen_has_skid_buffer.data_out_reg_full_1_reg_0[0]           | u_Demodulation/u_FFT_1/u_FFT_NonRealTIME/u_FFT/U0/i_synth/axi_wrapper/reset_pipe[1]                                                                                    |                2 |             16 |         8.00 |
|  clk_u0/inst/clk_125M                                                                      | u_Demodulation/u_CIC_FFT_2/U0/i_synth/decimator.decimation_filter/comb/gen_stages[0].gen_folded.int_comb_stage/gen_nd_out_dly/comb_nd_out                                                                  |                                                                                                                                                                        |                2 |             16 |         8.00 |
|  clk_u0/inst/clk_125M                                                                      | u_Demodulation/u_CIC_FFT_2/U0/i_synth/decimator.decimation_filter/comb/gen_stages[0].gen_folded.int_comb_stage/gen_split_accum[1].gen_comb_mem_src.gen_en_dly/en_dly_1                                     |                                                                                                                                                                        |                2 |             16 |         8.00 |
|  clk_u0/inst/clk_125M                                                                      | u_Demodulation/LPF_U1_fm/U0/i_synth/g_single_rate.i_single_rate/g_s_data_chan_fifo.i_s_data_chan_fifo/wr_enable                                                                                            |                                                                                                                                                                        |                2 |             16 |         8.00 |
|  clk_u0/inst/clk_125M                                                                      | u_Demodulation/u_LPF_I/U0/i_synth/g_single_rate.i_single_rate/g_s_data_chan_fifo.i_s_data_chan_fifo/wr_enable                                                                                              |                                                                                                                                                                        |                2 |             16 |         8.00 |
|  clk_u0/inst/clk_125M                                                                      | u_Demodulation/u_LPF_Q/U0/i_synth/g_single_rate.i_single_rate/g_s_data_chan_fifo.i_s_data_chan_fifo/wr_enable                                                                                              |                                                                                                                                                                        |                2 |             16 |         8.00 |
|  u_Demodulation/u_CIC_FFT_2/U0/i_synth/decimator.decimation_filter/m_axis_data_tvalid_BUFG | u_Demodulation/u_FFT_2/u_FFT_NonRealTIME/FFT_data_in[15]_i_1__0_n_0                                                                                                                                        | u_Demodulation/u_GET_Freq_FFT/rst_n                                                                                                                                    |                3 |             16 |         5.33 |
|  u_Demodulation/u_CIC_FFT_2/U0/i_synth/decimator.decimation_filter/m_axis_data_tvalid_BUFG | u_Demodulation/u_FFT_2/u_FFT_NonRealTIME/u_FFT/U0/i_synth/axi_wrapper/data_in_channel_fifo/gen_non_real_time.data_in_fifo_pt1/wr_enable                                                                    |                                                                                                                                                                        |                2 |             16 |         8.00 |
|  u_Demodulation/u_CIC_FFT_1/U0/i_synth/decimator.decimation_filter/m_axis_data_tvalid_BUFG | u_Demodulation/u_FFT_1/u_FFT_NonRealTIME/FFT_data_in[15]_i_1_n_0                                                                                                                                           | u_Demodulation/u_GET_Freq_FFT/rst_n                                                                                                                                    |                4 |             16 |         4.00 |
|  clk_u0/inst/clk_125M                                                                      | u_Demodulation/u_CIC_FFT_1/U0/i_synth/decimator.decimation_filter/comb/gen_stages[0].gen_folded.int_comb_stage/gen_nd_out_dly/comb_nd_out                                                                  |                                                                                                                                                                        |                5 |             16 |         3.20 |
|  clk_u0/inst/clk_125M                                                                      | u_Demodulation/u_CIC_FFT_1/U0/i_synth/decimator.decimation_filter/s_axis_data_tready                                                                                                                       |                                                                                                                                                                        |                6 |             16 |         2.67 |
|  clk_u0/inst/clk_125M                                                                      | u_Demodulation/u_LPF_I/U0/i_synth/g_single_rate.i_single_rate/g_parallel.i_latch_op/gen_dly.gen_shiftreg.gen_rtl_delay.delay_bus_reg[19]                                                                   |                                                                                                                                                                        |                6 |             16 |         2.67 |
|  u_Demodulation/u_CIC_FFT_2/U0/i_synth/decimator.decimation_filter/m_axis_data_tvalid_BUFG | u_Demodulation/u_FFT_2/u_FFT_NonRealTIME/u_FFT/U0/i_synth/axi_wrapper/data_in_channel_fifo/gen_non_real_time.data_in_fifo_pt1/gen_non_real_time.gen_has_skid_buffer.data_out_reg_full_1_reg_0[0]           | u_Demodulation/u_FFT_2/u_FFT_NonRealTIME/u_FFT/U0/i_synth/axi_wrapper/reset_pipe[1]                                                                                    |                2 |             16 |         8.00 |
|  u_Demodulation/u_CIC_FFT_2/U0/i_synth/decimator.decimation_filter/m_axis_data_tvalid_BUFG | u_Demodulation/u_FFT_2/u_FFT_NonRealTIME/u_FFT/U0/i_synth/axi_wrapper/data_in_channel_fifo/gen_non_real_time.data_in_fifo_pt1/gen_non_real_time.gen_has_skid_buffer.data_out_reg_full_1_reg[0]             | u_Demodulation/u_FFT_2/u_FFT_NonRealTIME/u_FFT/U0/i_synth/axi_wrapper/reset_pipe[1]                                                                                    |                2 |             16 |         8.00 |
|  clk_u0/inst/clk_125M                                                                      | u_Demodulation/u_LPF_Q/U0/i_synth/g_single_rate.i_single_rate/g_parallel.i_latch_op/gen_dly.gen_shiftreg.gen_rtl_delay.delay_bus_reg[19]                                                                   |                                                                                                                                                                        |               12 |             16 |         1.33 |
|  u_Demodulation/u_CIC_FFT_1/U0/i_synth/decimator.decimation_filter/m_axis_data_tvalid_BUFG | u_Demodulation/u_fifo_generator_fft/U0/inst_fifo_gen/gconvfifo.rf/grf.rf/gntv_or_sync_fifo.gl0.rd/gras.rsts/ram_rd_en                                                                                      | u_Demodulation/u_fifo_generator_fft/U0/inst_fifo_gen/gconvfifo.rf/grf.rf/rstblk/ngwrdrst.grst.g7serrst.gsckt_wrst.gic_rst.sckt_rd_rst_ic_reg_0                         |                4 |             24 |         6.00 |
|  clk_u0/inst/clk_125M                                                                      | u_Demodulation/u_HS_AD9481_IN/fifo_16to8_inst/U0/inst_fifo_gen/gconvfifo.rf/grf.rf/gntv_or_sync_fifo.gl0.rd/gras.rsts/E[0]                                                                                 | u_Demodulation/u_HS_AD9481_IN/fifo_16to8_inst/U0/inst_fifo_gen/gconvfifo.rf/grf.rf/rstblk/ngwrdrst.grst.g7serrst.gnsckt_wrst.gic_rst.sckt_rd_rst_ic_reg_0[0]           |               13 |             28 |         2.15 |
|  clk_u0/inst/clk_125M                                                                      | u_Demodulation/u_FFT_2/E[0]                                                                                                                                                                                | u_Demodulation/u_GET_Freq_FFT/rst_n                                                                                                                                    |                8 |             28 |         3.50 |
|  u_Demodulation/u_CIC_FFT_1/U0/i_synth/decimator.decimation_filter/m_axis_data_tvalid_BUFG |                                                                                                                                                                                                            | u_Demodulation/u_FFT_1/u_FFT_NonRealTIME/u_FFT/U0/i_synth/axi_wrapper/reset_pipe[1]                                                                                    |               11 |             29 |         2.64 |
|  clk_u0/inst/clk_125M                                                                      | u_Demodulation/u_GET_Freq_FFT/max_freq_value[15]_i_1_n_0                                                                                                                                                   | u_Demodulation/u_GET_Freq_FFT/rst_n                                                                                                                                    |                5 |             29 |         5.80 |
|  u_Demodulation/u_CIC_FFT_2/U0/i_synth/decimator.decimation_filter/m_axis_data_tvalid_BUFG |                                                                                                                                                                                                            | u_Demodulation/u_FFT_2/u_FFT_NonRealTIME/u_FFT/U0/i_synth/axi_wrapper/reset_pipe[1]                                                                                    |               10 |             29 |         2.90 |
|  ADC_DCO_N_IBUF_BUFG                                                                       | u_Demodulation/u_HS_AD9481_IN/fifo_16to8_inst/U0/inst_fifo_gen/gconvfifo.rf/grf.rf/gntv_or_sync_fifo.gl0.wr/gwas.wsts/E[0]                                                                                 | u_Demodulation/u_HS_AD9481_IN/fifo_16to8_inst/U0/inst_fifo_gen/gconvfifo.rf/grf.rf/rstblk/AR[0]                                                                        |                5 |             30 |         6.00 |
|  clk_u0/inst/clk_125M                                                                      | u_Demodulation/u_LPF_Q/U0/i_synth/g_single_rate.i_single_rate/g_parallel.cntrl[2]_41[6]                                                                                                                    |                                                                                                                                                                        |                2 |             32 |        16.00 |
|  clk_u0/inst/clk_125M                                                                      | u_Demodulation/u_LPF_Q/U0/i_synth/g_single_rate.i_single_rate/g_parallel.cntrl[3]_40[6]                                                                                                                    |                                                                                                                                                                        |                2 |             32 |        16.00 |
|  clk_u0/inst/clk_125M                                                                      | u_Demodulation/u_LPF_Q/U0/i_synth/g_single_rate.i_single_rate/g_parallel.cntrl[13]_30[6]                                                                                                                   |                                                                                                                                                                        |                2 |             32 |        16.00 |
|  clk_u0/inst/clk_125M                                                                      | u_Demodulation/u_LPF_Q/U0/i_synth/g_single_rate.i_single_rate/g_parallel.cntrl[9]_34[6]                                                                                                                    |                                                                                                                                                                        |                2 |             32 |        16.00 |
|  clk_u0/inst/clk_125M                                                                      | u_Demodulation/u_LPF_Q/U0/i_synth/g_single_rate.i_single_rate/g_parallel.cntrl[4]_39[6]                                                                                                                    |                                                                                                                                                                        |                2 |             32 |        16.00 |
|  clk_u0/inst/clk_125M                                                                      | u_Demodulation/u_LPF_Q/U0/i_synth/g_single_rate.i_single_rate/g_parallel.cntrl[6]_37[6]                                                                                                                    |                                                                                                                                                                        |                2 |             32 |        16.00 |
|  clk_u0/inst/clk_125M                                                                      | u_Demodulation/u_LPF_Q/U0/i_synth/g_single_rate.i_single_rate/g_parallel.cntrl[11]_32[6]                                                                                                                   |                                                                                                                                                                        |                2 |             32 |        16.00 |
|  clk_u0/inst/clk_125M                                                                      | u_Demodulation/u_LPF_Q/U0/i_synth/g_single_rate.i_single_rate/g_parallel.cntrl[12]_31[6]                                                                                                                   |                                                                                                                                                                        |                2 |             32 |        16.00 |
|  clk_u0/inst/clk_125M                                                                      | u_Demodulation/u_LPF_Q/U0/i_synth/g_single_rate.i_single_rate/g_parallel.cntrl[5]_38[6]                                                                                                                    |                                                                                                                                                                        |                2 |             32 |        16.00 |
|  clk_u0/inst/clk_125M                                                                      | u_Demodulation/u_LPF_Q/U0/i_synth/g_single_rate.i_single_rate/g_parallel.cntrl[8]_35[6]                                                                                                                    |                                                                                                                                                                        |                2 |             32 |        16.00 |
|  clk_u0/inst/clk_125M                                                                      | u_Demodulation/u_LPF_Q/U0/i_synth/g_single_rate.i_single_rate/g_parallel.cntrl[14]_29[6]                                                                                                                   |                                                                                                                                                                        |                2 |             32 |        16.00 |
|  clk_u0/inst/clk_125M                                                                      | u_Demodulation/u_sqrt/U0/i_synth/i_synth/gen_sqrt.square_root/gen_rdy_int/E[0]                                                                                                                             | u_Demodulation/u_sqrt/U0/i_synth/i_has_aresetn.i_reg_reset/opt_has_pipe.first_q                                                                                        |               11 |             32 |         2.91 |
|  clk_u0/inst/clk_125M                                                                      | u_Demodulation/LPF_U1_fm/U0/i_synth/g_single_rate.i_single_rate/g_parallel.i_latch_op/gen_dly.gen_shiftreg.gen_rtl_delay.delay_bus_reg[21]                                                                 |                                                                                                                                                                        |                5 |             32 |         6.40 |
|  clk_u0/inst/clk_125M                                                                      | u_Demodulation/LPF_U1_fm/U0/i_synth/g_single_rate.i_single_rate/g_parallel.cntrl[9]_40[6]                                                                                                                  |                                                                                                                                                                        |                2 |             32 |        16.00 |
|  clk_u0/inst/clk_125M                                                                      | u_Demodulation/LPF_U1_fm/U0/i_synth/g_single_rate.i_single_rate/g_parallel.cntrl[16]_33[6]                                                                                                                 |                                                                                                                                                                        |                2 |             32 |        16.00 |
|  clk_u0/inst/clk_125M                                                                      | u_Demodulation/LPF_U1_fm/U0/i_synth/g_single_rate.i_single_rate/g_parallel.cntrl[12]_37[6]                                                                                                                 |                                                                                                                                                                        |                2 |             32 |        16.00 |
|  clk_u0/inst/clk_125M                                                                      | u_Demodulation/LPF_U1_fm/U0/i_synth/g_single_rate.i_single_rate/g_parallel.cntrl[10]_39[6]                                                                                                                 |                                                                                                                                                                        |                2 |             32 |        16.00 |
|  clk_u0/inst/clk_125M                                                                      | u_Demodulation/LPF_U1_fm/U0/i_synth/g_single_rate.i_single_rate/g_parallel.cntrl[14]_35[6]                                                                                                                 |                                                                                                                                                                        |                2 |             32 |        16.00 |
|  clk_u0/inst/clk_125M                                                                      | u_Demodulation/LPF_U1_fm/U0/i_synth/g_single_rate.i_single_rate/g_parallel.cntrl[2]_47[6]                                                                                                                  |                                                                                                                                                                        |                2 |             32 |        16.00 |
|  clk_u0/inst/clk_125M                                                                      | u_Demodulation/LPF_U1_fm/U0/i_synth/g_single_rate.i_single_rate/g_parallel.cntrl[11]_38[6]                                                                                                                 |                                                                                                                                                                        |                2 |             32 |        16.00 |
|  clk_u0/inst/clk_125M                                                                      | u_Demodulation/LPF_U1_fm/U0/i_synth/g_single_rate.i_single_rate/g_parallel.cntrl[13]_36[6]                                                                                                                 |                                                                                                                                                                        |                2 |             32 |        16.00 |
|  clk_u0/inst/clk_125M                                                                      | u_Demodulation/LPF_U1_fm/U0/i_synth/g_single_rate.i_single_rate/g_parallel.cntrl[15]_34[6]                                                                                                                 |                                                                                                                                                                        |                2 |             32 |        16.00 |
|  clk_u0/inst/clk_125M                                                                      | u_Demodulation/LPF_U1_fm/U0/i_synth/g_single_rate.i_single_rate/g_parallel.cntrl[3]_46[6]                                                                                                                  |                                                                                                                                                                        |                2 |             32 |        16.00 |
|  clk_u0/inst/clk_125M                                                                      | u_Demodulation/LPF_U1_fm/U0/i_synth/g_single_rate.i_single_rate/g_parallel.cntrl[5]_44[6]                                                                                                                  |                                                                                                                                                                        |                2 |             32 |        16.00 |
|  clk_u0/inst/clk_125M                                                                      | u_Demodulation/LPF_U1_fm/U0/i_synth/g_single_rate.i_single_rate/g_parallel.cntrl[7]_42[6]                                                                                                                  |                                                                                                                                                                        |                2 |             32 |        16.00 |
|  clk_u0/inst/clk_125M                                                                      | u_Demodulation/LPF_U1_fm/U0/i_synth/g_single_rate.i_single_rate/g_parallel.cntrl[1]_48[6]                                                                                                                  |                                                                                                                                                                        |                2 |             32 |        16.00 |
|  clk_u0/inst/clk_125M                                                                      | u_Demodulation/LPF_U1_fm/U0/i_synth/g_single_rate.i_single_rate/g_parallel.cntrl[6]_43[6]                                                                                                                  |                                                                                                                                                                        |                2 |             32 |        16.00 |
|  clk_u0/inst/clk_125M                                                                      | u_Demodulation/LPF_U1_fm/U0/i_synth/g_single_rate.i_single_rate/g_parallel.cntrl[8]_41[6]                                                                                                                  |                                                                                                                                                                        |                2 |             32 |        16.00 |
|  clk_u0/inst/clk_125M                                                                      | u_Demodulation/LPF_U1_fm/U0/i_synth/g_single_rate.i_single_rate/g_parallel.cntrl[4]_45[6]                                                                                                                  |                                                                                                                                                                        |                2 |             32 |        16.00 |
|  clk_u0/inst/clk_125M                                                                      | u_Demodulation/u_CIC_AM/U0/i_synth/decimator.decimation_filter/s_axis_data_tready                                                                                                                          |                                                                                                                                                                        |               10 |             32 |         3.20 |
|  clk_u0/inst/clk_125M                                                                      | u_Demodulation/u_CIC_FM/U0/i_synth/decimator.decimation_filter/s_axis_data_tready                                                                                                                          |                                                                                                                                                                        |                6 |             32 |         5.33 |
|  clk_u0/inst/clk_125M                                                                      | u_Demodulation/u_LPF_I/U0/i_synth/g_single_rate.i_single_rate/g_parallel.cntrl[10]_33[6]                                                                                                                   |                                                                                                                                                                        |                2 |             32 |        16.00 |
|  clk_u0/inst/clk_125M                                                                      | u_Demodulation/u_LPF_I/U0/i_synth/g_single_rate.i_single_rate/g_parallel.cntrl[12]_31[6]                                                                                                                   |                                                                                                                                                                        |                2 |             32 |        16.00 |
|  clk_u0/inst/clk_125M                                                                      | u_Demodulation/u_LPF_I/U0/i_synth/g_single_rate.i_single_rate/g_parallel.cntrl[14]_29[6]                                                                                                                   |                                                                                                                                                                        |                2 |             32 |        16.00 |
|  clk_u0/inst/clk_125M                                                                      | u_Demodulation/u_LPF_I/U0/i_synth/g_single_rate.i_single_rate/g_parallel.cntrl[1]_42[6]                                                                                                                    |                                                                                                                                                                        |                2 |             32 |        16.00 |
|  clk_u0/inst/clk_125M                                                                      | u_Demodulation/u_LPF_I/U0/i_synth/g_single_rate.i_single_rate/g_parallel.cntrl[13]_30[6]                                                                                                                   |                                                                                                                                                                        |                2 |             32 |        16.00 |
|  clk_u0/inst/clk_125M                                                                      | u_Demodulation/u_LPF_I/U0/i_synth/g_single_rate.i_single_rate/g_parallel.cntrl[2]_41[6]                                                                                                                    |                                                                                                                                                                        |                2 |             32 |        16.00 |
|  clk_u0/inst/clk_125M                                                                      | u_Demodulation/u_LPF_I/U0/i_synth/g_single_rate.i_single_rate/g_parallel.cntrl[11]_32[6]                                                                                                                   |                                                                                                                                                                        |                2 |             32 |        16.00 |
|  clk_u0/inst/clk_125M                                                                      | u_Demodulation/u_LPF_I/U0/i_synth/g_single_rate.i_single_rate/g_parallel.cntrl[6]_37[6]                                                                                                                    |                                                                                                                                                                        |                2 |             32 |        16.00 |
|  clk_u0/inst/clk_125M                                                                      | u_Demodulation/u_LPF_I/U0/i_synth/g_single_rate.i_single_rate/g_parallel.cntrl[9]_34[6]                                                                                                                    |                                                                                                                                                                        |                2 |             32 |        16.00 |
|  clk_u0/inst/clk_125M                                                                      | u_Demodulation/u_LPF_I/U0/i_synth/g_single_rate.i_single_rate/g_parallel.cntrl[4]_39[6]                                                                                                                    |                                                                                                                                                                        |                2 |             32 |        16.00 |
|  clk_u0/inst/clk_125M                                                                      | u_Demodulation/u_LPF_I/U0/i_synth/g_single_rate.i_single_rate/g_parallel.cntrl[3]_40[6]                                                                                                                    |                                                                                                                                                                        |                2 |             32 |        16.00 |
|  clk_u0/inst/clk_125M                                                                      | u_Demodulation/u_LPF_I/U0/i_synth/g_single_rate.i_single_rate/g_parallel.cntrl[8]_35[6]                                                                                                                    |                                                                                                                                                                        |                2 |             32 |        16.00 |
|  clk_u0/inst/clk_125M                                                                      | u_Demodulation/u_LPF_I/U0/i_synth/g_single_rate.i_single_rate/g_parallel.cntrl[7]_36[6]                                                                                                                    |                                                                                                                                                                        |                2 |             32 |        16.00 |
|  clk_u0/inst/clk_125M                                                                      | u_Demodulation/u_LPF_I/U0/i_synth/g_single_rate.i_single_rate/g_parallel.cntrl[5]_38[6]                                                                                                                    |                                                                                                                                                                        |                2 |             32 |        16.00 |
|  clk_u0/inst/clk_125M                                                                      | u_Demodulation/u_LPF_Q/U0/i_synth/g_single_rate.i_single_rate/g_parallel.cntrl[10]_33[6]                                                                                                                   |                                                                                                                                                                        |                2 |             32 |        16.00 |
|  clk_u0/inst/clk_125M                                                                      | u_Demodulation/u_LPF_Q/U0/i_synth/g_single_rate.i_single_rate/g_parallel.cntrl[1]_42[6]                                                                                                                    |                                                                                                                                                                        |                2 |             32 |        16.00 |
|  clk_u0/inst/clk_125M                                                                      | u_Demodulation/u_LPF_Q/U0/i_synth/g_single_rate.i_single_rate/g_parallel.cntrl[7]_36[6]                                                                                                                    |                                                                                                                                                                        |                2 |             32 |        16.00 |
|  u_Demodulation/u_CIC_FFT_1/U0/i_synth/decimator.decimation_filter/m_axis_data_tvalid_BUFG | u_Demodulation/u_fifo_generator_fft/U0/inst_fifo_gen/gconvfifo.rf/grf.rf/gntv_or_sync_fifo.gl0.wr/gwas.wsts/E[0]                                                                                           | u_Demodulation/u_fifo_generator_fft/U0/inst_fifo_gen/gconvfifo.rf/grf.rf/rstblk/ngwrdrst.grst.g7serrst.gsckt_wrst.gic_rst.sckt_wr_rst_ic_reg_0                         |                6 |             36 |         6.00 |
|  ADC_DCO_N_IBUF_BUFG                                                                       |                                                                                                                                                                                                            |                                                                                                                                                                        |               14 |             45 |         3.21 |
|  clk_u0/inst/clk_125M                                                                      | u_Demodulation/u_CIC_FFT_1/U0/i_synth/decimator.decimation_filter/comb/gen_stages[0].gen_folded.int_comb_stage/gen_split_accum[0].gen_comb_mem_src.gen_en_dly/gen_split_accum[0].gen_sum_struct.mem_reg_ce |                                                                                                                                                                        |                6 |             48 |         8.00 |
|  clk_u0/inst/clk_125M                                                                      |                                                                                                                                                                                                            | u_Demodulation/u_sqrt/U0/i_synth/i_has_aresetn.i_reg_reset/opt_has_pipe.first_q                                                                                        |               13 |             59 |         4.54 |
|  clk_u0/inst/clk_125M                                                                      | u_Demodulation/u_CIC_FM/U0/i_synth/decimator.decimation_filter/comb/gen_stages[0].gen_folded.int_comb_stage/gen_split_accum[0].gen_comb_mem_src.gen_en_dly/gen_split_accum[0].gen_sum_struct.mem_reg_ce    |                                                                                                                                                                        |                8 |             60 |         7.50 |
|  clk_u0/inst/clk_125M                                                                      | u_Demodulation/u_CIC_AM/U0/i_synth/decimator.decimation_filter/comb/gen_stages[0].gen_folded.int_comb_stage/gen_split_accum[0].gen_comb_mem_src.gen_en_dly/gen_split_accum[0].gen_sum_struct.mem_reg_ce    |                                                                                                                                                                        |                8 |             60 |         7.50 |
|  u_Demodulation/u_CIC_FFT_1/U0/i_synth/decimator.decimation_filter/m_axis_data_tvalid_BUFG | u_Demodulation/u_FFT_1/u_FFT_NonRealTIME/u_FFT/U0/i_synth/axi_wrapper/data_out_channel/data_out_fifo_write                                                                                                 |                                                                                                                                                                        |                9 |             71 |         7.89 |
|  u_Demodulation/u_CIC_FFT_2/U0/i_synth/decimator.decimation_filter/m_axis_data_tvalid_BUFG | u_Demodulation/u_FFT_2/u_FFT_NonRealTIME/u_FFT/U0/i_synth/axi_wrapper/data_out_channel/data_out_fifo_write                                                                                                 |                                                                                                                                                                        |                9 |             71 |         7.89 |
|  clk_u0/inst/clk_125M                                                                      | u_Demodulation/u_CIC_FFT_1/U0/i_synth/decimator.decimation_filter/comb/gen_stages[0].gen_folded.int_comb_stage/gen_split_accum[0].gen_comb_mem_src.gen_en_dly/en_dly                                       |                                                                                                                                                                        |               21 |             96 |         4.57 |
|  clk_u0/inst/clk_125M                                                                      | u_Demodulation/u_CIC_AM/U0/i_synth/decimator.decimation_filter/comb/gen_stages[0].gen_folded.int_comb_stage/gen_split_accum[0].gen_comb_mem_src.gen_en_dly/en_dly                                          |                                                                                                                                                                        |               28 |            120 |         4.29 |
|  clk_u0/inst/clk_125M                                                                      | u_Demodulation/u_CIC_FM/U0/i_synth/decimator.decimation_filter/comb/gen_stages[0].gen_folded.int_comb_stage/gen_split_accum[0].gen_comb_mem_src.gen_en_dly/en_dly                                          |                                                                                                                                                                        |               24 |            120 |         5.00 |
|  u_Demodulation/u_CIC_FFT_2/U0/i_synth/decimator.decimation_filter/m_axis_data_tvalid_BUFG |                                                                                                                                                                                                            |                                                                                                                                                                        |               24 |            124 |         5.17 |
|  clk_u0/inst/clk_125M                                                                      | u_Demodulation/u_CIC_FFT_2/U0/i_synth/decimator.decimation_filter/comb/gen_stages[0].gen_folded.int_comb_stage/gen_split_accum[0].gen_comb_mem_src.gen_en_dly/en_dly_0                                     |                                                                                                                                                                        |               14 |            144 |        10.29 |
|  clk_u0/inst/clk_125M                                                                      |                                                                                                                                                                                                            | u_Demodulation/u_GET_Freq_FFT/rst_n                                                                                                                                    |               45 |            160 |         3.56 |
|  u_Demodulation/u_CIC_FFT_1/U0/i_synth/decimator.decimation_filter/m_axis_data_tvalid_BUFG |                                                                                                                                                                                                            |                                                                                                                                                                        |               51 |            263 |         5.16 |
|  clk_u0/inst/clk_125M                                                                      | u_Demodulation/u_LPF_I/U0/i_synth/g_single_rate.i_single_rate/g_parallel.i_cntrl_src/g_parallel.cntrl[-1]_4                                                                                                |                                                                                                                                                                        |               66 |            272 |         4.12 |
|  clk_u0/inst/clk_125M                                                                      | u_Demodulation/u_LPF_Q/U0/i_synth/g_single_rate.i_single_rate/g_parallel.i_cntrl_src/g_parallel.cntrl[-1]_4                                                                                                |                                                                                                                                                                        |               80 |            272 |         3.40 |
|  clk_u0/inst/clk_125M                                                                      | u_Demodulation/LPF_U1_fm/U0/i_synth/g_single_rate.i_single_rate/g_parallel.i_cntrl_src/g_parallel.cntrl[-1]_4                                                                                              |                                                                                                                                                                        |               77 |            320 |         4.16 |
|  u_Demodulation/u_CIC_FFT_1/U0/i_synth/decimator.decimation_filter/m_axis_data_tvalid_BUFG | u_Demodulation/u_FFT_1/u_FFT_NonRealTIME/u_FFT/U0/i_synth/axi_wrapper/ce_w2c                                                                                                                               |                                                                                                                                                                        |              284 |           1489 |         5.24 |
|  u_Demodulation/u_CIC_FFT_2/U0/i_synth/decimator.decimation_filter/m_axis_data_tvalid_BUFG | u_Demodulation/u_FFT_2/u_FFT_NonRealTIME/u_FFT/U0/i_synth/axi_wrapper/ce_w2c                                                                                                                               |                                                                                                                                                                        |              290 |           1489 |         5.13 |
|  clk_u0/inst/clk_125M                                                                      |                                                                                                                                                                                                            |                                                                                                                                                                        |              834 |           5433 |         6.51 |
+--------------------------------------------------------------------------------------------+------------------------------------------------------------------------------------------------------------------------------------------------------------------------------------------------------------+------------------------------------------------------------------------------------------------------------------------------------------------------------------------+------------------+----------------+--------------+


