
*** Running vivado
    with args -log fir_compiler_1.vds -m64 -product Vivado -mode batch -messageDb vivado.pb -notrace -source fir_compiler_1.tcl


ECHO 处于关闭状态。
ECHO 处于关闭状态。

****** Vivado v2023.1 (64-bit)
  **** SW Build 3865809 on Sun May  7 15:05:29 MDT 2023
  **** IP Build 3864474 on Sun May  7 20:36:21 MDT 2023
  **** SharedData Build 3865790 on Sun May 07 13:33:03 MDT 2023
    ** Copyright 1986-2022 Xilinx, Inc. All Rights Reserved.
    ** Copyright 2022-2023 Advanced Micro Devices, Inc. All Rights Reserved.

source fir_compiler_1.tcl -notrace
INFO: [IP_Flow 19-6924] IPCACHE: Running cache check for IP inst: fir_compiler_1
Command: synth_design -top fir_compiler_1 -part xc7a200tfbg484-1 -incremental_mode off -mode out_of_context
Starting synth_design
Attempting to get a license for feature 'Synthesis' and/or device 'xc7a200t'
INFO: [Common 17-349] Got license for feature 'Synthesis' and/or device 'xc7a200t'
INFO: [Device 21-403] Loading part xc7a200tfbg484-1
INFO: [Synth 8-7079] Multithreading enabled for synth_design using a maximum of 2 processes.
INFO: [Synth 8-7078] Launching helper process for spawning children vivado processes
INFO: [Synth 8-7075] Helper process launched with PID 24744
---------------------------------------------------------------------------------
Starting RTL Elaboration : Time (s): cpu = 00:00:02 ; elapsed = 00:00:08 . Memory (MB): peak = 1334.949 ; gain = 408.750
---------------------------------------------------------------------------------
INFO: [Synth 8-638] synthesizing module 'fir_compiler_1' [d:/Xilinx/Project/200t/Quadrature_Demodulation/Quadrature_Demodulation.gen/sources_1/ip/fir_compiler_1/synth/fir_compiler_1.vhd:70]
	Parameter C_XDEVICEFAMILY bound to: artix7 - type: string 
	Parameter C_ELABORATION_DIR bound to: ./ - type: string 
	Parameter C_COMPONENT_NAME bound to: fir_compiler_1 - type: string 
	Parameter C_COEF_FILE bound to: fir_compiler_1.mif - type: string 
	Parameter C_COEF_FILE_LINES bound to: 16 - type: integer 
	Parameter C_FILTER_TYPE bound to: 0 - type: integer 
	Parameter C_INTERP_RATE bound to: 1 - type: integer 
	Parameter C_DECIM_RATE bound to: 1 - type: integer 
	Parameter C_ZERO_PACKING_FACTOR bound to: 1 - type: integer 
	Parameter C_SYMMETRY bound to: 1 - type: integer 
	Parameter C_NUM_FILTS bound to: 1 - type: integer 
	Parameter C_NUM_TAPS bound to: 31 - type: integer 
	Parameter C_NUM_CHANNELS bound to: 1 - type: integer 
	Parameter C_CHANNEL_PATTERN bound to: fixed - type: string 
	Parameter C_ROUND_MODE bound to: 0 - type: integer 
	Parameter C_COEF_RELOAD bound to: 0 - type: integer 
	Parameter C_NUM_RELOAD_SLOTS bound to: 1 - type: integer 
	Parameter C_COL_MODE bound to: 1 - type: integer 
	Parameter C_COL_PIPE_LEN bound to: 4 - type: integer 
	Parameter C_COL_CONFIG bound to: 16 - type: string 
	Parameter C_OPTIMIZATION bound to: 0 - type: integer 
	Parameter C_DATA_PATH_WIDTHS bound to: 16 - type: string 
	Parameter C_DATA_IP_PATH_WIDTHS bound to: 16 - type: string 
	Parameter C_DATA_PX_PATH_WIDTHS bound to: 16 - type: string 
	Parameter C_DATA_WIDTH bound to: 16 - type: integer 
	Parameter C_COEF_PATH_WIDTHS bound to: 16 - type: string 
	Parameter C_COEF_WIDTH bound to: 16 - type: integer 
	Parameter C_DATA_PATH_SRC bound to: 0 - type: string 
	Parameter C_COEF_PATH_SRC bound to: 0 - type: string 
	Parameter C_PX_PATH_SRC bound to: 0 - type: string 
	Parameter C_DATA_PATH_SIGN bound to: 0 - type: string 
	Parameter C_COEF_PATH_SIGN bound to: 0 - type: string 
	Parameter C_ACCUM_PATH_WIDTHS bound to: 35 - type: string 
	Parameter C_OUTPUT_WIDTH bound to: 35 - type: integer 
	Parameter C_OUTPUT_PATH_WIDTHS bound to: 35 - type: string 
	Parameter C_ACCUM_OP_PATH_WIDTHS bound to: 35 - type: string 
	Parameter C_EXT_MULT_CNFG bound to: none - type: string 
	Parameter C_DATA_PATH_PSAMP_SRC bound to: 0 - type: string 
	Parameter C_OP_PATH_PSAMP_SRC bound to: 0 - type: string 
	Parameter C_NUM_MADDS bound to: 16 - type: integer 
	Parameter C_OPT_MADDS bound to: none - type: string 
	Parameter C_OVERSAMPLING_RATE bound to: 1 - type: integer 
	Parameter C_INPUT_RATE bound to: 1 - type: integer 
	Parameter C_OUTPUT_RATE bound to: 1 - type: integer 
	Parameter C_DATA_MEMTYPE bound to: 0 - type: integer 
	Parameter C_COEF_MEMTYPE bound to: 2 - type: integer 
	Parameter C_IPBUFF_MEMTYPE bound to: 0 - type: integer 
	Parameter C_OPBUFF_MEMTYPE bound to: 0 - type: integer 
	Parameter C_DATAPATH_MEMTYPE bound to: 0 - type: integer 
	Parameter C_MEM_ARRANGEMENT bound to: 1 - type: integer 
	Parameter C_DATA_MEM_PACKING bound to: 0 - type: integer 
	Parameter C_COEF_MEM_PACKING bound to: 0 - type: integer 
	Parameter C_FILTS_PACKED bound to: 0 - type: integer 
	Parameter C_LATENCY bound to: 22 - type: integer 
	Parameter C_HAS_ARESETn bound to: 0 - type: integer 
	Parameter C_HAS_ACLKEN bound to: 0 - type: integer 
	Parameter C_DATA_HAS_TLAST bound to: 0 - type: integer 
	Parameter C_S_DATA_HAS_FIFO bound to: 1 - type: integer 
	Parameter C_S_DATA_HAS_TUSER bound to: 0 - type: integer 
	Parameter C_S_DATA_TDATA_WIDTH bound to: 16 - type: integer 
	Parameter C_S_DATA_TUSER_WIDTH bound to: 1 - type: integer 
	Parameter C_M_DATA_HAS_TREADY bound to: 0 - type: integer 
	Parameter C_M_DATA_HAS_TUSER bound to: 0 - type: integer 
	Parameter C_M_DATA_TDATA_WIDTH bound to: 40 - type: integer 
	Parameter C_M_DATA_TUSER_WIDTH bound to: 1 - type: integer 
	Parameter C_HAS_CONFIG_CHANNEL bound to: 0 - type: integer 
	Parameter C_CONFIG_SYNC_MODE bound to: 0 - type: integer 
	Parameter C_CONFIG_PACKET_SIZE bound to: 0 - type: integer 
	Parameter C_CONFIG_TDATA_WIDTH bound to: 1 - type: integer 
	Parameter C_RELOAD_TDATA_WIDTH bound to: 1 - type: integer 
INFO: [Synth 8-3491] module 'fir_compiler_v7_2_19' declared at 'd:/Xilinx/Project/200t/Quadrature_Demodulation/Quadrature_Demodulation.gen/sources_1/ip/fir_compiler_1/hdl/fir_compiler_v7_2_vh_rfs.vhd:67113' bound to instance 'U0' of component 'fir_compiler_v7_2_19' [d:/Xilinx/Project/200t/Quadrature_Demodulation/Quadrature_Demodulation.gen/sources_1/ip/fir_compiler_1/synth/fir_compiler_1.vhd:198]
INFO: [Synth 8-3919] null assignment ignored
INFO: [Synth 8-3919] null assignment ignored
INFO: [Synth 8-3919] null assignment ignored
INFO: [Synth 8-3919] null assignment ignored
INFO: [Synth 8-3919] null assignment ignored
INFO: [Synth 8-3919] null assignment ignored
INFO: [Synth 8-3919] null assignment ignored
INFO: [Synth 8-3919] null assignment ignored
INFO: [Synth 8-3919] null assignment ignored
INFO: [Synth 8-3919] null assignment ignored
INFO: [Synth 8-3919] null assignment ignored
INFO: [Synth 8-3919] null assignment ignored
INFO: [Synth 8-3919] null assignment ignored
INFO: [Synth 8-3919] null assignment ignored
INFO: [Synth 8-3919] null assignment ignored
INFO: [Synth 8-3919] null assignment ignored
INFO: [Synth 8-3919] null assignment ignored
INFO: [Synth 8-3919] null assignment ignored
INFO: [Synth 8-3919] null assignment ignored
INFO: [Synth 8-3919] null assignment ignored
INFO: [Synth 8-3919] null assignment ignored
INFO: [Synth 8-256] done synthesizing module 'fir_compiler_1' (0#1) [d:/Xilinx/Project/200t/Quadrature_Demodulation/Quadrature_Demodulation.gen/sources_1/ip/fir_compiler_1/synth/fir_compiler_1.vhd:70]
WARNING: [Synth 8-7129] Port SCLR in module delay__parameterized23 is either unconnected or has no load
WARNING: [Synth 8-7129] Port SCLR_ALT in module delay__parameterized23 is either unconnected or has no load
WARNING: [Synth 8-7129] Port WE in module delay__parameterized21 is either unconnected or has no load
WARNING: [Synth 8-7129] Port CE in module delay__parameterized21 is either unconnected or has no load
WARNING: [Synth 8-7129] Port SCLR in module delay__parameterized21 is either unconnected or has no load
WARNING: [Synth 8-7129] Port SCLR_ALT in module delay__parameterized21 is either unconnected or has no load
WARNING: [Synth 8-7129] Port CLK in module delay__parameterized21 is either unconnected or has no load
WARNING: [Synth 8-7129] Port PRE_ADDSUB in module calc is either unconnected or has no load
WARNING: [Synth 8-7129] Port CED in module calc is either unconnected or has no load
WARNING: [Synth 8-7129] Port WE in module delay__parameterized20 is either unconnected or has no load
WARNING: [Synth 8-7129] Port CE in module delay__parameterized20 is either unconnected or has no load
WARNING: [Synth 8-7129] Port SCLR in module delay__parameterized20 is either unconnected or has no load
WARNING: [Synth 8-7129] Port SCLR_ALT in module delay__parameterized20 is either unconnected or has no load
WARNING: [Synth 8-7129] Port CLK in module delay__parameterized20 is either unconnected or has no load
WARNING: [Synth 8-7129] Port WE in module delay__parameterized22 is either unconnected or has no load
WARNING: [Synth 8-7129] Port CE in module delay__parameterized22 is either unconnected or has no load
WARNING: [Synth 8-7129] Port SCLR in module delay__parameterized22 is either unconnected or has no load
WARNING: [Synth 8-7129] Port SCLR_ALT in module delay__parameterized22 is either unconnected or has no load
WARNING: [Synth 8-7129] Port CLK in module delay__parameterized22 is either unconnected or has no load
WARNING: [Synth 8-7129] Port POUT[fab][57] in module addsub_mult_add__parameterized0 is either unconnected or has no load
WARNING: [Synth 8-7129] Port POUT[fab][56] in module addsub_mult_add__parameterized0 is either unconnected or has no load
WARNING: [Synth 8-7129] Port POUT[fab][55] in module addsub_mult_add__parameterized0 is either unconnected or has no load
WARNING: [Synth 8-7129] Port POUT[fab][54] in module addsub_mult_add__parameterized0 is either unconnected or has no load
WARNING: [Synth 8-7129] Port POUT[fab][53] in module addsub_mult_add__parameterized0 is either unconnected or has no load
WARNING: [Synth 8-7129] Port POUT[fab][52] in module addsub_mult_add__parameterized0 is either unconnected or has no load
WARNING: [Synth 8-7129] Port POUT[fab][51] in module addsub_mult_add__parameterized0 is either unconnected or has no load
WARNING: [Synth 8-7129] Port POUT[fab][50] in module addsub_mult_add__parameterized0 is either unconnected or has no load
WARNING: [Synth 8-7129] Port POUT[fab][49] in module addsub_mult_add__parameterized0 is either unconnected or has no load
WARNING: [Synth 8-7129] Port POUT[fab][48] in module addsub_mult_add__parameterized0 is either unconnected or has no load
WARNING: [Synth 8-7129] Port POUT[casc][62] in module addsub_mult_add__parameterized0 is either unconnected or has no load
WARNING: [Synth 8-7129] Port POUT[casc][61] in module addsub_mult_add__parameterized0 is either unconnected or has no load
WARNING: [Synth 8-7129] Port POUT[casc][60] in module addsub_mult_add__parameterized0 is either unconnected or has no load
WARNING: [Synth 8-7129] Port POUT[casc][59] in module addsub_mult_add__parameterized0 is either unconnected or has no load
WARNING: [Synth 8-7129] Port POUT[casc][58] in module addsub_mult_add__parameterized0 is either unconnected or has no load
WARNING: [Synth 8-7129] Port POUT[casc][57] in module addsub_mult_add__parameterized0 is either unconnected or has no load
WARNING: [Synth 8-7129] Port POUT[casc][56] in module addsub_mult_add__parameterized0 is either unconnected or has no load
WARNING: [Synth 8-7129] Port POUT[casc][55] in module addsub_mult_add__parameterized0 is either unconnected or has no load
WARNING: [Synth 8-7129] Port POUT[casc][54] in module addsub_mult_add__parameterized0 is either unconnected or has no load
WARNING: [Synth 8-7129] Port POUT[casc][53] in module addsub_mult_add__parameterized0 is either unconnected or has no load
WARNING: [Synth 8-7129] Port POUT[casc][52] in module addsub_mult_add__parameterized0 is either unconnected or has no load
WARNING: [Synth 8-7129] Port POUT[casc][51] in module addsub_mult_add__parameterized0 is either unconnected or has no load
WARNING: [Synth 8-7129] Port POUT[casc][50] in module addsub_mult_add__parameterized0 is either unconnected or has no load
WARNING: [Synth 8-7129] Port POUT[casc][49] in module addsub_mult_add__parameterized0 is either unconnected or has no load
WARNING: [Synth 8-7129] Port POUT[casc][48] in module addsub_mult_add__parameterized0 is either unconnected or has no load
WARNING: [Synth 8-7129] Port P_EN in module addsub_mult_add__parameterized0 is either unconnected or has no load
WARNING: [Synth 8-7129] Port OPCODE[9] in module addsub_mult_add__parameterized0 is either unconnected or has no load
WARNING: [Synth 8-7129] Port OPCODE[8] in module addsub_mult_add__parameterized0 is either unconnected or has no load
WARNING: [Synth 8-7129] Port OPCODE[7] in module addsub_mult_add__parameterized0 is either unconnected or has no load
WARNING: [Synth 8-7129] Port OPCODE[6] in module addsub_mult_add__parameterized0 is either unconnected or has no load
WARNING: [Synth 8-7129] Port OPCODE[5] in module addsub_mult_add__parameterized0 is either unconnected or has no load
WARNING: [Synth 8-7129] Port OPCODE[4] in module addsub_mult_add__parameterized0 is either unconnected or has no load
WARNING: [Synth 8-7129] Port OPCODE[3] in module addsub_mult_add__parameterized0 is either unconnected or has no load
WARNING: [Synth 8-7129] Port OPCODE[2] in module addsub_mult_add__parameterized0 is either unconnected or has no load
WARNING: [Synth 8-7129] Port OPCODE[1] in module addsub_mult_add__parameterized0 is either unconnected or has no load
WARNING: [Synth 8-7129] Port OPCODE[0] in module addsub_mult_add__parameterized0 is either unconnected or has no load
WARNING: [Synth 8-7129] Port CIN[34] in module addsub_mult_add__parameterized0 is either unconnected or has no load
WARNING: [Synth 8-7129] Port CIN[33] in module addsub_mult_add__parameterized0 is either unconnected or has no load
WARNING: [Synth 8-7129] Port CIN[32] in module addsub_mult_add__parameterized0 is either unconnected or has no load
WARNING: [Synth 8-7129] Port CIN[31] in module addsub_mult_add__parameterized0 is either unconnected or has no load
WARNING: [Synth 8-7129] Port CIN[30] in module addsub_mult_add__parameterized0 is either unconnected or has no load
WARNING: [Synth 8-7129] Port CIN[29] in module addsub_mult_add__parameterized0 is either unconnected or has no load
WARNING: [Synth 8-7129] Port CIN[28] in module addsub_mult_add__parameterized0 is either unconnected or has no load
WARNING: [Synth 8-7129] Port CIN[27] in module addsub_mult_add__parameterized0 is either unconnected or has no load
WARNING: [Synth 8-7129] Port CIN[26] in module addsub_mult_add__parameterized0 is either unconnected or has no load
WARNING: [Synth 8-7129] Port CIN[25] in module addsub_mult_add__parameterized0 is either unconnected or has no load
WARNING: [Synth 8-7129] Port CIN[24] in module addsub_mult_add__parameterized0 is either unconnected or has no load
WARNING: [Synth 8-7129] Port CIN[23] in module addsub_mult_add__parameterized0 is either unconnected or has no load
WARNING: [Synth 8-7129] Port CIN[22] in module addsub_mult_add__parameterized0 is either unconnected or has no load
WARNING: [Synth 8-7129] Port CIN[21] in module addsub_mult_add__parameterized0 is either unconnected or has no load
WARNING: [Synth 8-7129] Port CIN[20] in module addsub_mult_add__parameterized0 is either unconnected or has no load
WARNING: [Synth 8-7129] Port CIN[19] in module addsub_mult_add__parameterized0 is either unconnected or has no load
WARNING: [Synth 8-7129] Port CIN[18] in module addsub_mult_add__parameterized0 is either unconnected or has no load
WARNING: [Synth 8-7129] Port CIN[17] in module addsub_mult_add__parameterized0 is either unconnected or has no load
WARNING: [Synth 8-7129] Port CIN[16] in module addsub_mult_add__parameterized0 is either unconnected or has no load
WARNING: [Synth 8-7129] Port CIN[15] in module addsub_mult_add__parameterized0 is either unconnected or has no load
WARNING: [Synth 8-7129] Port CIN[14] in module addsub_mult_add__parameterized0 is either unconnected or has no load
WARNING: [Synth 8-7129] Port CIN[13] in module addsub_mult_add__parameterized0 is either unconnected or has no load
WARNING: [Synth 8-7129] Port CIN[12] in module addsub_mult_add__parameterized0 is either unconnected or has no load
WARNING: [Synth 8-7129] Port CIN[11] in module addsub_mult_add__parameterized0 is either unconnected or has no load
WARNING: [Synth 8-7129] Port CIN[10] in module addsub_mult_add__parameterized0 is either unconnected or has no load
WARNING: [Synth 8-7129] Port CIN[9] in module addsub_mult_add__parameterized0 is either unconnected or has no load
WARNING: [Synth 8-7129] Port CIN[8] in module addsub_mult_add__parameterized0 is either unconnected or has no load
WARNING: [Synth 8-7129] Port CIN[7] in module addsub_mult_add__parameterized0 is either unconnected or has no load
WARNING: [Synth 8-7129] Port CIN[6] in module addsub_mult_add__parameterized0 is either unconnected or has no load
WARNING: [Synth 8-7129] Port CIN[5] in module addsub_mult_add__parameterized0 is either unconnected or has no load
WARNING: [Synth 8-7129] Port CIN[4] in module addsub_mult_add__parameterized0 is either unconnected or has no load
WARNING: [Synth 8-7129] Port CIN[3] in module addsub_mult_add__parameterized0 is either unconnected or has no load
WARNING: [Synth 8-7129] Port CIN[2] in module addsub_mult_add__parameterized0 is either unconnected or has no load
WARNING: [Synth 8-7129] Port CIN[1] in module addsub_mult_add__parameterized0 is either unconnected or has no load
WARNING: [Synth 8-7129] Port CIN[0] in module addsub_mult_add__parameterized0 is either unconnected or has no load
WARNING: [Synth 8-7129] Port PIN[fab][57] in module addsub_mult_add__parameterized0 is either unconnected or has no load
WARNING: [Synth 8-7129] Port PIN[fab][56] in module addsub_mult_add__parameterized0 is either unconnected or has no load
WARNING: [Synth 8-7129] Port PIN[fab][55] in module addsub_mult_add__parameterized0 is either unconnected or has no load
WARNING: [Synth 8-7129] Port PIN[fab][54] in module addsub_mult_add__parameterized0 is either unconnected or has no load
WARNING: [Synth 8-7129] Port PIN[fab][53] in module addsub_mult_add__parameterized0 is either unconnected or has no load
WARNING: [Synth 8-7129] Port PIN[fab][52] in module addsub_mult_add__parameterized0 is either unconnected or has no load
WARNING: [Synth 8-7129] Port PIN[fab][51] in module addsub_mult_add__parameterized0 is either unconnected or has no load
WARNING: [Synth 8-7129] Port PIN[fab][50] in module addsub_mult_add__parameterized0 is either unconnected or has no load
WARNING: [Synth 8-7129] Port PIN[fab][49] in module addsub_mult_add__parameterized0 is either unconnected or has no load
WARNING: [Synth 8-7129] Port PIN[fab][48] in module addsub_mult_add__parameterized0 is either unconnected or has no load
INFO: [Common 17-14] Message 'Synth 8-7129' appears 100 times and further instances of the messages will be disabled. Use the Tcl command set_msg_config to change the current settings.
---------------------------------------------------------------------------------
Finished RTL Elaboration : Time (s): cpu = 00:00:03 ; elapsed = 00:00:13 . Memory (MB): peak = 1555.711 ; gain = 629.512
---------------------------------------------------------------------------------
---------------------------------------------------------------------------------
Start Handling Custom Attributes
---------------------------------------------------------------------------------
---------------------------------------------------------------------------------
Finished Handling Custom Attributes : Time (s): cpu = 00:00:03 ; elapsed = 00:00:13 . Memory (MB): peak = 1555.711 ; gain = 629.512
---------------------------------------------------------------------------------
---------------------------------------------------------------------------------
Finished RTL Optimization Phase 1 : Time (s): cpu = 00:00:03 ; elapsed = 00:00:13 . Memory (MB): peak = 1555.711 ; gain = 629.512
---------------------------------------------------------------------------------
Netlist sorting complete. Time (s): cpu = 00:00:00 ; elapsed = 00:00:00.118 . Memory (MB): peak = 1555.711 ; gain = 0.000
INFO: [Netlist 29-17] Analyzing 16 Unisim elements for replacement
INFO: [Netlist 29-28] Unisim Transformation completed in 0 CPU seconds
INFO: [Project 1-570] Preparing netlist for logic optimization

Processing XDC Constraints
Initializing timing engine
Parsing XDC File [d:/Xilinx/Project/200t/Quadrature_Demodulation/Quadrature_Demodulation.gen/sources_1/ip/fir_compiler_1/fir_compiler_1_ooc.xdc] for cell 'U0'
Finished Parsing XDC File [d:/Xilinx/Project/200t/Quadrature_Demodulation/Quadrature_Demodulation.gen/sources_1/ip/fir_compiler_1/fir_compiler_1_ooc.xdc] for cell 'U0'
Parsing XDC File [d:/Xilinx/Project/200t/Quadrature_Demodulation/Quadrature_Demodulation.gen/sources_1/ip/fir_compiler_1/constraints/fir_compiler_v7_2.xdc] for cell 'U0'
Finished Parsing XDC File [d:/Xilinx/Project/200t/Quadrature_Demodulation/Quadrature_Demodulation.gen/sources_1/ip/fir_compiler_1/constraints/fir_compiler_v7_2.xdc] for cell 'U0'
Parsing XDC File [D:/Xilinx/Project/200t/Quadrature_Demodulation/Quadrature_Demodulation.runs/fir_compiler_1_synth_1/dont_touch.xdc]
Finished Parsing XDC File [D:/Xilinx/Project/200t/Quadrature_Demodulation/Quadrature_Demodulation.runs/fir_compiler_1_synth_1/dont_touch.xdc]
Completed Processing XDC Constraints

Netlist sorting complete. Time (s): cpu = 00:00:00 ; elapsed = 00:00:00.001 . Memory (MB): peak = 1555.711 ; gain = 0.000
INFO: [Project 1-111] Unisim Transformation Summary:
No Unisim elements were transformed.

Constraint Validation Runtime : Time (s): cpu = 00:00:00 ; elapsed = 00:00:00.055 . Memory (MB): peak = 1555.711 ; gain = 0.000
INFO: [Designutils 20-5008] Incremental synthesis strategy off
---------------------------------------------------------------------------------
Finished Constraint Validation : Time (s): cpu = 00:00:06 ; elapsed = 00:00:22 . Memory (MB): peak = 1555.711 ; gain = 629.512
---------------------------------------------------------------------------------
---------------------------------------------------------------------------------
Start Loading Part and Timing Information
---------------------------------------------------------------------------------
Loading part: xc7a200tfbg484-1
---------------------------------------------------------------------------------
Finished Loading Part and Timing Information : Time (s): cpu = 00:00:06 ; elapsed = 00:00:22 . Memory (MB): peak = 1555.711 ; gain = 629.512
---------------------------------------------------------------------------------
---------------------------------------------------------------------------------
Start Applying 'set_property' XDC Constraints
---------------------------------------------------------------------------------
Applied set_property KEEP_HIERARCHY = SOFT for U0. (constraint file  D:/Xilinx/Project/200t/Quadrature_Demodulation/Quadrature_Demodulation.runs/fir_compiler_1_synth_1/dont_touch.xdc, line 9).
---------------------------------------------------------------------------------
Finished applying 'set_property' XDC Constraints : Time (s): cpu = 00:00:06 ; elapsed = 00:00:22 . Memory (MB): peak = 1555.711 ; gain = 629.512
---------------------------------------------------------------------------------
---------------------------------------------------------------------------------
Finished RTL Optimization Phase 2 : Time (s): cpu = 00:00:07 ; elapsed = 00:00:23 . Memory (MB): peak = 1555.711 ; gain = 629.512
---------------------------------------------------------------------------------
---------------------------------------------------------------------------------
Start RTL Component Statistics 
---------------------------------------------------------------------------------
---------------------------------------------------------------------------------
Finished RTL Component Statistics 
---------------------------------------------------------------------------------
---------------------------------------------------------------------------------
Start Part Resource Summary
---------------------------------------------------------------------------------
Part Resources:
DSPs: 740 (col length:100)
BRAMs: 730 (col length: RAMB18 100 RAMB36 50)
---------------------------------------------------------------------------------
Finished Part Resource Summary
---------------------------------------------------------------------------------
---------------------------------------------------------------------------------
Start Cross Boundary and Area Optimization
---------------------------------------------------------------------------------
WARNING: [Synth 8-7080] Parallel synthesis criteria is not met
---------------------------------------------------------------------------------
Finished Cross Boundary and Area Optimization : Time (s): cpu = 00:00:08 ; elapsed = 00:00:25 . Memory (MB): peak = 1555.711 ; gain = 629.512
---------------------------------------------------------------------------------
---------------------------------------------------------------------------------
Start Applying XDC Timing Constraints
---------------------------------------------------------------------------------
---------------------------------------------------------------------------------
Finished Applying XDC Timing Constraints : Time (s): cpu = 00:00:10 ; elapsed = 00:00:32 . Memory (MB): peak = 1555.711 ; gain = 629.512
---------------------------------------------------------------------------------
---------------------------------------------------------------------------------
Start Timing Optimization
---------------------------------------------------------------------------------
---------------------------------------------------------------------------------
Finished Timing Optimization : Time (s): cpu = 00:00:10 ; elapsed = 00:00:32 . Memory (MB): peak = 1555.711 ; gain = 629.512
---------------------------------------------------------------------------------
---------------------------------------------------------------------------------
Start Technology Mapping
---------------------------------------------------------------------------------
---------------------------------------------------------------------------------
Finished Technology Mapping : Time (s): cpu = 00:00:10 ; elapsed = 00:00:32 . Memory (MB): peak = 1555.711 ; gain = 629.512
---------------------------------------------------------------------------------
---------------------------------------------------------------------------------
Start IO Insertion
---------------------------------------------------------------------------------
---------------------------------------------------------------------------------
Start Flattening Before IO Insertion
---------------------------------------------------------------------------------
---------------------------------------------------------------------------------
Finished Flattening Before IO Insertion
---------------------------------------------------------------------------------
---------------------------------------------------------------------------------
Start Final Netlist Cleanup
---------------------------------------------------------------------------------
---------------------------------------------------------------------------------
Finished Final Netlist Cleanup
---------------------------------------------------------------------------------
---------------------------------------------------------------------------------
Finished IO Insertion : Time (s): cpu = 00:00:11 ; elapsed = 00:00:35 . Memory (MB): peak = 1555.711 ; gain = 629.512
---------------------------------------------------------------------------------
---------------------------------------------------------------------------------
Start Renaming Generated Instances
---------------------------------------------------------------------------------
---------------------------------------------------------------------------------
Finished Renaming Generated Instances : Time (s): cpu = 00:00:11 ; elapsed = 00:00:35 . Memory (MB): peak = 1555.711 ; gain = 629.512
---------------------------------------------------------------------------------
---------------------------------------------------------------------------------
Start Rebuilding User Hierarchy
---------------------------------------------------------------------------------
---------------------------------------------------------------------------------
Finished Rebuilding User Hierarchy : Time (s): cpu = 00:00:11 ; elapsed = 00:00:35 . Memory (MB): peak = 1555.711 ; gain = 629.512
---------------------------------------------------------------------------------
---------------------------------------------------------------------------------
Start Renaming Generated Ports
---------------------------------------------------------------------------------
---------------------------------------------------------------------------------
Finished Renaming Generated Ports : Time (s): cpu = 00:00:11 ; elapsed = 00:00:35 . Memory (MB): peak = 1555.711 ; gain = 629.512
---------------------------------------------------------------------------------
---------------------------------------------------------------------------------
Start Handling Custom Attributes
---------------------------------------------------------------------------------
---------------------------------------------------------------------------------
Finished Handling Custom Attributes : Time (s): cpu = 00:00:11 ; elapsed = 00:00:35 . Memory (MB): peak = 1555.711 ; gain = 629.512
---------------------------------------------------------------------------------
---------------------------------------------------------------------------------
Start Renaming Generated Nets
---------------------------------------------------------------------------------
---------------------------------------------------------------------------------
Finished Renaming Generated Nets : Time (s): cpu = 00:00:11 ; elapsed = 00:00:35 . Memory (MB): peak = 1555.711 ; gain = 629.512
---------------------------------------------------------------------------------
---------------------------------------------------------------------------------
Start Writing Synthesis Report
---------------------------------------------------------------------------------

DSP Final Report (the ' indicates corresponding REG is set)
+------------+------------------------+--------+--------+--------+--------+--------+------+------+------+------+-------+------+------+
|Module Name | DSP Mapping            | A Size | B Size | C Size | D Size | P Size | AREG | BREG | CREG | DREG | ADREG | MREG | PREG | 
+------------+------------------------+--------+--------+--------+--------+--------+------+------+------+------+-------+------+------+
|calc_57     | (PCIN+((D'+A')'*B')')' | 30     | 12     | -      | 25     | 48     | 1    | 1    | -    | 1    | 1     | 1    | 1    | 
|calc_56     | (PCIN+((D'+A')'*B')')' | 30     | 15     | -      | 25     | 48     | 1    | 1    | -    | 1    | 1     | 1    | 1    | 
|calc_55     | (PCIN+((D'+A')'*B')')' | 30     | 15     | -      | 25     | 48     | 1    | 1    | -    | 1    | 1     | 1    | 1    | 
|calc_54     | (PCIN+((D'+A')'*B')')' | 30     | 15     | -      | 25     | 48     | 1    | 1    | -    | 1    | 1     | 1    | 1    | 
|calc_53     | (PCIN+((D'+A')'*B')')' | 30     | 15     | -      | 25     | 48     | 1    | 1    | -    | 1    | 1     | 1    | 1    | 
|calc_52     | (PCIN+((D'+A')'*B')')' | 30     | 15     | -      | 25     | 48     | 1    | 1    | -    | 1    | 1     | 1    | 1    | 
|calc_51     | (C'+((D'+B')')'        | -      | 15     | 0      | 25     | 48     | -    | 1    | 1    | 1    | 1     | 1    | 1    | 
|calc_50     | (PCIN+((D'+A')'*B')')' | 30     | 12     | -      | 25     | 48     | 1    | 1    | -    | 1    | 1     | 1    | 1    | 
|calc_49     | (PCIN+((D'+A')'*B')')' | 30     | 12     | -      | 25     | 48     | 1    | 1    | -    | 1    | 1     | 1    | 1    | 
|calc_48     | (PCIN+((D'+A')'*B')')' | 30     | 13     | -      | 25     | 48     | 1    | 1    | -    | 1    | 1     | 1    | 1    | 
|calc_47     | (PCIN+((D'+A')'*B')')' | 30     | 13     | -      | 25     | 48     | 1    | 1    | -    | 1    | 1     | 1    | 1    | 
|calc_46     | (PCIN+((D'+A')'*B')')' | 30     | 14     | -      | 25     | 48     | 1    | 1    | -    | 1    | 1     | 1    | 1    | 
|calc_45     | (PCIN+((D'+A')'*B')')' | 30     | 14     | -      | 25     | 48     | 1    | 1    | -    | 1    | 1     | 1    | 1    | 
|calc_44     | (PCIN+((D'+A')'*B')')' | 30     | 14     | -      | 25     | 48     | 1    | 1    | -    | 1    | 1     | 1    | 1    | 
|calc_43     | (PCIN+((D'+A')'*B')')' | 30     | 15     | -      | 25     | 48     | 1    | 1    | -    | 1    | 1     | 1    | 1    | 
|calc        | (PCIN+((D'+A')'*B')')' | 30     | 15     | -      | 25     | 48     | 1    | 1    | -    | 1    | 1     | 1    | 1    | 
+------------+------------------------+--------+--------+--------+--------+--------+------+------+------+------+-------+------+------+


Report BlackBoxes: 
+-+--------------+----------+
| |BlackBox name |Instances |
+-+--------------+----------+
+-+--------------+----------+

Report Cell Usage: 
+------+--------+------+
|      |Cell    |Count |
+------+--------+------+
|1     |DSP48E1 |    16|
|2     |LUT2    |     1|
|3     |LUT3    |     1|
|4     |LUT4    |     4|
|5     |LUT5    |     1|
|6     |LUT6    |     3|
|7     |SRL16E  |   480|
|8     |SRLC32E |     1|
|9     |FDRE    |   830|
+------+--------+------+
---------------------------------------------------------------------------------
Finished Writing Synthesis Report : Time (s): cpu = 00:00:11 ; elapsed = 00:00:35 . Memory (MB): peak = 1555.711 ; gain = 629.512
---------------------------------------------------------------------------------
Synthesis finished with 0 errors, 0 critical warnings and 332 warnings.
Synthesis Optimization Runtime : Time (s): cpu = 00:00:07 ; elapsed = 00:00:31 . Memory (MB): peak = 1555.711 ; gain = 629.512
Synthesis Optimization Complete : Time (s): cpu = 00:00:11 ; elapsed = 00:00:35 . Memory (MB): peak = 1555.711 ; gain = 629.512
INFO: [Project 1-571] Translating synthesized netlist
Netlist sorting complete. Time (s): cpu = 00:00:00 ; elapsed = 00:00:00.048 . Memory (MB): peak = 1555.711 ; gain = 0.000
INFO: [Netlist 29-17] Analyzing 16 Unisim elements for replacement
INFO: [Netlist 29-28] Unisim Transformation completed in 0 CPU seconds
INFO: [Project 1-570] Preparing netlist for logic optimization
INFO: [Opt 31-138] Pushed 0 inverter(s) to 0 load pin(s).
Netlist sorting complete. Time (s): cpu = 00:00:00 ; elapsed = 00:00:00.001 . Memory (MB): peak = 1555.711 ; gain = 0.000
INFO: [Project 1-111] Unisim Transformation Summary:
No Unisim elements were transformed.

Synth Design complete | Checksum: f670276a
INFO: [Common 17-83] Releasing license: Synthesis
43 Infos, 101 Warnings, 0 Critical Warnings and 0 Errors encountered.
synth_design completed successfully
synth_design: Time (s): cpu = 00:00:13 ; elapsed = 00:00:42 . Memory (MB): peak = 1555.711 ; gain = 1065.961
INFO: [Common 17-1381] The checkpoint 'D:/Xilinx/Project/200t/Quadrature_Demodulation/Quadrature_Demodulation.runs/fir_compiler_1_synth_1/fir_compiler_1.dcp' has been generated.
INFO: [Coretcl 2-1648] Added synthesis output to IP cache for IP fir_compiler_1, cache-ID = 77d2f2bb784ea92c
INFO: [Coretcl 2-1174] Renamed 115 cell refs.
INFO: [Common 17-1381] The checkpoint 'D:/Xilinx/Project/200t/Quadrature_Demodulation/Quadrature_Demodulation.runs/fir_compiler_1_synth_1/fir_compiler_1.dcp' has been generated.
INFO: [runtcl-4] Executing : report_utilization -file fir_compiler_1_utilization_synth.rpt -pb fir_compiler_1_utilization_synth.pb
INFO: [Common 17-206] Exiting Vivado at Mon Mar 11 15:32:39 2024...
